<html>
<body>
<pre>
<h1>�Vision Build Log</h1>
<h2>Tool Versions:</h2>
IDE-Version: ��Vision V5.40.0.0
Copyright (C) 2024 ARM Ltd and ARM Germany GmbH. All rights reserved.
License Information: A Admin, sb, LIC=UJWP0-BKMRF-GK8BG-VYBSK-KZDPK-H0WBG
 
Tool Versions:
Toolchain:       MDK-ARM Plus  Version: 5.40.0.3
Toolchain Path:  D:\Keilv5\ARM\ARMCLANG\Bin
C Compiler:      ArmClang.exe V6.22
Assembler:       Armasm.exe V6.22
Linker/Locator:  ArmLink.exe V6.22
Library Manager: ArmAr.exe V6.22
Hex Converter:   FromElf.exe V6.22
CPU DLL:         SARMCM3.DLL V5.40.0.3
Dialog DLL:      DCM.DLL V1.17.5.0
Target DLL:      STLink\ST-LINKIII-KEIL_SWO.dll V3.3.0.0
Dialog DLL:      TCM.DLL V1.56.4.0
 
<h2>Project:</h2>
C:\Users\admin\Desktop\H_FOC_V2.0\Code\H_FOC V2.0\MDK-ARM\H_FOC V2.0.uvprojx
Project File Date:  12/30/2025

<h2>Output:</h2>
*** Using Compiler 'V6.22', folder: 'D:\Keilv5\ARM\ARMCLANG\Bin'
Build target 'H_FOC V2.0'
compiling fmac.c...
compiling FOC_Init.c...
compiling spi.c...
compiling gpio.c...
compiling fdcan.c...
compiling main.c...
compiling stm32g4xx_it.c...
compiling stm32g4xx_hal_msp.c...
compiling dac.c...
../APP/foc_control.c(1): warning: In file included from...
../APP\foc_control.h(6): warning: In file included from...
../Core/Inc\main.h(9): warning: In file included from...
../APP\FOC_Init.h(33): warning: In file included from...
../APP\foc_encoder.h(27): warning: In file included from...
../MID\foc_conversion.h(110): warning: inline function 'inv_park_transform_f32' is not defined [-Wundefined-inline]
  110 | extern inline void inv_park_transform_f32(foc_control_t *foc_ctrl, AlphaBetaTypeDef *alpha_beta, float32_t angle);
      |                    ^
../APP/foc_control.c(45): note: used here
   45 |     inv_park_transform_f32(&foc_ctrl, &alpha_beta, 90.0f);  //<BD><AB><B5><E7><BD>Ƕ<C8><C9><E8>Ϊ90<B6><C8>(ֱ<BD>ӵ<B1><D7><F7><C7><FD><B6><AF><B5><E7><BB><FA><BD>Ƕ<C8>)<CB><F8><B6><A8><B5><E7><BB><FA><D6><C1><C1><E3>λ
      |     ^
../APP/foc_control.c(1): warning: In file included from...
../APP\foc_control.h(6): warning: In file included from...
../Core/Inc\main.h(9): warning: In file included from...
../APP\FOC_Init.h(33): warning: In file included from...
../APP\foc_encoder.h(27): warning: In file included from...
../MID\foc_conversion.h(88): warning: inline function 'svpwm_sector_calc' is not defined [-Wundefined-inline]
   88 | extern inline uint8_t svpwm_sector_calc(AlphaBetaTypeDef *alpha_beta);
      |                       ^
../APP/foc_control.c(46): note: used here
   46 |     svpwm.sector = svpwm_sector_calc(&alpha_beta);
      |                    ^
../APP/foc_control.c(1): warning: In file included from...
../APP\foc_control.h(6): warning: In file included from...
../Core/Inc\main.h(9): warning: In file included from...
../APP\FOC_Init.h(33): warning: In file included from...
../APP\foc_encoder.h(27): warning: In file included from...
../MID\foc_conversion.h(96): warning: inline function 'svpwm_calc_times' is not defined [-Wundefined-inline]
   96 | extern inline void svpwm_calc_times(AlphaBetaTypeDef *alpha_beta, SVPWM_t *svpwm, float32_t vdc);
      |                    ^
../APP/foc_control.c(47): note: used here
   47 |     svpwm_calc_times(&alpha_beta, &svpwm, 13.0f);  // <BC><D9><C9><E8>ĸ<CF>ߵ<E7>ѹΪ13V
      |     ^
../APP/foc_control.c(1): warning: In file included from...
../APP\foc_control.h(6): warning: In file included from...
../Core/Inc\main.h(9): warning: In file included from...
../APP\FOC_Init.h(33): warning: In file included from...
../APP\foc_encoder.h(27): warning: In file included from...
../MID\foc_conversion.h(102): warning: inline function 'svpwm_duty_calc' is not defined [-Wundefined-inline]
  102 | extern inline void svpwm_duty_calc(SVPWM_t *svpwm);
      |                    ^
../APP/foc_control.c(48): note: used here
   48 |     svpwm_duty_calc(&svpwm);
      |     ^
../APP/foc_control.c(1): warning: In file included from...
../APP\foc_control.h(6): warning: In file included from...
../Core/Inc\main.h(9): warning: In file included from...
../APP\FOC_Init.h(33): warning: In file included from...
../APP\foc_encoder.h(27): warning: In file included from...
../MID\foc_conversion.h(118): warning: inline function 'clark_transform' is not defined [-Wundefined-inline]
  118 | extern inline void clark_transform(void *abc_i, void *abc_v, AlphaBetaTypeDef *alpha_beta);
      |                    ^
../APP/foc_control.c(78): note: used here
   78 |     clark_transform(&foc_current_data,&foc_voltage_data, &alpha_beta);
      |     ^
../APP/foc_control.c(1): warning: In file included from...
../APP\foc_control.h(6): warning: In file included from...
../Core/Inc\main.h(9): warning: In file included from...
../APP\FOC_Init.h(33): warning: In file included from...
../APP\foc_encoder.h(27): warning: In file included from...
../MID\foc_conversion.h(125): warning: inline function 'park_transform' is not defined [-Wundefined-inline]
  125 | extern inline void park_transform(AlphaBetaTypeDef *alpha_beta, foc_control_t *foc_ctrl);
      |                    ^
../APP/foc_control.c(80): note: used here
   80 |     park_transform(&alpha_beta, &foc_ctrl);
      |     ^
../APP/foc_control.c(1): warning: In file included from...
../APP\foc_control.h(6): warning: In file included from...
../Core/Inc\main.h(9): warning: In file included from...
../APP\FOC_Init.h(33): warning: In file included from...
../APP\foc_encoder.h(27): warning: In file included from...
../MID\foc_conversion.h(81): warning: inline function 'angle_normalize_360' is not defined [-Wundefined-inline]
   81 | extern inline float32_t angle_normalize_360(float32_t angle);
      |                         ^
../APP/foc_control.c(89): note: used here
   89 |     angle_accum = angle_normalize_360(angle_accum);
      |                   ^
../APP/foc_control.c(1): warning: In file included from...
../APP\foc_control.h(6): warning: In file included from...
../Core/Inc\main.h(9): warning: In file included from...
../APP\FOC_Init.h(33): warning: In file included from...
../APP\foc_encoder.h(27): warning: In file included from...
../MID\foc_conversion.h(141): warning: inline function 'foc_id_pid_calculate' is not defined [-Wundefined-inline]
  141 | extern inline float32_t foc_id_pid_calculate(float32_t target_id, float32_t actual_id);
      |                         ^
../APP/foc_control.c(122): note: used here
  122 |     foc_ctrl.out_d = foc_id_pid_calculate(foc_ctrl.target_d, foc_ctrl.abc_dq.current_d);
      |                      ^
../APP/foc_control.c(1): warning: In file included from...
../APP\foc_control.h(6): warning: In file included from...
../Core/Inc\main.h(9): warning: In file included from...
../APP\FOC_Init.h(33): warning: In file included from...
../APP\foc_encoder.h(27): warning: In file included from...
../MID\foc_conversion.h(149): warning: inline function 'foc_iq_pid_calculate' is not defined [-Wundefined-inline]
  149 | extern inline float32_t foc_iq_pid_calculate(float32_t target_iq, float32_t actual_iq);
      |                         ^
../APP/foc_control.c(123): note: used here
  123 |     foc_ctrl.out_q = foc_iq_pid_calculate(foc_ctrl.target_q, foc_ctrl.abc_dq.current_q);
      |                      ^
../APP/foc_control.c(1): warning: In file included from...
../APP\foc_control.h(6): warning: In file included from...
../Core/Inc\main.h(9): warning: In file included from...
../APP\FOC_Init.h(33): warning: In file included from...
../APP\foc_encoder.h(27): warning: In file included from...
../MID\foc_conversion.h(157): warning: inline function 'foc_speed_pid_calculate' is not defined [-Wundefined-inline]
  157 | extern inline float32_t foc_speed_pid_calculate(float32_t target_speed, float32_t actual_speed);
      |                         ^
../APP/foc_control.c(153): note: used here
  153 |     foc_ctrl.target_q = foc_speed_pid_calculate(target_speed, encoder_data.mechanical_speed);
      |                         ^
../APP/foc_control.c(1): warning: In file included from...
../APP\foc_control.h(6): warning: In file included from...
../Core/Inc\main.h(9): warning: In file included from...
../APP\FOC_Init.h(33): warning: In file included from...
../APP\foc_encoder.h(27): warning: In file included from...
../MID\foc_conversion.h(165): warning: inline function 'foc_position_pid_calculate' is not defined [-Wundefined-inline]
  165 | extern inline float32_t foc_position_pid_calculate(float32_t target_position, float32_t current_position);
      |                         ^
../APP/foc_control.c(174): note: used here
  174 |     foc_ctrl.target_q = -foc_position_pid_calculate(target_position, encoder_data.mechanical_angle);
      |                          ^
11 warnings generated.
compiling foc_control.c...
compiling cordic.c...
compiling tim.c...
compiling usart.c...
../Core/Src/adc.c(14): warning: 'V_REF' macro redefined [-Wmacro-redefined]
   14 | #define V_REF       3.3f     // 参考电压（与电路电源一致）
      |         ^
../APP\Config.h(65): note: previous definition is here
   65 | #define V_REF               1.65f    // REF1 <D2><FD><BD>ŵ<E7>ѹ3.3V<A3><AC><B5><A5>λ<A3><BA>V
      |         ^
1 warning generated.
compiling adc.c...
../APP/foc_encoder.c(21): warning: In file included from...
../APP\foc_encoder.h(24): warning: In file included from...
../Core/Inc\spi.h(29): warning: In file included from...
../Core/Inc\main.h(10): warning: In file included from...
../APP\foc_control.h(10): warning: In file included from...
../MID\foc_conversion.h(81): warning: inline function 'angle_normalize_360' is not defined [-Wundefined-inline]
   81 | extern inline float32_t angle_normalize_360(float32_t angle);
      |                         ^
../APP/foc_encoder.c(250): note: used here
  250 |     encoder_data.electrical_angle = angle_normalize_360(DIRECTION_CW * encoder_data.angle_raw_scaled * MOTOR_POLE_PAIRS);
      |                                     ^
1 warning generated.
compiling foc_encoder.c...
compiling foc_setting.c...
compiling foc_conversion.c...
linking...
Program Size: Code=20904 RO-data=2660 RW-data=16 ZI-data=1856  
FromELF: creating hex file...
"H_FOC V2.0\H_FOC V2.0" - 0 Error(s), 13 Warning(s).

<h2>Software Packages used:</h2>

Package Vendor: ARM
                https://www.keil.com/pack/ARM.CMSIS.6.1.0.pack
                ARM::CMSIS@6.1.0
                CMSIS (Common Microcontroller Software Interface Standard)
   * Component: CORE Version: 6.1.0

Package Vendor: Keil
                https://www.keil.com/pack/Keil.STM32G4xx_DFP.2.0.0.pack
                Keil::STM32G4xx_DFP@2.0.0
                STMicroelectronics STM32G4 Series Device Support

<h2>Collection of Component include folders:</h2>
  ./RTE/_H_FOC_V2.0
  D:/Keilv5/ARM/PACK/ARM/CMSIS/6.1.0/CMSIS/Core/Include

<h2>Collection of Component Files used:</h2>

   * Component: ARM::CMSIS:CORE@6.1.0
      Include file:  CMSIS/Core/Include/tz_context.h
Build Time Elapsed:  00:00:03
</pre>
</body>
</html>
