Component: Arm Compiler for Embedded 6.22 Tool: armlink [5ee90200]

==============================================================================

Section Cross References

    startup_stm32g431xx.o(RESET) refers to startup_stm32g431xx.o(STACK) for __initial_sp
    startup_stm32g431xx.o(RESET) refers to startup_stm32g431xx.o(.text) for Reset_Handler
    startup_stm32g431xx.o(RESET) refers to stm32g4xx_it.o(.text.NMI_Handler) for NMI_Handler
    startup_stm32g431xx.o(RESET) refers to stm32g4xx_it.o(.text.HardFault_Handler) for HardFault_Handler
    startup_stm32g431xx.o(RESET) refers to stm32g4xx_it.o(.text.MemManage_Handler) for MemManage_Handler
    startup_stm32g431xx.o(RESET) refers to stm32g4xx_it.o(.text.BusFault_Handler) for BusFault_Handler
    startup_stm32g431xx.o(RESET) refers to stm32g4xx_it.o(.text.UsageFault_Handler) for UsageFault_Handler
    startup_stm32g431xx.o(RESET) refers to stm32g4xx_it.o(.text.SVC_Handler) for SVC_Handler
    startup_stm32g431xx.o(RESET) refers to stm32g4xx_it.o(.text.DebugMon_Handler) for DebugMon_Handler
    startup_stm32g431xx.o(RESET) refers to stm32g4xx_it.o(.text.PendSV_Handler) for PendSV_Handler
    startup_stm32g431xx.o(RESET) refers to stm32g4xx_it.o(.text.SysTick_Handler) for SysTick_Handler
    startup_stm32g431xx.o(RESET) refers to adc.o(.text.ADC1_2_IRQHandler) for ADC1_2_IRQHandler
    startup_stm32g431xx.o(RESET) refers to stm32g4xx_it.o(.text.FDCAN1_IT0_IRQHandler) for FDCAN1_IT0_IRQHandler
    startup_stm32g431xx.o(.text) refers to system_stm32g4xx.o(.text.SystemInit) for SystemInit
    startup_stm32g431xx.o(.text) refers to entry.o(.ARM.Collect$$$$00000000) for __main
    main.o(.text.main) refers to foc_init.o(.text.FOC_Init) for FOC_Init
    main.o(.text.main) refers to usart.o(.text.debug_log) for debug_log
    main.o(.text.main) refers to foc_encoder.o(.text.encoder_init) for encoder_init
    main.o(.text.main) refers to spi.o(.text.MX_SPI2_Init) for MX_SPI2_Init
    main.o(.text.main) refers to main.o(.bss.encoder_data) for encoder_data
    main.o(.text.main) refers to main.o(.rodata.str1.1) for .L.str.3
    main.o(.text.main) refers to foc_encoder.o(.text.encoder_clear_error) for encoder_clear_error
    main.o(.text.main) refers to stm32g4xx_hal.o(.text.HAL_Delay) for HAL_Delay
    main.o(.text.main) refers to foc_encoder.o(.text.encoder_read_data) for encoder_read_data
    main.o(.text.main) refers to f2d.o(.text) for __aeabi_f2d
    main.o(.ARM.exidx.text.main) refers to main.o(.text.main) for [Anonymous Symbol]
    main.o(.ARM.exidx.text.Error_Handler) refers to main.o(.text.Error_Handler) for [Anonymous Symbol]
    gpio.o(.text.MX_GPIO_Init) refers to stm32g4xx_ll_gpio.o(.text.LL_GPIO_Init) for LL_GPIO_Init
    gpio.o(.ARM.exidx.text.MX_GPIO_Init) refers to gpio.o(.text.MX_GPIO_Init) for [Anonymous Symbol]
    adc.o(.text.MX_ADC1_Init) refers to stm32g4xx_ll_gpio.o(.text.LL_GPIO_Init) for LL_GPIO_Init
    adc.o(.text.MX_ADC1_Init) refers to stm32g4xx_ll_adc.o(.text.LL_ADC_Init) for LL_ADC_Init
    adc.o(.text.MX_ADC1_Init) refers to stm32g4xx_ll_adc.o(.text.LL_ADC_REG_Init) for LL_ADC_REG_Init
    adc.o(.text.MX_ADC1_Init) refers to stm32g4xx_ll_adc.o(.text.LL_ADC_CommonInit) for LL_ADC_CommonInit
    adc.o(.text.MX_ADC1_Init) refers to stm32g4xx_ll_adc.o(.text.LL_ADC_INJ_Init) for LL_ADC_INJ_Init
    adc.o(.ARM.exidx.text.MX_ADC1_Init) refers to adc.o(.text.MX_ADC1_Init) for [Anonymous Symbol]
    adc.o(.text.MX_ADC2_Init) refers to stm32g4xx_ll_gpio.o(.text.LL_GPIO_Init) for LL_GPIO_Init
    adc.o(.text.MX_ADC2_Init) refers to stm32g4xx_ll_adc.o(.text.LL_ADC_Init) for LL_ADC_Init
    adc.o(.text.MX_ADC2_Init) refers to stm32g4xx_ll_adc.o(.text.LL_ADC_REG_Init) for LL_ADC_REG_Init
    adc.o(.text.MX_ADC2_Init) refers to stm32g4xx_ll_adc.o(.text.LL_ADC_INJ_Init) for LL_ADC_INJ_Init
    adc.o(.ARM.exidx.text.MX_ADC2_Init) refers to adc.o(.text.MX_ADC2_Init) for [Anonymous Symbol]
    adc.o(.text.ADC1_2_IRQHandler) refers to adc.o(.bss..L_MergedGlobals.20) for .L_MergedGlobals.20
    adc.o(.text.ADC1_2_IRQHandler) refers to adc.o(.data..L_MergedGlobals) for .L_MergedGlobals
    adc.o(.text.ADC1_2_IRQHandler) refers to foc_control.o(.text.foc_open_loop_control) for foc_open_loop_control
    adc.o(.ARM.exidx.text.ADC1_2_IRQHandler) refers to adc.o(.text.ADC1_2_IRQHandler) for [Anonymous Symbol]
    adc.o(.text.bsp_adc_get_raw_data) refers to adc.o(.bss..L_MergedGlobals.20) for .L_MergedGlobals.20
    adc.o(.ARM.exidx.text.bsp_adc_get_raw_data) refers to adc.o(.text.bsp_adc_get_raw_data) for [Anonymous Symbol]
    adc.o(.text.bsp_adc_get_current_data) refers to adc.o(.bss..L_MergedGlobals.20) for .L_MergedGlobals.20
    adc.o(.ARM.exidx.text.bsp_adc_get_current_data) refers to adc.o(.text.bsp_adc_get_current_data) for [Anonymous Symbol]
    cordic.o(.ARM.exidx.text.MX_CORDIC_Init) refers to cordic.o(.text.MX_CORDIC_Init) for [Anonymous Symbol]
[...]
    Removing stm32g4xx_ll_rcc.o(.ARM.exidx.text.LL_RCC_GetUARTClockFreq), (8 bytes).
    Removing stm32g4xx_ll_rcc.o(.text.LL_RCC_GetI2CClockFreq), (452 bytes).
    Removing stm32g4xx_ll_rcc.o(.ARM.exidx.text.LL_RCC_GetI2CClockFreq), (8 bytes).
    Removing stm32g4xx_ll_rcc.o(.text.LL_RCC_GetLPUARTClockFreq), (296 bytes).
    Removing stm32g4xx_ll_rcc.o(.ARM.exidx.text.LL_RCC_GetLPUARTClockFreq), (8 bytes).
    Removing stm32g4xx_ll_rcc.o(.text.LL_RCC_GetLPTIMClockFreq), (230 bytes).
    Removing stm32g4xx_ll_rcc.o(.ARM.exidx.text.LL_RCC_GetLPTIMClockFreq), (8 bytes).
    Removing stm32g4xx_ll_rcc.o(.text.LL_RCC_GetSAIClockFreq), (240 bytes).
    Removing stm32g4xx_ll_rcc.o(.ARM.exidx.text.LL_RCC_GetSAIClockFreq), (8 bytes).
    Removing stm32g4xx_ll_rcc.o(.text.LL_RCC_GetI2SClockFreq), (240 bytes).
    Removing stm32g4xx_ll_rcc.o(.ARM.exidx.text.LL_RCC_GetI2SClockFreq), (8 bytes).
    Removing stm32g4xx_ll_rcc.o(.text.LL_RCC_GetFDCANClockFreq), (280 bytes).
    Removing stm32g4xx_ll_rcc.o(.ARM.exidx.text.LL_RCC_GetFDCANClockFreq), (8 bytes).
    Removing stm32g4xx_ll_rcc.o(.text.LL_RCC_GetRNGClockFreq), (132 bytes).
    Removing stm32g4xx_ll_rcc.o(.ARM.exidx.text.LL_RCC_GetRNGClockFreq), (8 bytes).
    Removing stm32g4xx_ll_rcc.o(.text.LL_RCC_GetUSBClockFreq), (132 bytes).
    Removing stm32g4xx_ll_rcc.o(.ARM.exidx.text.LL_RCC_GetUSBClockFreq), (8 bytes).
    Removing stm32g4xx_ll_rcc.o(.text.LL_RCC_GetADCClockFreq), (248 bytes).
    Removing stm32g4xx_ll_rcc.o(.ARM.exidx.text.LL_RCC_GetADCClockFreq), (8 bytes).
    Removing system_stm32g4xx.o(.text), (0 bytes).
    Removing system_stm32g4xx.o(.ARM.exidx.text.SystemInit), (8 bytes).
    Removing system_stm32g4xx.o(.text.SystemCoreClockUpdate), (156 bytes).
    Removing system_stm32g4xx.o(.ARM.exidx.text.SystemCoreClockUpdate), (8 bytes).
    Removing foc_init.o(.text), (0 bytes).
    Removing foc_init.o(.ARM.exidx.text.FOC_Init), (8 bytes).
    Removing foc_init.o(.ARM.exidx.text.SystemClock_Config), (8 bytes).
    Removing foc_control.o(.text), (0 bytes).
    Removing foc_control.o(.ARM.exidx.text.foc_open_loop_control), (8 bytes).
    Removing foc_control.o(.text.svpwm_get), (12 bytes).
    Removing foc_control.o(.ARM.exidx.text.svpwm_get), (8 bytes).
    Removing foc_screen.o(.text), (0 bytes).
    Removing foc_encoder.o(.text), (0 bytes).
    Removing foc_encoder.o(.text.delay_us), (56 bytes).
    Removing foc_encoder.o(.ARM.exidx.text.delay_us), (8 bytes).
    Removing foc_encoder.o(.ARM.exidx.text.encoder_init), (8 bytes).
    Removing foc_encoder.o(.text.encoder_read_raw_angle), (8 bytes).
    Removing foc_encoder.o(.ARM.exidx.text.encoder_read_raw_angle), (8 bytes).
    Removing foc_encoder.o(.ARM.exidx.text.encoder_read_reg), (8 bytes).
    Removing foc_encoder.o(.text.encoder_read_mechanical_angle), (48 bytes).
    Removing foc_encoder.o(.ARM.exidx.text.encoder_read_mechanical_angle), (8 bytes).
    Removing foc_encoder.o(.text.encoder_read_electrical_angle), (144 bytes).
    Removing foc_encoder.o(.ARM.exidx.text.encoder_read_electrical_angle), (8 bytes).
    Removing foc_encoder.o(.ARM.exidx.text.encoder_clear_error), (8 bytes).
    Removing foc_encoder.o(.text.encoder_calibrate_zero), (174 bytes).
    Removing foc_encoder.o(.ARM.exidx.text.encoder_calibrate_zero), (8 bytes).
    Removing foc_encoder.o(.text.encoder_write_reg), (486 bytes).
    Removing foc_encoder.o(.ARM.exidx.text.encoder_write_reg), (8 bytes).
    Removing foc_encoder.o(.ARM.exidx.text.encoder_read_data), (8 bytes).
    Removing foc_conversion.o(.text), (0 bytes).
    Removing foc_conversion.o(.ARM.exidx.text.angle_normalize), (8 bytes).
    Removing foc_conversion.o(.ARM.exidx.text.svpwm_sector_calc), (8 bytes).
    Removing foc_conversion.o(.ARM.exidx.text.svpwm_calc_times), (8 bytes).
    Removing foc_conversion.o(.ARM.exidx.text.svpwm_duty_calc), (8 bytes).
    Removing foc_conversion.o(.ARM.exidx.text.inv_park_transform_f32), (8 bytes).
    Removing foc_conversion.o(.text.clark_transform), (140 bytes).
    Removing foc_conversion.o(.ARM.exidx.text.clark_transform), (8 bytes).
    Removing foc_conversion.o(.text.park_transform), (84 bytes).
    Removing foc_conversion.o(.ARM.exidx.text.park_transform), (8 bytes).
    Removing foc_conversion.o(.text.abc_to_dq_current), (108 bytes).
    Removing foc_conversion.o(.ARM.exidx.text.abc_to_dq_current), (8 bytes).
    Removing foc_conversion.o(.text.foc_id_pid_calculate), (82 bytes).
    Removing foc_conversion.o(.ARM.exidx.text.foc_id_pid_calculate), (8 bytes).
    Removing foc_conversion.o(.text.foc_iq_pid_calculate), (82 bytes).
    Removing foc_conversion.o(.ARM.exidx.text.foc_iq_pid_calculate), (8 bytes).
    Removing foc_conversion.o(.text.foc_speed_pid_calculate), (82 bytes).
    Removing foc_conversion.o(.ARM.exidx.text.foc_speed_pid_calculate), (8 bytes).
    Removing foc_conversion.o(.text.foc_position_pid_calculate), (136 bytes).
    Removing foc_conversion.o(.ARM.exidx.text.foc_position_pid_calculate), (8 bytes).
    Removing foc_conversion.o(.bss.id_pid), (32 bytes).
    Removing foc_conversion.o(.bss.iq_pid), (32 bytes).
    Removing foc_conversion.o(.bss.speed_pid), (32 bytes).
    Removing foc_conversion.o(.bss.position_pid), (32 bytes).
    Removing foc_sensorless.o(.text), (0 bytes).
    Removing foc_communication.o(.text), (0 bytes).
    Removing arm_add_f32.o(.text), (0 bytes).
    Removing arm_add_f32.o(.ARM.exidx.text.arm_add_f32), (8 bytes).
    Removing arm_mult_f32.o(.text), (0 bytes).
    Removing arm_mult_f32.o(.ARM.exidx.text.arm_mult_f32), (8 bytes).
    Removing arm_negate_f32.o(.text), (0 bytes).
    Removing arm_negate_f32.o(.ARM.exidx.text.arm_negate_f32), (8 bytes).
    Removing arm_scale_f32.o(.text), (0 bytes).
    Removing arm_scale_f32.o(.ARM.exidx.text.arm_scale_f32), (8 bytes).
    Removing arm_sub_f32.o(.text), (0 bytes).
    Removing arm_sub_f32.o(.ARM.exidx.text.arm_sub_f32), (8 bytes).
    Removing arm_sin_cos_f32.o(.text), (0 bytes).
    Removing arm_sin_cos_f32.o(.ARM.exidx.text.arm_sin_cos_f32), (8 bytes).
    Removing arm_common_tables.o(.text), (0 bytes).
    Removing arm_common_tables.o(.rodata.armBitRevTable), (2048 bytes).
    Removing arm_common_tables.o(.rodata.twiddleCoefF64_16), (256 bytes).
    Removing arm_common_tables.o(.rodata.twiddleCoefF64_32), (512 bytes).
    Removing arm_common_tables.o(.rodata.twiddleCoefF64_64), (1024 bytes).
    Removing arm_common_tables.o(.rodata.twiddleCoefF64_128), (2048 bytes).
    Removing arm_common_tables.o(.rodata.twiddleCoefF64_256), (4096 bytes).
    Removing arm_common_tables.o(.rodata.twiddleCoefF64_512), (8192 bytes).
    Removing arm_common_tables.o(.rodata.twiddleCoefF64_1024), (16384 bytes).
    Removing arm_common_tables.o(.rodata.twiddleCoefF64_2048), (32768 bytes).
    Removing arm_common_tables.o(.rodata.twiddleCoefF64_4096), (65536 bytes).
    Removing arm_common_tables.o(.rodata.twiddleCoef_16), (128 bytes).
    Removing arm_common_tables.o(.rodata.twiddleCoef_32), (256 bytes).
    Removing arm_common_tables.o(.rodata.twiddleCoef_64), (512 bytes).
    Removing arm_common_tables.o(.rodata.twiddleCoef_128), (1024 bytes).
    Removing arm_common_tables.o(.rodata.twiddleCoef_256), (2048 bytes).
    Removing arm_common_tables.o(.rodata.twiddleCoef_512), (4096 bytes).
    Removing arm_common_tables.o(.rodata.twiddleCoef_1024), (8192 bytes).
    Removing arm_common_tables.o(.rodata.twiddleCoef_2048), (16384 bytes).
    Removing arm_common_tables.o(.rodata.twiddleCoef_4096), (32768 bytes).
    Removing arm_common_tables.o(.rodata.twiddleCoef_16_q31), (96 bytes).
    Removing arm_common_tables.o(.rodata.twiddleCoef_32_q31), (192 bytes).
    Removing arm_common_tables.o(.rodata.twiddleCoef_64_q31), (384 bytes).
    Removing arm_common_tables.o(.rodata.twiddleCoef_128_q31), (768 bytes).
    Removing arm_common_tables.o(.rodata.twiddleCoef_256_q31), (1536 bytes).
    Removing arm_common_tables.o(.rodata.twiddleCoef_512_q31), (3072 bytes).
    Removing arm_common_tables.o(.rodata.twiddleCoef_1024_q31), (6144 bytes).
    Removing arm_common_tables.o(.rodata.twiddleCoef_2048_q31), (12288 bytes).
    Removing arm_common_tables.o(.rodata.twiddleCoef_4096_q31), (24576 bytes).
    Removing arm_common_tables.o(.rodata.twiddleCoef_16_q15), (48 bytes).
    Removing arm_common_tables.o(.rodata.twiddleCoef_32_q15), (96 bytes).
    Removing arm_common_tables.o(.rodata.twiddleCoef_64_q15), (192 bytes).
    Removing arm_common_tables.o(.rodata.twiddleCoef_128_q15), (384 bytes).
    Removing arm_common_tables.o(.rodata.twiddleCoef_256_q15), (768 bytes).
    Removing arm_common_tables.o(.rodata.twiddleCoef_512_q15), (1536 bytes).
    Removing arm_common_tables.o(.rodata.twiddleCoef_1024_q15), (3072 bytes).
    Removing arm_common_tables.o(.rodata.twiddleCoef_2048_q15), (6144 bytes).
    Removing arm_common_tables.o(.rodata.twiddleCoef_4096_q15), (12288 bytes).
    Removing arm_common_tables.o(.rodata.armBitRevIndexTableF64_16), (24 bytes).
    Removing arm_common_tables.o(.rodata.armBitRevIndexTableF64_32), (48 bytes).
    Removing arm_common_tables.o(.rodata.armBitRevIndexTableF64_64), (112 bytes).
    Removing arm_common_tables.o(.rodata.armBitRevIndexTableF64_128), (224 bytes).
    Removing arm_common_tables.o(.rodata.armBitRevIndexTableF64_256), (480 bytes).
    Removing arm_common_tables.o(.rodata.armBitRevIndexTableF64_512), (960 bytes).
    Removing arm_common_tables.o(.rodata.armBitRevIndexTableF64_1024), (1984 bytes).
    Removing arm_common_tables.o(.rodata.armBitRevIndexTableF64_2048), (3968 bytes).
    Removing arm_common_tables.o(.rodata.armBitRevIndexTableF64_4096), (8064 bytes).
    Removing arm_common_tables.o(.rodata.armBitRevIndexTable16), (40 bytes).
    Removing arm_common_tables.o(.rodata.armBitRevIndexTable32), (96 bytes).
    Removing arm_common_tables.o(.rodata.armBitRevIndexTable64), (112 bytes).
    Removing arm_common_tables.o(.rodata.armBitRevIndexTable128), (416 bytes).
    Removing arm_common_tables.o(.rodata.armBitRevIndexTable256), (880 bytes).
    Removing arm_common_tables.o(.rodata.armBitRevIndexTable512), (896 bytes).
    Removing arm_common_tables.o(.rodata.armBitRevIndexTable1024), (3600 bytes).
    Removing arm_common_tables.o(.rodata.armBitRevIndexTable2048), (7616 bytes).
    Removing arm_common_tables.o(.rodata.armBitRevIndexTable4096), (8064 bytes).
    Removing arm_common_tables.o(.rodata.armBitRevIndexTable_fixed_16), (24 bytes).
    Removing arm_common_tables.o(.rodata.armBitRevIndexTable_fixed_32), (48 bytes).
    Removing arm_common_tables.o(.rodata.armBitRevIndexTable_fixed_64), (112 bytes).
    Removing arm_common_tables.o(.rodata.armBitRevIndexTable_fixed_128), (224 bytes).
    Removing arm_common_tables.o(.rodata.armBitRevIndexTable_fixed_256), (480 bytes).
    Removing arm_common_tables.o(.rodata.armBitRevIndexTable_fixed_512), (960 bytes).
    Removing arm_common_tables.o(.rodata.armBitRevIndexTable_fixed_1024), (1984 bytes).
    Removing arm_common_tables.o(.rodata.armBitRevIndexTable_fixed_2048), (3968 bytes).
    Removing arm_common_tables.o(.rodata.armBitRevIndexTable_fixed_4096), (8064 bytes).
    Removing arm_common_tables.o(.rodata.twiddleCoefF64_rfft_32), (256 bytes).
    Removing arm_common_tables.o(.rodata.twiddleCoefF64_rfft_64), (512 bytes).
    Removing arm_common_tables.o(.rodata.twiddleCoefF64_rfft_128), (1024 bytes).
    Removing arm_common_tables.o(.rodata.twiddleCoefF64_rfft_256), (2048 bytes).
    Removing arm_common_tables.o(.rodata.twiddleCoefF64_rfft_512), (4096 bytes).
    Removing arm_common_tables.o(.rodata.twiddleCoefF64_rfft_1024), (8192 bytes).
    Removing arm_common_tables.o(.rodata.twiddleCoefF64_rfft_2048), (16384 bytes).
    Removing arm_common_tables.o(.rodata.twiddleCoefF64_rfft_4096), (32768 bytes).
    Removing arm_common_tables.o(.rodata.twiddleCoef_rfft_32), (128 bytes).
    Removing arm_common_tables.o(.rodata.twiddleCoef_rfft_64), (256 bytes).
    Removing arm_common_tables.o(.rodata.twiddleCoef_rfft_128), (512 bytes).
    Removing arm_common_tables.o(.rodata.twiddleCoef_rfft_256), (1024 bytes).
    Removing arm_common_tables.o(.rodata.twiddleCoef_rfft_512), (2048 bytes).
    Removing arm_common_tables.o(.rodata.twiddleCoef_rfft_1024), (4096 bytes).
    Removing arm_common_tables.o(.rodata.twiddleCoef_rfft_2048), (8192 bytes).
    Removing arm_common_tables.o(.rodata.twiddleCoef_rfft_4096), (16384 bytes).
    Removing arm_common_tables.o(.rodata.realCoefA), (32768 bytes).
    Removing arm_common_tables.o(.rodata.realCoefB), (32768 bytes).
    Removing arm_common_tables.o(.rodata.realCoefAQ31), (32768 bytes).
    Removing arm_common_tables.o(.rodata.realCoefBQ31), (32768 bytes).
    Removing arm_common_tables.o(.rodata.realCoefAQ15), (16384 bytes).
    Removing arm_common_tables.o(.rodata.realCoefBQ15), (16384 bytes).
    Removing arm_common_tables.o(.rodata.Weights_128), (1024 bytes).
    Removing arm_common_tables.o(.rodata.cos_factors_128), (512 bytes).
    Removing arm_common_tables.o(.rodata.Weights_512), (4096 bytes).
    Removing arm_common_tables.o(.rodata.cos_factors_512), (2048 bytes).
    Removing arm_common_tables.o(.rodata.Weights_2048), (16384 bytes).
    Removing arm_common_tables.o(.rodata.cos_factors_2048), (8192 bytes).
    Removing arm_common_tables.o(.rodata.Weights_8192), (65536 bytes).
    Removing arm_common_tables.o(.rodata.cos_factors_8192), (32768 bytes).
    Removing arm_common_tables.o(.rodata.WeightsQ15_128), (512 bytes).
    Removing arm_common_tables.o(.rodata.cos_factorsQ15_128), (256 bytes).
    Removing arm_common_tables.o(.rodata.WeightsQ15_512), (2048 bytes).
    Removing arm_common_tables.o(.rodata.cos_factorsQ15_512), (1024 bytes).
    Removing arm_common_tables.o(.rodata.WeightsQ15_2048), (8192 bytes).
    Removing arm_common_tables.o(.rodata.cos_factorsQ15_2048), (4096 bytes).
    Removing arm_common_tables.o(.rodata.WeightsQ15_8192), (32768 bytes).
    Removing arm_common_tables.o(.rodata.cos_factorsQ15_8192), (16384 bytes).
    Removing arm_common_tables.o(.rodata.WeightsQ31_128), (1024 bytes).
    Removing arm_common_tables.o(.rodata.cos_factorsQ31_128), (512 bytes).
    Removing arm_common_tables.o(.rodata.WeightsQ31_512), (4096 bytes).
    Removing arm_common_tables.o(.rodata.cos_factorsQ31_512), (2048 bytes).
    Removing arm_common_tables.o(.rodata.WeightsQ31_2048), (16384 bytes).
    Removing arm_common_tables.o(.rodata.cos_factorsQ31_2048), (8192 bytes).
    Removing arm_common_tables.o(.rodata.WeightsQ31_8192), (65536 bytes).
    Removing arm_common_tables.o(.rodata.cos_factorsQ31_8192), (32768 bytes).
    Removing arm_common_tables.o(.rodata.armRecipTableQ15), (128 bytes).
    Removing arm_common_tables.o(.rodata.armRecipTableQ31), (256 bytes).
    Removing arm_common_tables.o(.rodata.sinTable_q31), (2052 bytes).
    Removing arm_common_tables.o(.rodata.sinTable_q15), (1026 bytes).
    Removing d2f.o(.text), (56 bytes).
    Removing drem.o(.text), (134 bytes).

895 unused section(s) (total 950206 bytes) removed from the image.

==============================================================================

Image Symbol Table

    Local Symbols

    Symbol Name                              Value     Ov Type        Size  Object(Section)

    ../clib/division.s                       0x00000000   Number         0  aeabi_sdiv.o ABSOLUTE
    ../clib/microlib/division.c              0x00000000   Number         0  uidiv.o ABSOLUTE
    ../clib/microlib/division.c              0x00000000   Number         0  uldiv.o ABSOLUTE
    ../clib/microlib/errno.c                 0x00000000   Number         0  errno.o ABSOLUTE
    ../clib/microlib/init/entry.s            0x00000000   Number         0  entry.o ABSOLUTE
    ../clib/microlib/init/entry.s            0x00000000   Number         0  entry2.o ABSOLUTE
    ../clib/microlib/init/entry.s            0x00000000   Number         0  entry5.o ABSOLUTE
    ../clib/microlib/init/entry.s            0x00000000   Number         0  entry7a.o ABSOLUTE
    ../clib/microlib/init/entry.s            0x00000000   Number         0  entry7b.o ABSOLUTE
    ../clib/microlib/init/entry.s            0x00000000   Number         0  entry8a.o ABSOLUTE
    ../clib/microlib/init/entry.s            0x00000000   Number         0  entry8b.o ABSOLUTE
    ../clib/microlib/init/entry.s            0x00000000   Number         0  entry9a.o ABSOLUTE
    ../clib/microlib/init/entry.s            0x00000000   Number         0  entry9b.o ABSOLUTE
    ../clib/microlib/init/entry.s            0x00000000   Number         0  entry10a.o ABSOLUTE
    ../clib/microlib/init/entry.s            0x00000000   Number         0  entry10b.o ABSOLUTE
    ../clib/microlib/init/entry.s            0x00000000   Number         0  entry11a.o ABSOLUTE
    ../clib/microlib/init/entry.s            0x00000000   Number         0  entry11b.o ABSOLUTE
    ../clib/microlib/longlong.c              0x00000000   Number         0  llshl.o ABSOLUTE
    ../clib/microlib/longlong.c              0x00000000   Number         0  llushr.o ABSOLUTE
    ../clib/microlib/longlong.c              0x00000000   Number         0  llsshr.o ABSOLUTE
    ../clib/microlib/printf/printf.c         0x00000000   Number         0  printfa.o ABSOLUTE
    ../clib/microlib/stdio/fputc.c           0x00000000   Number         0  fputc.o ABSOLUTE
    ../clib/microlib/stdio/fputc.c           0x00000000   Number         0  fputc_h.o ABSOLUTE
    ../clib/microlib/stdio/semi.s            0x00000000   Number         0  semi.o ABSOLUTE
    ../clib/microlib/stdio/streams.c         0x00000000   Number         0  stdout.o ABSOLUTE
    ../clib/microlib/string/memset.c         0x00000000   Number         0  memseta.o ABSOLUTE
    ../clib/microlib/stubs.s                 0x00000000   Number         0  iusefp.o ABSOLUTE
    ../clib/microlib/stubs.s                 0x00000000   Number         0  iusesemip.o ABSOLUTE
    ../fplib/microlib/d2f.c                  0x00000000   Number         0  d2f.o ABSOLUTE
    ../fplib/microlib/f2d.c                  0x00000000   Number         0  f2d.o ABSOLUTE
    ../fplib/microlib/fpadd.c                0x00000000   Number         0  dadd.o ABSOLUTE
    ../fplib/microlib/fpdiv.c                0x00000000   Number         0  ddiv.o ABSOLUTE
    ../fplib/microlib/fpepilogue.c           0x00000000   Number         0  fepilogue.o ABSOLUTE
    ../fplib/microlib/fpepilogue.c           0x00000000   Number         0  depilogue.o ABSOLUTE
    ../fplib/microlib/fpfix.c                0x00000000   Number         0  dfixul.o ABSOLUTE
    ../fplib/microlib/fpmul.c                0x00000000   Number         0  dmul.o ABSOLUTE
    ../fplib/microlib/fprem.c                0x00000000   Number         0  frem.o ABSOLUTE
    ../fplib/microlib/fprem.c                0x00000000   Number         0  drem.o ABSOLUTE
    ../mathlib/dunder.c                      0x00000000   Number         0  dunder.o ABSOLUTE
    ../mathlib/fmod.c                        0x00000000   Number         0  fmod.o ABSOLUTE
    ../mathlib/fmodf.c                       0x00000000   Number         0  fmodf.o ABSOLUTE
    ../mathlib/funder.c                      0x00000000   Number         0  funder.o ABSOLUTE
    FOC_Init.c                               0x00000000   Number         0  foc_init.o ABSOLUTE
    adc.c                                    0x00000000   Number         0  adc.o ABSOLUTE
    arm_add_f32.c                            0x00000000   Number         0  arm_add_f32.o ABSOLUTE
    arm_common_tables.c                      0x00000000   Number         0  arm_common_tables.o ABSOLUTE
    arm_mult_f32.c                           0x00000000   Number         0  arm_mult_f32.o ABSOLUTE
    arm_negate_f32.c                         0x00000000   Number         0  arm_negate_f32.o ABSOLUTE
    arm_scale_f32.c                          0x00000000   Number         0  arm_scale_f32.o ABSOLUTE
    arm_sin_cos_f32.c                        0x00000000   Number         0  arm_sin_cos_f32.o ABSOLUTE
    arm_sub_f32.c                            0x00000000   Number         0  arm_sub_f32.o ABSOLUTE
    cdrcmple.s                               0x00000000   Number         0  cdrcmple.o ABSOLUTE
    cordic.c                                 0x00000000   Number         0  cordic.o ABSOLUTE
    dac.c                                    0x00000000   Number         0  dac.o ABSOLUTE
    dc.s                                     0x00000000   Number         0  dc.o ABSOLUTE
    fdcan.c                                  0x00000000   Number         0  fdcan.o ABSOLUTE
    fmac.c                                   0x00000000   Number         0  fmac.o ABSOLUTE
    foc_communication.c                      0x00000000   Number         0  foc_communication.o ABSOLUTE
    foc_control.c                            0x00000000   Number         0  foc_control.o ABSOLUTE
    foc_conversion.c                         0x00000000   Number         0  foc_conversion.o ABSOLUTE
    foc_encoder.c                            0x00000000   Number         0  foc_encoder.o ABSOLUTE
    foc_screen.c                             0x00000000   Number         0  foc_screen.o ABSOLUTE
    foc_sensorless.c                         0x00000000   Number         0  foc_sensorless.o ABSOLUTE
    gpio.c                                   0x00000000   Number         0  gpio.o ABSOLUTE
    handlers.s                               0x00000000   Number         0  handlers.o ABSOLUTE
    init.s                                   0x00000000   Number         0  init.o ABSOLUTE
    main.c                                   0x00000000   Number         0  main.o ABSOLUTE
    spi.c                                    0x00000000   Number         0  spi.o ABSOLUTE
    startup_stm32g431xx.s                    0x00000000   Number         0  startup_stm32g431xx.o ABSOLUTE
    stm32g4xx_hal.c                          0x00000000   Number         0  stm32g4xx_hal.o ABSOLUTE
    stm32g4xx_hal_cortex.c                   0x00000000   Number         0  stm32g4xx_hal_cortex.o ABSOLUTE
    stm32g4xx_hal_dma.c                      0x00000000   Number         0  stm32g4xx_hal_dma.o ABSOLUTE
    stm32g4xx_hal_dma_ex.c                   0x00000000   Number         0  stm32g4xx_hal_dma_ex.o ABSOLUTE
    stm32g4xx_hal_exti.c                     0x00000000   Number         0  stm32g4xx_hal_exti.o ABSOLUTE
    stm32g4xx_hal_fdcan.c                    0x00000000   Number         0  stm32g4xx_hal_fdcan.o ABSOLUTE
    stm32g4xx_hal_flash.c                    0x00000000   Number         0  stm32g4xx_hal_flash.o ABSOLUTE
    stm32g4xx_hal_flash_ex.c                 0x00000000   Number         0  stm32g4xx_hal_flash_ex.o ABSOLUTE
    stm32g4xx_hal_flash_ramfunc.c            0x00000000   Number         0  stm32g4xx_hal_flash_ramfunc.o ABSOLUTE
    stm32g4xx_hal_gpio.c                     0x00000000   Number         0  stm32g4xx_hal_gpio.o ABSOLUTE
    stm32g4xx_hal_msp.c                      0x00000000   Number         0  stm32g4xx_hal_msp.o ABSOLUTE
    stm32g4xx_hal_pwr.c                      0x00000000   Number         0  stm32g4xx_hal_pwr.o ABSOLUTE
    stm32g4xx_hal_pwr_ex.c                   0x00000000   Number         0  stm32g4xx_hal_pwr_ex.o ABSOLUTE
    stm32g4xx_hal_rcc.c                      0x00000000   Number         0  stm32g4xx_hal_rcc.o ABSOLUTE
    stm32g4xx_hal_rcc_ex.c                   0x00000000   Number         0  stm32g4xx_hal_rcc_ex.o ABSOLUTE
    stm32g4xx_it.c                           0x00000000   Number         0  stm32g4xx_it.o ABSOLUTE
    stm32g4xx_ll_adc.c                       0x00000000   Number         0  stm32g4xx_ll_adc.o ABSOLUTE
    stm32g4xx_ll_cordic.c                    0x00000000   Number         0  stm32g4xx_ll_cordic.o ABSOLUTE
    stm32g4xx_ll_dac.c                       0x00000000   Number         0  stm32g4xx_ll_dac.o ABSOLUTE
    stm32g4xx_ll_dma.c                       0x00000000   Number         0  stm32g4xx_ll_dma.o ABSOLUTE
    stm32g4xx_ll_exti.c                      0x00000000   Number         0  stm32g4xx_ll_exti.o ABSOLUTE
    stm32g4xx_ll_fmac.c                      0x00000000   Number         0  stm32g4xx_ll_fmac.o ABSOLUTE
    stm32g4xx_ll_gpio.c                      0x00000000   Number         0  stm32g4xx_ll_gpio.o ABSOLUTE
    stm32g4xx_ll_rcc.c                       0x00000000   Number         0  stm32g4xx_ll_rcc.o ABSOLUTE
    stm32g4xx_ll_spi.c                       0x00000000   Number         0  stm32g4xx_ll_spi.o ABSOLUTE
    stm32g4xx_ll_tim.c                       0x00000000   Number         0  stm32g4xx_ll_tim.o ABSOLUTE
    stm32g4xx_ll_usart.c                     0x00000000   Number         0  stm32g4xx_ll_usart.o ABSOLUTE
    stm32g4xx_ll_utils.c                     0x00000000   Number         0  stm32g4xx_ll_utils.o ABSOLUTE
    system_stm32g4xx.c                       0x00000000   Number         0  system_stm32g4xx.o ABSOLUTE
    tim.c                                    0x00000000   Number         0  tim.o ABSOLUTE
    usart.c                                  0x00000000   Number         0  usart.o ABSOLUTE
    RESET                                    0x08000000   Section      472  startup_stm32g431xx.o(RESET)
    .ARM.Collect$$$$00000000                 0x080001d8   Section        0  entry.o(.ARM.Collect$$$$00000000)
    .ARM.Collect$$$$00000001                 0x080001d8   Section        4  entry2.o(.ARM.Collect$$$$00000001)
    .ARM.Collect$$$$00000004                 0x080001dc   Section        4  entry5.o(.ARM.Collect$$$$00000004)
    .ARM.Collect$$$$00000008                 0x080001e0   Section        0  entry7b.o(.ARM.Collect$$$$00000008)
    .ARM.Collect$$$$0000000A                 0x080001e0   Section        0  entry8b.o(.ARM.Collect$$$$0000000A)
    .ARM.Collect$$$$0000000B                 0x080001e0   Section        8  entry9a.o(.ARM.Collect$$$$0000000B)
    __lit__00000000                          0x080001e8   Data           4  entry2.o(.ARM.Collect$$$$00002712)
    .ARM.Collect$$$$0000000D                 0x080001e8   Section        0  entry10a.o(.ARM.Collect$$$$0000000D)
    .ARM.Collect$$$$0000000F                 0x080001e8   Section        0  entry11a.o(.ARM.Collect$$$$0000000F)
    .ARM.Collect$$$$00002712                 0x080001e8   Section        4  entry2.o(.ARM.Collect$$$$00002712)
    $v0                                      0x080001ec   Number         0  startup_stm32g431xx.o(.text)
    .text                                    0x080001ec   Section       36  startup_stm32g431xx.o(.text)
    .text                                    0x08000210   Section        0  memseta.o(.text)
    .text                                    0x08000234   Section        0  f2d.o(.text)
    .text                                    0x0800025a   Section        0  uidiv.o(.text)
    .text                                    0x08000286   Section        0  uldiv.o(.text)
    .text                                    0x080002e8   Section        0  iusefp.o(.text)
    .text                                    0x080002e8   Section        0  fepilogue.o(.text)
    .text                                    0x08000356   Section        0  frem.o(.text)
    .text                                    0x080003a8   Section        0  dadd.o(.text)
    .text                                    0x080004f6   Section        0  dmul.o(.text)
    .text                                    0x080005da   Section        0  ddiv.o(.text)
    .text                                    0x080006b8   Section        0  dfixul.o(.text)
    .text                                    0x080006e8   Section       48  cdrcmple.o(.text)
    .text                                    0x08000718   Section       48  init.o(.text)
    .text                                    0x08000748   Section        0  llshl.o(.text)
    .text                                    0x08000766   Section        0  llushr.o(.text)
    .text                                    0x08000786   Section        0  llsshr.o(.text)
    .text                                    0x080007aa   Section        0  depilogue.o(.text)
    [Anonymous Symbol]                       0x08000864   Section        0  adc.o(.text.ADC1_2_IRQHandler)
    [Anonymous Symbol]                       0x080008ec   Section        0  stm32g4xx_it.o(.text.BusFault_Handler)
    [Anonymous Symbol]                       0x080008f0   Section        0  stm32g4xx_it.o(.text.DebugMon_Handler)
    [Anonymous Symbol]                       0x080008f4   Section        0  main.o(.text.Error_Handler)
    [Anonymous Symbol]                       0x08000900   Section        0  stm32g4xx_it.o(.text.FDCAN1_IT0_IRQHandler)
    [Anonymous Symbol]                       0x0800090c   Section        0  foc_init.o(.text.FOC_Init)
    [Anonymous Symbol]                       0x0800095c   Section        0  stm32g4xx_hal.o(.text.HAL_Delay)
    [Anonymous Symbol]                       0x08000984   Section        0  stm32g4xx_hal_fdcan.o(.text.HAL_FDCAN_ErrorCallback)
    [Anonymous Symbol]                       0x08000988   Section        0  stm32g4xx_hal_fdcan.o(.text.HAL_FDCAN_ErrorStatusCallback)
    [Anonymous Symbol]                       0x0800098c   Section        0  stm32g4xx_hal_fdcan.o(.text.HAL_FDCAN_HighPriorityMessageCallback)
    [Anonymous Symbol]                       0x08000990   Section        0  stm32g4xx_hal_fdcan.o(.text.HAL_FDCAN_IRQHandler)
    [Anonymous Symbol]                       0x08000b0c   Section        0  stm32g4xx_hal_fdcan.o(.text.HAL_FDCAN_Init)
    [Anonymous Symbol]                       0x08000d5c   Section        0  fdcan.o(.text.HAL_FDCAN_MspInit)
    [Anonymous Symbol]                       0x08000de8   Section        0  stm32g4xx_hal_fdcan.o(.text.HAL_FDCAN_RxFifo0Callback)
    [Anonymous Symbol]                       0x08000dec   Section        0  stm32g4xx_hal_fdcan.o(.text.HAL_FDCAN_RxFifo1Callback)
    [Anonymous Symbol]                       0x08000df0   Section        0  stm32g4xx_hal_fdcan.o(.text.HAL_FDCAN_TimeoutOccurredCallback)
    [Anonymous Symbol]                       0x08000df4   Section        0  stm32g4xx_hal_fdcan.o(.text.HAL_FDCAN_TimestampWraparoundCallback)
    [Anonymous Symbol]                       0x08000df8   Section        0  stm32g4xx_hal_fdcan.o(.text.HAL_FDCAN_TxBufferAbortCallback)
    [Anonymous Symbol]                       0x08000dfc   Section        0  stm32g4xx_hal_fdcan.o(.text.HAL_FDCAN_TxBufferCompleteCallback)
    [Anonymous Symbol]                       0x08000e00   Section        0  stm32g4xx_hal_fdcan.o(.text.HAL_FDCAN_TxEventFifoCallback)
    [Anonymous Symbol]                       0x08000e04   Section        0  stm32g4xx_hal_fdcan.o(.text.HAL_FDCAN_TxFifoEmptyCallback)
    [Anonymous Symbol]                       0x08000e08   Section        0  stm32g4xx_hal_gpio.o(.text.HAL_GPIO_Init)
    [Anonymous Symbol]                       0x08000fbc   Section        0  stm32g4xx_hal.o(.text.HAL_GetTick)
    [Anonymous Symbol]                       0x08000fc8   Section        0  stm32g4xx_hal.o(.text.HAL_IncTick)
    [Anonymous Symbol]                       0x08000fe4   Section        0  stm32g4xx_hal.o(.text.HAL_Init)
    [Anonymous Symbol]                       0x08001004   Section        0  stm32g4xx_hal.o(.text.HAL_InitTick)
    [Anonymous Symbol]                       0x08001054   Section        0  stm32g4xx_hal_msp.o(.text.HAL_MspInit)
    [Anonymous Symbol]                       0x08001088   Section        0  stm32g4xx_hal_cortex.o(.text.HAL_NVIC_EnableIRQ)
    [Anonymous Symbol]                       0x080010ac   Section        0  stm32g4xx_hal_cortex.o(.text.HAL_NVIC_SetPriority)
    [Anonymous Symbol]                       0x08001104   Section        0  stm32g4xx_hal_cortex.o(.text.HAL_NVIC_SetPriorityGrouping)
    [Anonymous Symbol]                       0x08001124   Section        0  stm32g4xx_hal_pwr_ex.o(.text.HAL_PWREx_DisableUCPDDeadBattery)
    [Anonymous Symbol]                       0x08001138   Section        0  stm32g4xx_hal_cortex.o(.text.HAL_SYSTICK_Config)
    [Anonymous Symbol]                       0x08001164   Section        0  stm32g4xx_it.o(.text.HardFault_Handler)
    [Anonymous Symbol]                       0x08001168   Section        0  stm32g4xx_ll_adc.o(.text.LL_ADC_CommonInit)
    [Anonymous Symbol]                       0x080011b8   Section        0  stm32g4xx_ll_adc.o(.text.LL_ADC_INJ_Init)
    [Anonymous Symbol]                       0x08001200   Section        0  stm32g4xx_ll_adc.o(.text.LL_ADC_Init)
    [Anonymous Symbol]                       0x08001228   Section        0  stm32g4xx_ll_adc.o(.text.LL_ADC_REG_Init)
    [Anonymous Symbol]                       0x0800127c   Section        0  stm32g4xx_ll_dac.o(.text.LL_DAC_Init)
    [Anonymous Symbol]                       0x08001324   Section        0  stm32g4xx_ll_gpio.o(.text.LL_GPIO_Init)
    [Anonymous Symbol]                       0x08001404   Section        0  stm32g4xx_ll_rcc.o(.text.LL_RCC_GetUARTClockFreq)
    [Anonymous Symbol]                       0x08001534   Section        0  stm32g4xx_ll_rcc.o(.text.LL_RCC_GetUSARTClockFreq)
    [Anonymous Symbol]                       0x08001728   Section        0  stm32g4xx_ll_spi.o(.text.LL_SPI_Init)
    [Anonymous Symbol]                       0x080017b4   Section        0  stm32g4xx_ll_utils.o(.text.LL_SetSystemCoreClock)
    [Anonymous Symbol]                       0x080017c0   Section        0  stm32g4xx_ll_tim.o(.text.LL_TIM_Init)
    [Anonymous Symbol]                       0x080018d8   Section        0  stm32g4xx_ll_tim.o(.text.LL_TIM_OC_Init)
    [Anonymous Symbol]                       0x08001c2c   Section        0  stm32g4xx_ll_usart.o(.text.LL_USART_Init)
    USART_PRESCALER_TAB                      0x08001d34   Number         0  stm32g4xx_ll_usart.o(.text.LL_USART_Init)
    [Anonymous Symbol]                       0x08001d64   Section        0  adc.o(.text.MX_ADC1_Init)
    [Anonymous Symbol]                       0x08001fcc   Section        0  adc.o(.text.MX_ADC2_Init)
    [Anonymous Symbol]                       0x08002128   Section        0  cordic.o(.text.MX_CORDIC_Init)
    [Anonymous Symbol]                       0x08002148   Section        0  dac.o(.text.MX_DAC1_Init)
    [Anonymous Symbol]                       0x08002230   Section        0  fdcan.o(.text.MX_FDCAN1_Init)
    [Anonymous Symbol]                       0x08002280   Section        0  fmac.o(.text.MX_FMAC_Init)
    [Anonymous Symbol]                       0x080022a0   Section        0  gpio.o(.text.MX_GPIO_Init)
    [Anonymous Symbol]                       0x080023f8   Section        0  spi.o(.text.MX_SPI1_Init)
    [Anonymous Symbol]                       0x080024e0   Section        0  spi.o(.text.MX_SPI2_Init)
    [Anonymous Symbol]                       0x080025e4   Section        0  tim.o(.text.MX_TIM8_Init)
    [Anonymous Symbol]                       0x080027b4   Section        0  usart.o(.text.MX_USART3_UART_Init)
    [Anonymous Symbol]                       0x0800295c   Section        0  stm32g4xx_it.o(.text.MemManage_Handler)
    [Anonymous Symbol]                       0x08002960   Section        0  stm32g4xx_it.o(.text.NMI_Handler)
    [Anonymous Symbol]                       0x08002964   Section        0  stm32g4xx_it.o(.text.PendSV_Handler)
    [Anonymous Symbol]                       0x08002968   Section        0  stm32g4xx_it.o(.text.SVC_Handler)
    [Anonymous Symbol]                       0x0800296c   Section        0  stm32g4xx_it.o(.text.SysTick_Handler)
    [Anonymous Symbol]                       0x08002970   Section        0  foc_init.o(.text.SystemClock_Config)
    [Anonymous Symbol]                       0x08002ae8   Section        0  system_stm32g4xx.o(.text.SystemInit)
    [Anonymous Symbol]                       0x08002afc   Section        0  stm32g4xx_it.o(.text.UsageFault_Handler)
    [Anonymous Symbol]                       0x08002b00   Section        0  foc_conversion.o(.text.angle_normalize)
    [Anonymous Symbol]                       0x08002b30   Section        0  arm_add_f32.o(.text.arm_add_f32)
    [Anonymous Symbol]                       0x08002bc0   Section        0  arm_mult_f32.o(.text.arm_mult_f32)
    [Anonymous Symbol]                       0x08002c50   Section        0  arm_negate_f32.o(.text.arm_negate_f32)
    [Anonymous Symbol]                       0x08002cbc   Section        0  arm_scale_f32.o(.text.arm_scale_f32)
    [Anonymous Symbol]                       0x08002d24   Section        0  arm_sin_cos_f32.o(.text.arm_sin_cos_f32)
    [Anonymous Symbol]                       0x08002e48   Section        0  arm_sub_f32.o(.text.arm_sub_f32)
    [Anonymous Symbol]                       0x08002ed8   Section        0  tim.o(.text.bsp_pwm_set_duty_three_phase)
    [Anonymous Symbol]                       0x08002ee8   Section        0  tim.o(.text.bsp_pwm_start)
    [Anonymous Symbol]                       0x08002f5c   Section        0  usart.o(.text.debug_log)
    [Anonymous Symbol]                       0x0800306c   Section        0  foc_encoder.o(.text.encoder_clear_error)
    [Anonymous Symbol]                       0x08003074   Section        0  foc_encoder.o(.text.encoder_init)
    [Anonymous Symbol]                       0x0800310c   Section        0  foc_encoder.o(.text.encoder_read_data)
    encoder_read_reg                         0x08003169   Thumb Code   532  foc_encoder.o(.text.encoder_read_reg)
    [Anonymous Symbol]                       0x08003168   Section        0  foc_encoder.o(.text.encoder_read_reg)
    [Anonymous Symbol]                       0x0800337c   Section        0  foc_control.o(.text.foc_open_loop_control)
    [Anonymous Symbol]                       0x08003408   Section        0  foc_conversion.o(.text.inv_park_transform_f32)
    [Anonymous Symbol]                       0x08003468   Section        0  main.o(.text.main)
    [Anonymous Symbol]                       0x08003584   Section        0  foc_conversion.o(.text.svpwm_calc_times)
    [Anonymous Symbol]                       0x0800375c   Section        0  foc_conversion.o(.text.svpwm_duty_calc)
    [Anonymous Symbol]                       0x08003854   Section        0  foc_conversion.o(.text.svpwm_sector_calc)
    i.__0vsnprintf                           0x080038c0   Section        0  printfa.o(i.__0vsnprintf)
    i.__hardfp_fmodf                         0x080038f4   Section        0  fmodf.o(i.__hardfp_fmodf)
    i.__mathlib_flt_invalid                  0x080039a4   Section        0  funder.o(i.__mathlib_flt_invalid)
    i.__scatterload_copy                     0x080039b4   Section       14  handlers.o(i.__scatterload_copy)
    i.__scatterload_null                     0x080039c2   Section        2  handlers.o(i.__scatterload_null)
    i.__scatterload_zeroinit                 0x080039c4   Section       14  handlers.o(i.__scatterload_zeroinit)
    i.__set_errno                            0x080039d4   Section        0  errno.o(i.__set_errno)
    _fp_digits                               0x080039e1   Thumb Code   366  printfa.o(i._fp_digits)
    i._fp_digits                             0x080039e0   Section        0  printfa.o(i._fp_digits)
    _printf_core                             0x08003b65   Thumb Code  1744  printfa.o(i._printf_core)
    i._printf_core                           0x08003b64   Section        0  printfa.o(i._printf_core)
    _printf_post_padding                     0x08004241   Thumb Code    36  printfa.o(i._printf_post_padding)
    i._printf_post_padding                   0x08004240   Section        0  printfa.o(i._printf_post_padding)
    _printf_pre_padding                      0x08004265   Thumb Code    46  printfa.o(i._printf_pre_padding)
    i._printf_pre_padding                    0x08004264   Section        0  printfa.o(i._printf_pre_padding)
    _snputc                                  0x08004293   Thumb Code    22  printfa.o(i._snputc)
    i._snputc                                0x08004292   Section        0  printfa.o(i._snputc)
    .L.str.7                                 0x08004ac4   Data          27  main.o(.rodata.str1.1)
    [Anonymous Symbol]                       0x08004ac4   Section        0  main.o(.rodata.str1.1)
    .L.str.3                                 0x08004adf   Data          32  main.o(.rodata.str1.1)
    .L.str.6                                 0x08004aff   Data          32  main.o(.rodata.str1.1)
    .L.str.8                                 0x08004b1f   Data          35  main.o(.rodata.str1.1)
    .L.str.4                                 0x08004b42   Data          34  main.o(.rodata.str1.1)
    .L.str.5                                 0x08004b64   Data          25  main.o(.rodata.str1.1)
    _errno                                   0x20000000   Data           4  errno.o(.data)
    .data                                    0x20000000   Section        4  errno.o(.data)
    .L_MergedGlobals                         0x20000004   Data           8  adc.o(.data..L_MergedGlobals)
    [Anonymous Symbol]                       0x20000004   Section        0  adc.o(.data..L_MergedGlobals)
    .L_MergedGlobals                         0x2000000c   Data           8  stm32g4xx_hal.o(.data..L_MergedGlobals)
    [Anonymous Symbol]                       0x2000000c   Section        0  stm32g4xx_hal.o(.data..L_MergedGlobals)
    .L_MergedGlobals                         0x20000018   Data          92  foc_control.o(.bss..L_MergedGlobals)
    foc_open_loop_control.angle_accum        0x20000018   Data           4  foc_control.o(.bss..L_MergedGlobals)
    [Anonymous Symbol]                       0x20000018   Section        0  foc_control.o(.bss..L_MergedGlobals)
    .L_MergedGlobals.20                      0x20000074   Data          26  adc.o(.bss..L_MergedGlobals.20)
    [Anonymous Symbol]                       0x20000074   Section        0  adc.o(.bss..L_MergedGlobals.20)
    d_buffer                                 0x2000008e   Data         256  usart.o(.bss.d_buffer)
    [Anonymous Symbol]                       0x2000008e   Section        0  usart.o(.bss.d_buffer)
    STACK                                    0x20000208   Section     1024  startup_stm32g431xx.o(STACK)

    Global Symbols

    Symbol Name                              Value     Ov Type        Size  Object(Section)

    BuildAttributes$$THM_ISAv4$E$P$D$K$B$S$7EM$VFPi3$EXTD16$VFPS$VFMA$PE$A:L22UL41UL21$X:L11$S22US41US21$IEEE1$IW$~IW$USESV6$~STKCKD$USESV7$~SHL$OTIME$ROPI$IEEEX$EBA8$MICROLIB$REQ8$PRES8$EABIv2 0x00000000   Number         0  anon$$obj.o ABSOLUTE
    __cpp_initialize__aeabi_                  - Undefined Weak Reference
    __cxa_finalize                            - Undefined Weak Reference
    __decompress                              - Undefined Weak Reference
    _clock_init                               - Undefined Weak Reference
    _microlib_exit                            - Undefined Weak Reference
    __Vectors_Size                           0x000001d8   Number         0  startup_stm32g431xx.o ABSOLUTE
    __Vectors                                0x08000000   Data           4  startup_stm32g431xx.o(RESET)
    __Vectors_End                            0x080001d8   Data           0  startup_stm32g431xx.o(RESET)
    __main                                   0x080001d9   Thumb Code     0  entry.o(.ARM.Collect$$$$00000000)
    _main_stk                                0x080001d9   Thumb Code     0  entry2.o(.ARM.Collect$$$$00000001)
    _main_scatterload                        0x080001dd   Thumb Code     0  entry5.o(.ARM.Collect$$$$00000004)
    __main_after_scatterload                 0x080001e1   Thumb Code     0  entry5.o(.ARM.Collect$$$$00000004)
    _main_clock                              0x080001e1   Thumb Code     0  entry7b.o(.ARM.Collect$$$$00000008)
    _main_cpp_init                           0x080001e1   Thumb Code     0  entry8b.o(.ARM.Collect$$$$0000000A)
    _main_init                               0x080001e1   Thumb Code     0  entry9a.o(.ARM.Collect$$$$0000000B)
    __rt_final_cpp                           0x080001e9   Thumb Code     0  entry10a.o(.ARM.Collect$$$$0000000D)
    __rt_final_exit                          0x080001e9   Thumb Code     0  entry11a.o(.ARM.Collect$$$$0000000F)
    Reset_Handler                            0x080001ed   Thumb Code     8  startup_stm32g431xx.o(.text)
    COMP1_2_3_IRQHandler                     0x08000207   Thumb Code     0  startup_stm32g431xx.o(.text)
    COMP4_IRQHandler                         0x08000207   Thumb Code     0  startup_stm32g431xx.o(.text)
    CORDIC_IRQHandler                        0x08000207   Thumb Code     0  startup_stm32g431xx.o(.text)
    CRS_IRQHandler                           0x08000207   Thumb Code     0  startup_stm32g431xx.o(.text)
    DMA1_Channel1_IRQHandler                 0x08000207   Thumb Code     0  startup_stm32g431xx.o(.text)
    DMA1_Channel2_IRQHandler                 0x08000207   Thumb Code     0  startup_stm32g431xx.o(.text)
    DMA1_Channel3_IRQHandler                 0x08000207   Thumb Code     0  startup_stm32g431xx.o(.text)
    DMA1_Channel4_IRQHandler                 0x08000207   Thumb Code     0  startup_stm32g431xx.o(.text)
    DMA1_Channel5_IRQHandler                 0x08000207   Thumb Code     0  startup_stm32g431xx.o(.text)
    DMA1_Channel6_IRQHandler                 0x08000207   Thumb Code     0  startup_stm32g431xx.o(.text)
    DMA2_Channel1_IRQHandler                 0x08000207   Thumb Code     0  startup_stm32g431xx.o(.text)
    DMA2_Channel2_IRQHandler                 0x08000207   Thumb Code     0  startup_stm32g431xx.o(.text)
    DMA2_Channel3_IRQHandler                 0x08000207   Thumb Code     0  startup_stm32g431xx.o(.text)
    DMA2_Channel4_IRQHandler                 0x08000207   Thumb Code     0  startup_stm32g431xx.o(.text)
    DMA2_Channel5_IRQHandler                 0x08000207   Thumb Code     0  startup_stm32g431xx.o(.text)
    DMA2_Channel6_IRQHandler                 0x08000207   Thumb Code     0  startup_stm32g431xx.o(.text)
    DMAMUX_OVR_IRQHandler                    0x08000207   Thumb Code     0  startup_stm32g431xx.o(.text)
    EXTI0_IRQHandler                         0x08000207   Thumb Code     0  startup_stm32g431xx.o(.text)
    EXTI15_10_IRQHandler                     0x08000207   Thumb Code     0  startup_stm32g431xx.o(.text)
    EXTI1_IRQHandler                         0x08000207   Thumb Code     0  startup_stm32g431xx.o(.text)
    EXTI2_IRQHandler                         0x08000207   Thumb Code     0  startup_stm32g431xx.o(.text)
    EXTI3_IRQHandler                         0x08000207   Thumb Code     0  startup_stm32g431xx.o(.text)
    EXTI4_IRQHandler                         0x08000207   Thumb Code     0  startup_stm32g431xx.o(.text)
    EXTI9_5_IRQHandler                       0x08000207   Thumb Code     0  startup_stm32g431xx.o(.text)
    FDCAN1_IT1_IRQHandler                    0x08000207   Thumb Code     0  startup_stm32g431xx.o(.text)
    FLASH_IRQHandler                         0x08000207   Thumb Code     0  startup_stm32g431xx.o(.text)
    FMAC_IRQHandler                          0x08000207   Thumb Code     0  startup_stm32g431xx.o(.text)
    FPU_IRQHandler                           0x08000207   Thumb Code     0  startup_stm32g431xx.o(.text)
    I2C1_ER_IRQHandler                       0x08000207   Thumb Code     0  startup_stm32g431xx.o(.text)
    I2C1_EV_IRQHandler                       0x08000207   Thumb Code     0  startup_stm32g431xx.o(.text)
    I2C2_ER_IRQHandler                       0x08000207   Thumb Code     0  startup_stm32g431xx.o(.text)
    I2C2_EV_IRQHandler                       0x08000207   Thumb Code     0  startup_stm32g431xx.o(.text)
    I2C3_ER_IRQHandler                       0x08000207   Thumb Code     0  startup_stm32g431xx.o(.text)
    I2C3_EV_IRQHandler                       0x08000207   Thumb Code     0  startup_stm32g431xx.o(.text)
    LPTIM1_IRQHandler                        0x08000207   Thumb Code     0  startup_stm32g431xx.o(.text)
    LPUART1_IRQHandler                       0x08000207   Thumb Code     0  startup_stm32g431xx.o(.text)
    PVD_PVM_IRQHandler                       0x08000207   Thumb Code     0  startup_stm32g431xx.o(.text)
    RCC_IRQHandler                           0x08000207   Thumb Code     0  startup_stm32g431xx.o(.text)
    RNG_IRQHandler                           0x08000207   Thumb Code     0  startup_stm32g431xx.o(.text)
    RTC_Alarm_IRQHandler                     0x08000207   Thumb Code     0  startup_stm32g431xx.o(.text)
    RTC_TAMP_LSECSS_IRQHandler               0x08000207   Thumb Code     0  startup_stm32g431xx.o(.text)
    RTC_WKUP_IRQHandler                      0x08000207   Thumb Code     0  startup_stm32g431xx.o(.text)
    SAI1_IRQHandler                          0x08000207   Thumb Code     0  startup_stm32g431xx.o(.text)
    SPI1_IRQHandler                          0x08000207   Thumb Code     0  startup_stm32g431xx.o(.text)
    SPI2_IRQHandler                          0x08000207   Thumb Code     0  startup_stm32g431xx.o(.text)
    SPI3_IRQHandler                          0x08000207   Thumb Code     0  startup_stm32g431xx.o(.text)
    TIM1_BRK_TIM15_IRQHandler                0x08000207   Thumb Code     0  startup_stm32g431xx.o(.text)
    TIM1_CC_IRQHandler                       0x08000207   Thumb Code     0  startup_stm32g431xx.o(.text)
    TIM1_TRG_COM_TIM17_IRQHandler            0x08000207   Thumb Code     0  startup_stm32g431xx.o(.text)
    TIM1_UP_TIM16_IRQHandler                 0x08000207   Thumb Code     0  startup_stm32g431xx.o(.text)
    TIM2_IRQHandler                          0x08000207   Thumb Code     0  startup_stm32g431xx.o(.text)
    TIM3_IRQHandler                          0x08000207   Thumb Code     0  startup_stm32g431xx.o(.text)
    TIM4_IRQHandler                          0x08000207   Thumb Code     0  startup_stm32g431xx.o(.text)
    TIM6_DAC_IRQHandler                      0x08000207   Thumb Code     0  startup_stm32g431xx.o(.text)
    TIM7_IRQHandler                          0x08000207   Thumb Code     0  startup_stm32g431xx.o(.text)
    TIM8_BRK_IRQHandler                      0x08000207   Thumb Code     0  startup_stm32g431xx.o(.text)
    TIM8_CC_IRQHandler                       0x08000207   Thumb Code     0  startup_stm32g431xx.o(.text)
    TIM8_TRG_COM_IRQHandler                  0x08000207   Thumb Code     0  startup_stm32g431xx.o(.text)
    TIM8_UP_IRQHandler                       0x08000207   Thumb Code     0  startup_stm32g431xx.o(.text)
    UART4_IRQHandler                         0x08000207   Thumb Code     0  startup_stm32g431xx.o(.text)
    UCPD1_IRQHandler                         0x08000207   Thumb Code     0  startup_stm32g431xx.o(.text)
    USART1_IRQHandler                        0x08000207   Thumb Code     0  startup_stm32g431xx.o(.text)
    USART2_IRQHandler                        0x08000207   Thumb Code     0  startup_stm32g431xx.o(.text)
    USART3_IRQHandler                        0x08000207   Thumb Code     0  startup_stm32g431xx.o(.text)
    USBWakeUp_IRQHandler                     0x08000207   Thumb Code     0  startup_stm32g431xx.o(.text)
    USB_HP_IRQHandler                        0x08000207   Thumb Code     0  startup_stm32g431xx.o(.text)
    USB_LP_IRQHandler                        0x08000207   Thumb Code     0  startup_stm32g431xx.o(.text)
    WWDG_IRQHandler                          0x08000207   Thumb Code     0  startup_stm32g431xx.o(.text)
    __aeabi_memset                           0x08000211   Thumb Code    14  memseta.o(.text)
    __aeabi_memset4                          0x08000211   Thumb Code     0  memseta.o(.text)
    __aeabi_memset8                          0x08000211   Thumb Code     0  memseta.o(.text)
    __aeabi_memclr                           0x0800021f   Thumb Code     4  memseta.o(.text)
    __aeabi_memclr4                          0x0800021f   Thumb Code     0  memseta.o(.text)
    __aeabi_memclr8                          0x0800021f   Thumb Code     0  memseta.o(.text)
    _memset$wrapper                          0x08000223   Thumb Code    18  memseta.o(.text)
    __aeabi_f2d                              0x08000235   Thumb Code    38  f2d.o(.text)
    __aeabi_uidiv                            0x0800025b   Thumb Code     0  uidiv.o(.text)
    __aeabi_uidivmod                         0x0800025b   Thumb Code    44  uidiv.o(.text)
    __aeabi_uldivmod                         0x08000287   Thumb Code    98  uldiv.o(.text)
    __I$use$fp                               0x080002e9   Thumb Code     0  iusefp.o(.text)
    _float_round                             0x080002e9   Thumb Code    18  fepilogue.o(.text)
    _float_epilogue                          0x080002fb   Thumb Code    92  fepilogue.o(.text)
    _frem                                    0x08000357   Thumb Code    82  frem.o(.text)
    __aeabi_dadd                             0x080003a9   Thumb Code   322  dadd.o(.text)
    __aeabi_dsub                             0x080004eb   Thumb Code     6  dadd.o(.text)
    __aeabi_drsub                            0x080004f1   Thumb Code     6  dadd.o(.text)
    __aeabi_dmul                             0x080004f7   Thumb Code   228  dmul.o(.text)
    __aeabi_ddiv                             0x080005db   Thumb Code   222  ddiv.o(.text)
    __aeabi_d2ulz                            0x080006b9   Thumb Code    48  dfixul.o(.text)
    __aeabi_cdrcmple                         0x080006e9   Thumb Code    48  cdrcmple.o(.text)
    __scatterload                            0x08000719   Thumb Code    38  init.o(.text)
    __scatterload_rt2                        0x08000719   Thumb Code     0  init.o(.text)
    __aeabi_llsl                             0x08000749   Thumb Code    30  llshl.o(.text)
    _ll_shift_l                              0x08000749   Thumb Code     0  llshl.o(.text)
    __aeabi_llsr                             0x08000767   Thumb Code    32  llushr.o(.text)
    _ll_ushift_r                             0x08000767   Thumb Code     0  llushr.o(.text)
    __aeabi_lasr                             0x08000787   Thumb Code    36  llsshr.o(.text)
    _ll_sshift_r                             0x08000787   Thumb Code     0  llsshr.o(.text)
    _double_round                            0x080007ab   Thumb Code    30  depilogue.o(.text)
    _double_epilogue                         0x080007c9   Thumb Code   156  depilogue.o(.text)
    ADC1_2_IRQHandler                        0x08000865   Thumb Code   132  adc.o(.text.ADC1_2_IRQHandler)
    BusFault_Handler                         0x080008ed   Thumb Code     2  stm32g4xx_it.o(.text.BusFault_Handler)
    DebugMon_Handler                         0x080008f1   Thumb Code     2  stm32g4xx_it.o(.text.DebugMon_Handler)
    Error_Handler                            0x080008f5   Thumb Code    10  main.o(.text.Error_Handler)
    FDCAN1_IT0_IRQHandler                    0x08000901   Thumb Code    12  stm32g4xx_it.o(.text.FDCAN1_IT0_IRQHandler)
    FOC_Init                                 0x0800090d   Thumb Code    78  foc_init.o(.text.FOC_Init)
    HAL_Delay                                0x0800095d   Thumb Code    40  stm32g4xx_hal.o(.text.HAL_Delay)
    HAL_FDCAN_ErrorCallback                  0x08000985   Thumb Code     2  stm32g4xx_hal_fdcan.o(.text.HAL_FDCAN_ErrorCallback)
    HAL_FDCAN_ErrorStatusCallback            0x08000989   Thumb Code     2  stm32g4xx_hal_fdcan.o(.text.HAL_FDCAN_ErrorStatusCallback)
    HAL_FDCAN_HighPriorityMessageCallback    0x0800098d   Thumb Code     2  stm32g4xx_hal_fdcan.o(.text.HAL_FDCAN_HighPriorityMessageCallback)
    HAL_FDCAN_IRQHandler                     0x08000991   Thumb Code   378  stm32g4xx_hal_fdcan.o(.text.HAL_FDCAN_IRQHandler)
    HAL_FDCAN_Init                           0x08000b0d   Thumb Code   592  stm32g4xx_hal_fdcan.o(.text.HAL_FDCAN_Init)
    HAL_FDCAN_MspInit                        0x08000d5d   Thumb Code   140  fdcan.o(.text.HAL_FDCAN_MspInit)
    HAL_FDCAN_RxFifo0Callback                0x08000de9   Thumb Code     2  stm32g4xx_hal_fdcan.o(.text.HAL_FDCAN_RxFifo0Callback)
    HAL_FDCAN_RxFifo1Callback                0x08000ded   Thumb Code     2  stm32g4xx_hal_fdcan.o(.text.HAL_FDCAN_RxFifo1Callback)
    HAL_FDCAN_TimeoutOccurredCallback        0x08000df1   Thumb Code     2  stm32g4xx_hal_fdcan.o(.text.HAL_FDCAN_TimeoutOccurredCallback)
    HAL_FDCAN_TimestampWraparoundCallback    0x08000df5   Thumb Code     2  stm32g4xx_hal_fdcan.o(.text.HAL_FDCAN_TimestampWraparoundCallback)
    HAL_FDCAN_TxBufferAbortCallback          0x08000df9   Thumb Code     2  stm32g4xx_hal_fdcan.o(.text.HAL_FDCAN_TxBufferAbortCallback)
    HAL_FDCAN_TxBufferCompleteCallback       0x08000dfd   Thumb Code     2  stm32g4xx_hal_fdcan.o(.text.HAL_FDCAN_TxBufferCompleteCallback)
    HAL_FDCAN_TxEventFifoCallback            0x08000e01   Thumb Code     2  stm32g4xx_hal_fdcan.o(.text.HAL_FDCAN_TxEventFifoCallback)
    HAL_FDCAN_TxFifoEmptyCallback            0x08000e05   Thumb Code     2  stm32g4xx_hal_fdcan.o(.text.HAL_FDCAN_TxFifoEmptyCallback)
    HAL_GPIO_Init                            0x08000e09   Thumb Code   434  stm32g4xx_hal_gpio.o(.text.HAL_GPIO_Init)
    HAL_GetTick                              0x08000fbd   Thumb Code    12  stm32g4xx_hal.o(.text.HAL_GetTick)
    HAL_IncTick                              0x08000fc9   Thumb Code    26  stm32g4xx_hal.o(.text.HAL_IncTick)
    HAL_Init                                 0x08000fe5   Thumb Code    30  stm32g4xx_hal.o(.text.HAL_Init)
    HAL_InitTick                             0x08001005   Thumb Code    80  stm32g4xx_hal.o(.text.HAL_InitTick)
    HAL_MspInit                              0x08001055   Thumb Code    52  stm32g4xx_hal_msp.o(.text.HAL_MspInit)
    HAL_NVIC_EnableIRQ                       0x08001089   Thumb Code    34  stm32g4xx_hal_cortex.o(.text.HAL_NVIC_EnableIRQ)
    HAL_NVIC_SetPriority                     0x080010ad   Thumb Code    86  stm32g4xx_hal_cortex.o(.text.HAL_NVIC_SetPriority)
    HAL_NVIC_SetPriorityGrouping             0x08001105   Thumb Code    32  stm32g4xx_hal_cortex.o(.text.HAL_NVIC_SetPriorityGrouping)
    HAL_PWREx_DisableUCPDDeadBattery         0x08001125   Thumb Code    18  stm32g4xx_hal_pwr_ex.o(.text.HAL_PWREx_DisableUCPDDeadBattery)
    HAL_SYSTICK_Config                       0x08001139   Thumb Code    44  stm32g4xx_hal_cortex.o(.text.HAL_SYSTICK_Config)
    HardFault_Handler                        0x08001165   Thumb Code     2  stm32g4xx_it.o(.text.HardFault_Handler)
    LL_ADC_CommonInit                        0x08001169   Thumb Code    78  stm32g4xx_ll_adc.o(.text.LL_ADC_CommonInit)
    LL_ADC_INJ_Init                          0x080011b9   Thumb Code    70  stm32g4xx_ll_adc.o(.text.LL_ADC_INJ_Init)
    LL_ADC_Init                              0x08001201   Thumb Code    40  stm32g4xx_ll_adc.o(.text.LL_ADC_Init)
    LL_ADC_REG_Init                          0x08001229   Thumb Code    82  stm32g4xx_ll_adc.o(.text.LL_ADC_REG_Init)
    LL_DAC_Init                              0x0800127d   Thumb Code   166  stm32g4xx_ll_dac.o(.text.LL_DAC_Init)
    LL_GPIO_Init                             0x08001325   Thumb Code   222  stm32g4xx_ll_gpio.o(.text.LL_GPIO_Init)
    LL_RCC_GetUARTClockFreq                  0x08001405   Thumb Code   304  stm32g4xx_ll_rcc.o(.text.LL_RCC_GetUARTClockFreq)
    LL_RCC_GetUSARTClockFreq                 0x08001535   Thumb Code   500  stm32g4xx_ll_rcc.o(.text.LL_RCC_GetUSARTClockFreq)
    LL_SPI_Init                              0x08001729   Thumb Code   140  stm32g4xx_ll_spi.o(.text.LL_SPI_Init)
    LL_SetSystemCoreClock                    0x080017b5   Thumb Code    12  stm32g4xx_ll_utils.o(.text.LL_SetSystemCoreClock)
    LL_TIM_Init                              0x080017c1   Thumb Code   278  stm32g4xx_ll_tim.o(.text.LL_TIM_Init)
    LL_TIM_OC_Init                           0x080018d9   Thumb Code   852  stm32g4xx_ll_tim.o(.text.LL_TIM_OC_Init)
    LL_USART_Init                            0x08001c2d   Thumb Code   264  stm32g4xx_ll_usart.o(.text.LL_USART_Init)
    MX_ADC1_Init                             0x08001d65   Thumb Code   614  adc.o(.text.MX_ADC1_Init)
    MX_ADC2_Init                             0x08001fcd   Thumb Code   346  adc.o(.text.MX_ADC2_Init)
    MX_CORDIC_Init                           0x08002129   Thumb Code    32  cordic.o(.text.MX_CORDIC_Init)
    MX_DAC1_Init                             0x08002149   Thumb Code   230  dac.o(.text.MX_DAC1_Init)
    MX_FDCAN1_Init                           0x08002231   Thumb Code    80  fdcan.o(.text.MX_FDCAN1_Init)
    MX_FMAC_Init                             0x08002281   Thumb Code    32  fmac.o(.text.MX_FMAC_Init)
    MX_GPIO_Init                             0x080022a1   Thumb Code   342  gpio.o(.text.MX_GPIO_Init)
    MX_SPI1_Init                             0x080023f9   Thumb Code   230  spi.o(.text.MX_SPI1_Init)
    MX_SPI2_Init                             0x080024e1   Thumb Code   258  spi.o(.text.MX_SPI2_Init)
    MX_TIM8_Init                             0x080025e5   Thumb Code   464  tim.o(.text.MX_TIM8_Init)
    MX_USART3_UART_Init                      0x080027b5   Thumb Code   422  usart.o(.text.MX_USART3_UART_Init)
    MemManage_Handler                        0x0800295d   Thumb Code     2  stm32g4xx_it.o(.text.MemManage_Handler)
    NMI_Handler                              0x08002961   Thumb Code     2  stm32g4xx_it.o(.text.NMI_Handler)
    PendSV_Handler                           0x08002965   Thumb Code     2  stm32g4xx_it.o(.text.PendSV_Handler)
    SVC_Handler                              0x08002969   Thumb Code     2  stm32g4xx_it.o(.text.SVC_Handler)
    SysTick_Handler                          0x0800296d   Thumb Code     4  stm32g4xx_it.o(.text.SysTick_Handler)
    SystemClock_Config                       0x08002971   Thumb Code   376  foc_init.o(.text.SystemClock_Config)
    SystemInit                               0x08002ae9   Thumb Code    18  system_stm32g4xx.o(.text.SystemInit)
    UsageFault_Handler                       0x08002afd   Thumb Code     2  stm32g4xx_it.o(.text.UsageFault_Handler)
    angle_normalize                          0x08002b01   Thumb Code    44  foc_conversion.o(.text.angle_normalize)
    arm_add_f32                              0x08002b31   Thumb Code   142  arm_add_f32.o(.text.arm_add_f32)
    arm_mult_f32                             0x08002bc1   Thumb Code   142  arm_mult_f32.o(.text.arm_mult_f32)
    arm_negate_f32                           0x08002c51   Thumb Code   106  arm_negate_f32.o(.text.arm_negate_f32)
    arm_scale_f32                            0x08002cbd   Thumb Code   102  arm_scale_f32.o(.text.arm_scale_f32)
    arm_sin_cos_f32                          0x08002d25   Thumb Code   292  arm_sin_cos_f32.o(.text.arm_sin_cos_f32)
    arm_sub_f32                              0x08002e49   Thumb Code   142  arm_sub_f32.o(.text.arm_sub_f32)
    bsp_pwm_set_duty_three_phase             0x08002ed9   Thumb Code    16  tim.o(.text.bsp_pwm_set_duty_three_phase)
    bsp_pwm_start                            0x08002ee9   Thumb Code   114  tim.o(.text.bsp_pwm_start)
    debug_log                                0x08002f5d   Thumb Code   272  usart.o(.text.debug_log)
    encoder_clear_error                      0x0800306d   Thumb Code     6  foc_encoder.o(.text.encoder_clear_error)
    encoder_init                             0x08003075   Thumb Code   152  foc_encoder.o(.text.encoder_init)
    encoder_read_data                        0x0800310d   Thumb Code    88  foc_encoder.o(.text.encoder_read_data)
    foc_open_loop_control                    0x0800337d   Thumb Code   132  foc_control.o(.text.foc_open_loop_control)
    inv_park_transform_f32                   0x08003409   Thumb Code    92  foc_conversion.o(.text.inv_park_transform_f32)
    main                                     0x08003469   Thumb Code   168  main.o(.text.main)
    svpwm_calc_times                         0x08003585   Thumb Code   452  foc_conversion.o(.text.svpwm_calc_times)
    svpwm_duty_calc                          0x0800375d   Thumb Code   244  foc_conversion.o(.text.svpwm_duty_calc)
    svpwm_sector_calc                        0x08003855   Thumb Code    88  foc_conversion.o(.text.svpwm_sector_calc)
    __0vsnprintf                             0x080038c1   Thumb Code    46  printfa.o(i.__0vsnprintf)
    __1vsnprintf                             0x080038c1   Thumb Code     0  printfa.o(i.__0vsnprintf)
    __2vsnprintf                             0x080038c1   Thumb Code     0  printfa.o(i.__0vsnprintf)
    __c89vsnprintf                           0x080038c1   Thumb Code     0  printfa.o(i.__0vsnprintf)
    vsnprintf                                0x080038c1   Thumb Code     0  printfa.o(i.__0vsnprintf)
    __hardfp_fmodf                           0x080038f5   Thumb Code   176  fmodf.o(i.__hardfp_fmodf)
    __mathlib_flt_invalid                    0x080039a5   Thumb Code    10  funder.o(i.__mathlib_flt_invalid)
    __scatterload_copy                       0x080039b5   Thumb Code    14  handlers.o(i.__scatterload_copy)
    __scatterload_null                       0x080039c3   Thumb Code     2  handlers.o(i.__scatterload_null)
    __scatterload_zeroinit                   0x080039c5   Thumb Code    14  handlers.o(i.__scatterload_zeroinit)
    __set_errno                              0x080039d5   Thumb Code     6  errno.o(i.__set_errno)
    AHBPrescTable                            0x080042a8   Data          16  system_stm32g4xx.o(.rodata.AHBPrescTable)
    APBPrescTable                            0x080042b8   Data           8  system_stm32g4xx.o(.rodata.APBPrescTable)
    sinTable_f32                             0x080042c0   Data        2052  arm_common_tables.o(.rodata.sinTable_f32)
    Region$$Table$$Base                      0x08004b80   Number         0  anon$$obj.o(Region$$Table)
    Region$$Table$$Limit                     0x08004ba0   Number         0  anon$$obj.o(Region$$Table)
    target_speed                             0x20000004   Data           4  adc.o(.data..L_MergedGlobals)
    target_q                                 0x20000008   Data           4  adc.o(.data..L_MergedGlobals)
    uwTickPrio                               0x2000000c   Data           4  stm32g4xx_hal.o(.data..L_MergedGlobals)
    uwTickFreq                               0x20000010   Data           4  stm32g4xx_hal.o(.data..L_MergedGlobals)
    SystemCoreClock                          0x20000014   Data           4  system_stm32g4xx.o(.data.SystemCoreClock)
    svpwm                                    0x2000001c   Data          20  foc_control.o(.bss..L_MergedGlobals)
    alpha_beta                               0x20000030   Data          24  foc_control.o(.bss..L_MergedGlobals)
    foc_ctrl                                 0x20000048   Data          44  foc_control.o(.bss..L_MergedGlobals)
    foc_current_data                         0x20000074   Data          12  adc.o(.bss..L_MergedGlobals.20)
    foc_raw_data                             0x20000080   Data          14  adc.o(.bss..L_MergedGlobals.20)
    encoder_data                             0x20000190   Data          16  main.o(.bss.encoder_data)
    hfdcan1                                  0x200001a0   Data         100  fdcan.o(.bss.hfdcan1)
    uwTick                                   0x20000204   Data           4  stm32g4xx_hal.o(.bss.uwTick)
    __initial_sp                             0x20000608   Data           0  startup_stm32g431xx.o(STACK)



==============================================================================

Memory Map of the image

  Image Entry point : 0x080001d9

  Load Region LR_IROM1 (Base: 0x08000000, Size: 0x00004bb8, Max: 0x00020000, ABSOLUTE)

    Execution Region ER_IROM1 (Exec base: 0x08000000, Load base: 0x08000000, Size: 0x00004ba0, Max: 0x00020000, ABSOLUTE)

    Exec Addr    Load Addr    Size         Type   Attr      Idx    E Section Name        Object

    0x08000000   0x08000000   0x000001d8   Data   RO            3    RESET               startup_stm32g431xx.o
    0x080001d8   0x080001d8   0x00000000   Code   RO         1340  * .ARM.Collect$$$$00000000  mc_w.l(entry.o)
    0x080001d8   0x080001d8   0x00000004   Code   RO         1405    .ARM.Collect$$$$00000001  mc_w.l(entry2.o)
    0x080001dc   0x080001dc   0x00000004   Code   RO         1408    .ARM.Collect$$$$00000004  mc_w.l(entry5.o)
    0x080001e0   0x080001e0   0x00000000   Code   RO         1410    .ARM.Collect$$$$00000008  mc_w.l(entry7b.o)
    0x080001e0   0x080001e0   0x00000000   Code   RO         1412    .ARM.Collect$$$$0000000A  mc_w.l(entry8b.o)
    0x080001e0   0x080001e0   0x00000008   Code   RO         1413    .ARM.Collect$$$$0000000B  mc_w.l(entry9a.o)
    0x080001e8   0x080001e8   0x00000000   Code   RO         1415    .ARM.Collect$$$$0000000D  mc_w.l(entry10a.o)
    0x080001e8   0x080001e8   0x00000000   Code   RO         1417    .ARM.Collect$$$$0000000F  mc_w.l(entry11a.o)
    0x080001e8   0x080001e8   0x00000004   Code   RO         1406    .ARM.Collect$$$$00002712  mc_w.l(entry2.o)
    0x080001ec   0x080001ec   0x00000024   Code   RO            4    .text               startup_stm32g431xx.o
    0x08000210   0x08000210   0x00000024   Code   RO         1343    .text               mc_w.l(memseta.o)
    0x08000234   0x08000234   0x00000026   Code   RO         1373    .text               mf_w.l(f2d.o)
    0x0800025a   0x0800025a   0x0000002c   Code   RO         1433    .text               mc_w.l(uidiv.o)
    0x08000286   0x08000286   0x00000062   Code   RO         1435    .text               mc_w.l(uldiv.o)
    0x080002e8   0x080002e8   0x00000000   Code   RO         1444    .text               mc_w.l(iusefp.o)
    0x080002e8   0x080002e8   0x0000006e   Code   RO         1445    .text               mf_w.l(fepilogue.o)
    0x08000356   0x08000356   0x00000052   Code   RO         1447    .text               mf_w.l(frem.o)
    0x080003a8   0x080003a8   0x0000014e   Code   RO         1449    .text               mf_w.l(dadd.o)
    0x080004f6   0x080004f6   0x000000e4   Code   RO         1451    .text               mf_w.l(dmul.o)
    0x080005da   0x080005da   0x000000de   Code   RO         1453    .text               mf_w.l(ddiv.o)
    0x080006b8   0x080006b8   0x00000030   Code   RO         1457    .text               mf_w.l(dfixul.o)
    0x080006e8   0x080006e8   0x00000030   Code   RO         1459    .text               mf_w.l(cdrcmple.o)
    0x08000718   0x08000718   0x00000030   Code   RO         1461    .text               mc_w.l(init.o)
    0x08000748   0x08000748   0x0000001e   Code   RO         1464    .text               mc_w.l(llshl.o)
    0x08000766   0x08000766   0x00000020   Code   RO         1466    .text               mc_w.l(llushr.o)
    0x08000786   0x08000786   0x00000024   Code   RO         1468    .text               mc_w.l(llsshr.o)
    0x080007aa   0x080007aa   0x000000ba   Code   RO         1471    .text               mf_w.l(depilogue.o)
    0x08000864   0x08000864   0x00000088   Code   RO           38    .text.ADC1_2_IRQHandler  adc.o
    0x080008ec   0x080008ec   0x00000002   Code   RO          143    .text.BusFault_Handler  stm32g4xx_it.o
    0x080008ee   0x080008ee   0x00000002   PAD
    0x080008f0   0x080008f0   0x00000002   Code   RO          149    .text.DebugMon_Handler  stm32g4xx_it.o
    0x080008f2   0x080008f2   0x00000002   PAD
    0x080008f4   0x080008f4   0x0000000a   Code   RO           13    .text.Error_Handler  main.o
    0x080008fe   0x080008fe   0x00000002   PAD
    0x08000900   0x08000900   0x0000000c   Code   RO          155    .text.FDCAN1_IT0_IRQHandler  stm32g4xx_it.o
    0x0800090c   0x0800090c   0x0000004e   Code   RO         1063    .text.FOC_Init      foc_init.o
    0x0800095a   0x0800095a   0x00000002   PAD
    0x0800095c   0x0800095c   0x00000028   Code   RO          284    .text.HAL_Delay     stm32g4xx_hal.o
    0x08000984   0x08000984   0x00000002   Code   RO          913    .text.HAL_FDCAN_ErrorCallback  stm32g4xx_hal_fdcan.o
    0x08000986   0x08000986   0x00000002   PAD
    0x08000988   0x08000988   0x00000002   Code   RO          911    .text.HAL_FDCAN_ErrorStatusCallback  stm32g4xx_hal_fdcan.o
    0x0800098a   0x0800098a   0x00000002   PAD
    0x0800098c   0x0800098c   0x00000002   Code   RO          893    .text.HAL_FDCAN_HighPriorityMessageCallback  stm32g4xx_hal_fdcan.o
    0x0800098e   0x0800098e   0x00000002   PAD
    0x08000990   0x08000990   0x0000017a   Code   RO          891    .text.HAL_FDCAN_IRQHandler  stm32g4xx_hal_fdcan.o
    0x08000b0a   0x08000b0a   0x00000002   PAD
    0x08000b0c   0x08000b0c   0x00000250   Code   RO          799    .text.HAL_FDCAN_Init  stm32g4xx_hal_fdcan.o
    0x08000d5c   0x08000d5c   0x0000008c   Code   RO           74    .text.HAL_FDCAN_MspInit  fdcan.o
    0x08000de8   0x08000de8   0x00000002   Code   RO          899    .text.HAL_FDCAN_RxFifo0Callback  stm32g4xx_hal_fdcan.o
    0x08000dea   0x08000dea   0x00000002   PAD
    0x08000dec   0x08000dec   0x00000002   Code   RO          901    .text.HAL_FDCAN_RxFifo1Callback  stm32g4xx_hal_fdcan.o
    0x08000dee   0x08000dee   0x00000002   PAD
    0x08000df0   0x08000df0   0x00000002   Code   RO          909    .text.HAL_FDCAN_TimeoutOccurredCallback  stm32g4xx_hal_fdcan.o
    0x08000df2   0x08000df2   0x00000002   PAD
    0x08000df4   0x08000df4   0x00000002   Code   RO          907    .text.HAL_FDCAN_TimestampWraparoundCallback  stm32g4xx_hal_fdcan.o
    0x08000df6   0x08000df6   0x00000002   PAD
    0x08000df8   0x08000df8   0x00000002   Code   RO          895    .text.HAL_FDCAN_TxBufferAbortCallback  stm32g4xx_hal_fdcan.o
    0x08000dfa   0x08000dfa   0x00000002   PAD
    0x08000dfc   0x08000dfc   0x00000002   Code   RO          905    .text.HAL_FDCAN_TxBufferCompleteCallback  stm32g4xx_hal_fdcan.o
    0x08000dfe   0x08000dfe   0x00000002   PAD
    0x08000e00   0x08000e00   0x00000002   Code   RO          897    .text.HAL_FDCAN_TxEventFifoCallback  stm32g4xx_hal_fdcan.o
    0x08000e02   0x08000e02   0x00000002   PAD
    0x08000e04   0x08000e04   0x00000002   Code   RO          903    .text.HAL_FDCAN_TxFifoEmptyCallback  stm32g4xx_hal_fdcan.o
    0x08000e06   0x08000e06   0x00000002   PAD
    0x08000e08   0x08000e08   0x000001b2   Code   RO          504    .text.HAL_GPIO_Init  stm32g4xx_hal_gpio.o
    0x08000fba   0x08000fba   0x00000002   PAD
    0x08000fbc   0x08000fbc   0x0000000c   Code   RO          276    .text.HAL_GetTick   stm32g4xx_hal.o
    0x08000fc8   0x08000fc8   0x0000001a   Code   RO          274    .text.HAL_IncTick   stm32g4xx_hal.o
    0x08000fe2   0x08000fe2   0x00000002   PAD
    0x08000fe4   0x08000fe4   0x0000001e   Code   RO          264    .text.HAL_Init      stm32g4xx_hal.o
    0x08001002   0x08001002   0x00000002   PAD
    0x08001004   0x08001004   0x00000050   Code   RO          266    .text.HAL_InitTick  stm32g4xx_hal.o
    0x08001054   0x08001054   0x00000034   Code   RO          164    .text.HAL_MspInit   stm32g4xx_hal_msp.o
    0x08001088   0x08001088   0x00000022   Code   RO          730    .text.HAL_NVIC_EnableIRQ  stm32g4xx_hal_cortex.o
    0x080010aa   0x080010aa   0x00000002   PAD
    0x080010ac   0x080010ac   0x00000056   Code   RO          728    .text.HAL_NVIC_SetPriority  stm32g4xx_hal_cortex.o
    0x08001102   0x08001102   0x00000002   PAD
    0x08001104   0x08001104   0x00000020   Code   RO          726    .text.HAL_NVIC_SetPriorityGrouping  stm32g4xx_hal_cortex.o
    0x08001124   0x08001124   0x00000012   Code   RO          716    .text.HAL_PWREx_DisableUCPDDeadBattery  stm32g4xx_hal_pwr_ex.o
    0x08001136   0x08001136   0x00000002   PAD
    0x08001138   0x08001138   0x0000002c   Code   RO          738    .text.HAL_SYSTICK_Config  stm32g4xx_hal_cortex.o
    0x08001164   0x08001164   0x00000002   Code   RO          139    .text.HardFault_Handler  stm32g4xx_it.o
    0x08001166   0x08001166   0x00000002   PAD
    0x08001168   0x08001168   0x0000004e   Code   RO          224    .text.LL_ADC_CommonInit  stm32g4xx_ll_adc.o
    0x080011b6   0x080011b6   0x00000002   PAD
    0x080011b8   0x080011b8   0x00000046   Code   RO          238    .text.LL_ADC_INJ_Init  stm32g4xx_ll_adc.o
    0x080011fe   0x080011fe   0x00000002   PAD
    0x08001200   0x08001200   0x00000028   Code   RO          230    .text.LL_ADC_Init   stm32g4xx_ll_adc.o
    0x08001228   0x08001228   0x00000052   Code   RO          234    .text.LL_ADC_REG_Init  stm32g4xx_ll_adc.o
    0x0800127a   0x0800127a   0x00000002   PAD
    0x0800127c   0x0800127c   0x000000a6   Code   RO          787    .text.LL_DAC_Init   stm32g4xx_ll_dac.o
    0x08001322   0x08001322   0x00000002   PAD
    0x08001324   0x08001324   0x000000de   Code   RO          210    .text.LL_GPIO_Init  stm32g4xx_ll_gpio.o
    0x08001402   0x08001402   0x00000002   PAD
    0x08001404   0x08001404   0x00000130   Code   RO         1020    .text.LL_RCC_GetUARTClockFreq  stm32g4xx_ll_rcc.o
    0x08001534   0x08001534   0x000001f4   Code   RO         1018    .text.LL_RCC_GetUSARTClockFreq  stm32g4xx_ll_rcc.o
    0x08001728   0x08001728   0x0000008c   Code   RO          942    .text.LL_SPI_Init   stm32g4xx_ll_spi.o
    0x080017b4   0x080017b4   0x0000000c   Code   RO          176    .text.LL_SetSystemCoreClock  stm32g4xx_ll_utils.o
    0x080017c0   0x080017c0   0x00000116   Code   RO          966    .text.LL_TIM_Init   stm32g4xx_ll_tim.o
    0x080018d6   0x080018d6   0x00000002   PAD
    0x080018d8   0x080018d8   0x00000354   Code   RO          970    .text.LL_TIM_OC_Init  stm32g4xx_ll_tim.o
    0x08001c2c   0x08001c2c   0x00000138   Code   RO          998    .text.LL_USART_Init  stm32g4xx_ll_usart.o
    0x08001d64   0x08001d64   0x00000266   Code   RO           34    .text.MX_ADC1_Init  adc.o
    0x08001fca   0x08001fca   0x00000002   PAD
    0x08001fcc   0x08001fcc   0x0000015a   Code   RO           36    .text.MX_ADC2_Init  adc.o
    0x08002126   0x08002126   0x00000002   PAD
    0x08002128   0x08002128   0x00000020   Code   RO           55    .text.MX_CORDIC_Init  cordic.o
    0x08002148   0x08002148   0x000000e6   Code   RO           63    .text.MX_DAC1_Init  dac.o
    0x0800222e   0x0800222e   0x00000002   PAD
    0x08002230   0x08002230   0x00000050   Code   RO           72    .text.MX_FDCAN1_Init  fdcan.o
    0x08002280   0x08002280   0x00000020   Code   RO           87    .text.MX_FMAC_Init  fmac.o
    0x080022a0   0x080022a0   0x00000156   Code   RO           26    .text.MX_GPIO_Init  gpio.o
    0x080023f6   0x080023f6   0x00000002   PAD
    0x080023f8   0x080023f8   0x000000e6   Code   RO           95    .text.MX_SPI1_Init  spi.o
    0x080024de   0x080024de   0x00000002   PAD
    0x080024e0   0x080024e0   0x00000102   Code   RO           97    .text.MX_SPI2_Init  spi.o
    0x080025e2   0x080025e2   0x00000002   PAD
    0x080025e4   0x080025e4   0x000001d0   Code   RO          106    .text.MX_TIM8_Init  tim.o
    0x080027b4   0x080027b4   0x000001a6   Code   RO          122    .text.MX_USART3_UART_Init  usart.o
    0x0800295a   0x0800295a   0x00000002   PAD
    0x0800295c   0x0800295c   0x00000002   Code   RO          141    .text.MemManage_Handler  stm32g4xx_it.o
    0x0800295e   0x0800295e   0x00000002   PAD
    0x08002960   0x08002960   0x00000002   Code   RO          137    .text.NMI_Handler   stm32g4xx_it.o
    0x08002962   0x08002962   0x00000002   PAD
    0x08002964   0x08002964   0x00000002   Code   RO          151    .text.PendSV_Handler  stm32g4xx_it.o
    0x08002966   0x08002966   0x00000002   PAD
    0x08002968   0x08002968   0x00000002   Code   RO          147    .text.SVC_Handler   stm32g4xx_it.o
    0x0800296a   0x0800296a   0x00000002   PAD
    0x0800296c   0x0800296c   0x00000004   Code   RO          153    .text.SysTick_Handler  stm32g4xx_it.o
    0x08002970   0x08002970   0x00000178   Code   RO         1065    .text.SystemClock_Config  foc_init.o
    0x08002ae8   0x08002ae8   0x00000012   Code   RO         1048    .text.SystemInit    system_stm32g4xx.o
    0x08002afa   0x08002afa   0x00000002   PAD
    0x08002afc   0x08002afc   0x00000002   Code   RO          145    .text.UsageFault_Handler  stm32g4xx_it.o
    0x08002afe   0x08002afe   0x00000002   PAD
    0x08002b00   0x08002b00   0x00000030   Code   RO         1117    .text.angle_normalize  foc_conversion.o
    0x08002b30   0x08002b30   0x0000008e   Code   RO         1155    .text.arm_add_f32   arm_cortexM4lf_math.lib(arm_add_f32.o)
    0x08002bbe   0x08002bbe   0x00000002   PAD
    0x08002bc0   0x08002bc0   0x0000008e   Code   RO         1164    .text.arm_mult_f32  arm_cortexM4lf_math.lib(arm_mult_f32.o)
    0x08002c4e   0x08002c4e   0x00000002   PAD
    0x08002c50   0x08002c50   0x0000006a   Code   RO         1173    .text.arm_negate_f32  arm_cortexM4lf_math.lib(arm_negate_f32.o)
    0x08002cba   0x08002cba   0x00000002   PAD
    0x08002cbc   0x08002cbc   0x00000066   Code   RO         1182    .text.arm_scale_f32  arm_cortexM4lf_math.lib(arm_scale_f32.o)
    0x08002d22   0x08002d22   0x00000002   PAD
    0x08002d24   0x08002d24   0x00000124   Code   RO         1200    .text.arm_sin_cos_f32  arm_cortexM4lf_math.lib(arm_sin_cos_f32.o)
    0x08002e48   0x08002e48   0x0000008e   Code   RO         1191    .text.arm_sub_f32   arm_cortexM4lf_math.lib(arm_sub_f32.o)
    0x08002ed6   0x08002ed6   0x00000002   PAD
    0x08002ed8   0x08002ed8   0x00000010   Code   RO          108    .text.bsp_pwm_set_duty_three_phase  tim.o
    0x08002ee8   0x08002ee8   0x00000072   Code   RO          110    .text.bsp_pwm_start  tim.o
    0x08002f5a   0x08002f5a   0x00000002   PAD
    0x08002f5c   0x08002f5c   0x00000110   Code   RO          126    .text.debug_log     usart.o
    0x0800306c   0x0800306c   0x00000006   Code   RO         1101    .text.encoder_clear_error  foc_encoder.o
    0x08003072   0x08003072   0x00000002   PAD
    0x08003074   0x08003074   0x00000098   Code   RO         1091    .text.encoder_init  foc_encoder.o
    0x0800310c   0x0800310c   0x0000005c   Code   RO         1107    .text.encoder_read_data  foc_encoder.o
    0x08003168   0x08003168   0x00000214   Code   RO         1095    .text.encoder_read_reg  foc_encoder.o
    0x0800337c   0x0800337c   0x0000008c   Code   RO         1075    .text.foc_open_loop_control  foc_control.o
    0x08003408   0x08003408   0x00000060   Code   RO         1125    .text.inv_park_transform_f32  foc_conversion.o
    0x08003468   0x08003468   0x0000011c   Code   RO           11    .text.main          main.o
    0x08003584   0x08003584   0x000001d8   Code   RO         1121    .text.svpwm_calc_times  foc_conversion.o
    0x0800375c   0x0800375c   0x000000f8   Code   RO         1123    .text.svpwm_duty_calc  foc_conversion.o
    0x08003854   0x08003854   0x0000006c   Code   RO         1119    .text.svpwm_sector_calc  foc_conversion.o
    0x080038c0   0x080038c0   0x00000034   Code   RO         1351    i.__0vsnprintf      mc_w.l(printfa.o)
    0x080038f4   0x080038f4   0x000000b0   Code   RO         1334    i.__hardfp_fmodf    m_wm.l(fmodf.o)
    0x080039a4   0x080039a4   0x00000010   Code   RO         1394    i.__mathlib_flt_invalid  m_wm.l(funder.o)
    0x080039b4   0x080039b4   0x0000000e   Code   RO         1475    i.__scatterload_copy  mc_w.l(handlers.o)
    0x080039c2   0x080039c2   0x00000002   Code   RO         1476    i.__scatterload_null  mc_w.l(handlers.o)
    0x080039c4   0x080039c4   0x0000000e   Code   RO         1477    i.__scatterload_zeroinit  mc_w.l(handlers.o)
    0x080039d2   0x080039d2   0x00000002   PAD
    0x080039d4   0x080039d4   0x0000000c   Code   RO         1439    i.__set_errno       mc_w.l(errno.o)
    0x080039e0   0x080039e0   0x00000184   Code   RO         1353    i._fp_digits        mc_w.l(printfa.o)
    0x08003b64   0x08003b64   0x000006dc   Code   RO         1354    i._printf_core      mc_w.l(printfa.o)
    0x08004240   0x08004240   0x00000024   Code   RO         1355    i._printf_post_padding  mc_w.l(printfa.o)
    0x08004264   0x08004264   0x0000002e   Code   RO         1356    i._printf_pre_padding  mc_w.l(printfa.o)
    0x08004292   0x08004292   0x00000016   Code   RO         1357    i._snputc           mc_w.l(printfa.o)
    0x080042a8   0x080042a8   0x00000010   Data   RO         1053    .rodata.AHBPrescTable  system_stm32g4xx.o
    0x080042b8   0x080042b8   0x00000008   Data   RO         1054    .rodata.APBPrescTable  system_stm32g4xx.o
    0x080042c0   0x080042c0   0x00000804   Data   RO         1321    .rodata.sinTable_f32  arm_cortexM4lf_math.lib(arm_common_tables.o)
    0x08004ac4   0x08004ac4   0x000000b9   Data   RO           16    .rodata.str1.1      main.o
    0x08004b7d   0x08004b7d   0x00000003   PAD
    0x08004b80   0x08004b80   0x00000020   Data   RO         1474    Region$$Table       anon$$obj.o


    Execution Region RW_IRAM1 (Exec base: 0x20000000, Load base: 0x08004ba0, Size: 0x00000608, Max: 0x00008000, ABSOLUTE)

    Exec Addr    Load Addr    Size         Type   Attr      Idx    E Section Name        Object

    0x20000000   0x08004ba0   0x00000004   Data   RW         1440    .data               mc_w.l(errno.o)
    0x20000004   0x08004ba4   0x00000008   Data   RW           45    .data..L_MergedGlobals  adc.o
    0x2000000c   0x08004bac   0x00000008   Data   RW          341    .data..L_MergedGlobals  stm32g4xx_hal.o
    0x20000014   0x08004bb4   0x00000004   Data   RW         1052    .data.SystemCoreClock  system_stm32g4xx.o
    0x20000018        -       0x0000005c   Zero   RW         1079    .bss..L_MergedGlobals  foc_control.o
    0x20000074        -       0x0000001a   Zero   RW           46    .bss..L_MergedGlobals.20  adc.o
    0x2000008e        -       0x00000100   Zero   RW          128    .bss.d_buffer       usart.o
    0x2000018e   0x08004bb8   0x00000002   PAD
    0x20000190        -       0x00000010   Zero   RW           15    .bss.encoder_data   main.o
    0x200001a0        -       0x00000064   Zero   RW           78    .bss.hfdcan1        fdcan.o
    0x20000204        -       0x00000004   Zero   RW          340    .bss.uwTick         stm32g4xx_hal.o
    0x20000208        -       0x00000400   Zero   RW            1    STACK               startup_stm32g431xx.o


==============================================================================

Image component sizes


      Code (inc. data)   RO Data    RW Data    ZI Data      Debug   Object Name

      1096          4          0          8         26      12566   adc.o
        32          0          0          0          0       1750   cordic.o
       230          0          0          0          0       3873   dac.o
       220          0          0          0        100       6791   fdcan.o
        32          0          0          0          0       1744   fmac.o
       140          8          0          0         92       1795   foc_control.o
       972         68          0          0          0       8407   foc_conversion.o
       782          4          0          0          0      11156   foc_encoder.o
       454          0          0          0          0       4535   foc_init.o
       342          0          0          0          0       2996   gpio.o
       294        116        185          0         16       1574   main.o
       488          0          0          0          0       3887   spi.o
        36          8        472          0       1024        844   startup_stm32g431xx.o
       188          0          0          8          4       8899   stm32g4xx_hal.o
       196          0          0          0          0      10397   stm32g4xx_hal_cortex.o
       992          0          0          0          0      23083   stm32g4xx_hal_fdcan.o
       434          0          0          0          0       5222   stm32g4xx_hal_gpio.o
        52          0          0          0          0       1735   stm32g4xx_hal_msp.o
        18          0          0          0          0       9326   stm32g4xx_hal_pwr_ex.o
        32          0          0          0          0       3739   stm32g4xx_it.o
       270          0          0          0          0       7485   stm32g4xx_ll_adc.o
       166          0          0          0          0       3775   stm32g4xx_ll_dac.o
       222          0          0          0          0       4154   stm32g4xx_ll_gpio.o
       804          0          0          0          0      18368   stm32g4xx_ll_rcc.o
       140          0          0          0          0       5254   stm32g4xx_ll_spi.o
      1130          0          0          0          0      12438   stm32g4xx_ll_tim.o
       312         48          0          0          0       5286   stm32g4xx_ll_usart.o
        12          0          0          0          0      12097   stm32g4xx_ll_utils.o
        18          0         24          4          0       2751   system_stm32g4xx.o
       594          0          0          0          0       7131   tim.o
       694          0          0          0        256      10519   usart.o

    ----------------------------------------------------------------------
     11480        256        716         20       1520     213577   Object Totals
         0          0         32          0          0          0   (incl. Generated)
        88          0          3          0          2          0   (incl. Padding)

    ----------------------------------------------------------------------

      Code (inc. data)   RO Data    RW Data    ZI Data      Debug   Library Member Name

       142          0          0          0          0       1122   arm_add_f32.o
         0          0       2052          0          0       6294   arm_common_tables.o
       142          0          0          0          0       1127   arm_mult_f32.o
       106          0          0          0          0       1022   arm_negate_f32.o
       102          0          0          0          0       1196   arm_scale_f32.o
       292         16          0          0          0       1600   arm_sin_cos_f32.o
       142          0          0          0          0       1124   arm_sub_f32.o
       176          0          0          0          0        168   fmodf.o
        16          6          0          0          0        116   funder.o
         0          0          0          0          0          0   entry.o
         0          0          0          0          0          0   entry10a.o
         0          0          0          0          0          0   entry11a.o
         8          4          0          0          0          0   entry2.o
         4          0          0          0          0          0   entry5.o
         0          0          0          0          0          0   entry7b.o
         0          0          0          0          0          0   entry8b.o
         8          4          0          0          0          0   entry9a.o
        12          6          0          4          0         68   errno.o
        30          0          0          0          0          0   handlers.o
        48         10          0          0          0         68   init.o
         0          0          0          0          0          0   iusefp.o
        30          0          0          0          0         68   llshl.o
        36          0          0          0          0         68   llsshr.o
        32          0          0          0          0         68   llushr.o
        36          0          0          0          0        108   memseta.o
      2300         86          0          0          0        516   printfa.o
        44          0          0          0          0         80   uidiv.o
        98          0          0          0          0         92   uldiv.o
        48          0          0          0          0         68   cdrcmple.o
       334          0          0          0          0        148   dadd.o
       222          0          0          0          0        100   ddiv.o
       186          0          0          0          0        176   depilogue.o
        48          0          0          0          0         68   dfixul.o
       228          0          0          0          0         96   dmul.o
        38          0          0          0          0         68   f2d.o
       110          0          0          0          0        168   fepilogue.o
        82          0          0          0          0         96   frem.o

    ----------------------------------------------------------------------
      5112        132       2052          4          0      15893   Library Totals
        12          0          0          0          0          0   (incl. Padding)

    ----------------------------------------------------------------------

      Code (inc. data)   RO Data    RW Data    ZI Data      Debug   Library Name

       926         16       2052          0          0      13485   arm_cortexM4lf_math.lib
       192          6          0          0          0        284   m_wm.l
      2686        110          0          4          0       1136   mc_w.l
      1296          0          0          0          0        988   mf_w.l

    ----------------------------------------------------------------------
      5112        132       2052          4          0      15893   Library Totals

    ----------------------------------------------------------------------

==============================================================================


      Code (inc. data)   RO Data    RW Data    ZI Data      Debug   

     16592        388       2768         24       1520     227874   Grand Totals
     16592        388       2768         24       1520     227874   ELF Image Totals
     16592        388       2768         24          0          0   ROM Totals

==============================================================================

    Total RO  Size (Code + RO Data)                19360 (  18.91kB)
    Total RW  Size (RW Data + ZI Data)              1544 (   1.51kB)
    Total ROM Size (Code + RO Data + RW Data)      19384 (  18.93kB)

==============================================================================

