<html>
<body>
<pre>
<h1>µVision Build Log</h1>
<h2>Tool Versions:</h2>
IDE-Version: ¦ÌVision V5.40.0.0
Copyright (C) 2024 ARM Ltd and ARM Germany GmbH. All rights reserved.
License Information: A Admin, sb, LIC=UJWP0-BKMRF-GK8BG-VYBSK-KZDPK-H0WBG
 
Tool Versions:
Toolchain:       MDK-ARM Plus  Version: 5.40.0.3
Toolchain Path:  D:\Keilv5\ARM\ARMCLANG\Bin
C Compiler:      ArmClang.exe V6.22
Assembler:       Armasm.exe V6.22
Linker/Locator:  ArmLink.exe V6.22
Library Manager: ArmAr.exe V6.22
Hex Converter:   FromElf.exe V6.22
CPU DLL:         SARMCM3.DLL V5.40.0.3
Dialog DLL:      DCM.DLL V1.17.5.0
Target DLL:      STLink\ST-LINKIII-KEIL_SWO.dll V3.3.0.0
Dialog DLL:      TCM.DLL V1.56.4.0
 
<h2>Project:</h2>
C:\Users\admin\Desktop\H_FOC_V2.0\Code\H_FOC V2.0\MDK-ARM\H_FOC V2.0.uvprojx
Project File Date:  01/03/2026

<h2>Output:</h2>
*** Using Compiler 'V6.22', folder: 'D:\Keilv5\ARM\ARMCLANG\Bin'
Build target 'H_FOC V2.0'
compiling foc_sys.c...
../Core/Src/main.c(29): warning: label followed by a declaration is a C23 extension [-Wc23-extensions]
   29 |           encoder_status_t enc_status = encoder_init();
      |           ^
1 warning generated.
compiling main.c...
../APP/foc_control.c(1): warning: In file included from...
../APP\foc_control.h(6): warning: In file included from...
../Core/Inc\main.h(9): warning: In file included from...
../APP\FOC_Init.h(33): warning: In file included from...
../APP\foc_encoder.h(28): warning: In file included from...
../MID\foc_conversion.h(123): warning: inline function 'clark_transform' is not defined [-Wundefined-inline]
  123 | extern inline void clark_transform(void *abc_i, void *abc_v, AlphaBetaTypeDef *alpha_beta);
      |                    ^
../APP/foc_control.c(173): note: used here
  173 |     clark_transform(&foc_current_data,&foc_voltage_data, &alpha_beta);
      |     ^
../APP/foc_control.c(1): warning: In file included from...
../APP\foc_control.h(6): warning: In file included from...
../Core/Inc\main.h(9): warning: In file included from...
../APP\FOC_Init.h(33): warning: In file included from...
../APP\foc_encoder.h(28): warning: In file included from...
../MID\foc_conversion.h(130): warning: inline function 'park_transform' is not defined [-Wundefined-inline]
  130 | extern inline void park_transform(AlphaBetaTypeDef *alpha_beta, foc_control_t *foc_ctrl);
      |                    ^
../APP/foc_control.c(175): note: used here
  175 |     park_transform(&alpha_beta, &foc_ctrl);
      |     ^
../APP/foc_control.c(1): warning: In file included from...
../APP\foc_control.h(6): warning: In file included from...
../Core/Inc\main.h(9): warning: In file included from...
../APP\FOC_Init.h(33): warning: In file included from...
../APP\foc_encoder.h(28): warning: In file included from...
../MID\foc_conversion.h(84): warning: inline function 'angle_normalize_360' is not defined [-Wundefined-inline]
   84 | extern inline float32_t angle_normalize_360(float32_t angle);
      |                         ^
../APP/foc_control.c(184): note: used here
  184 |     angle_accum = angle_normalize_360(angle_accum);
      |                   ^
../APP/foc_control.c(1): warning: In file included from...
../APP\foc_control.h(6): warning: In file included from...
../Core/Inc\main.h(9): warning: In file included from...
../APP\FOC_Init.h(33): warning: In file included from...
../APP\foc_encoder.h(28): warning: In file included from...
../MID\foc_conversion.h(115): warning: inline function 'inv_park_transform_f32' is not defined [-Wundefined-inline]
  115 | extern inline void inv_park_transform_f32(foc_control_t *foc_ctrl, AlphaBetaTypeDef *alpha_beta, float32_t angle);
      |                    ^
../APP/foc_control.c(188): note: used here
  188 |     inv_park_transform_f32(&foc_ctrl, &alpha_beta, foc_ctrl.angle);
      |     ^
../APP/foc_control.c(1): warning: In file included from...
../APP\foc_control.h(6): warning: In file included from...
../Core/Inc\main.h(9): warning: In file included from...
../APP\FOC_Init.h(33): warning: In file included from...
../APP\foc_encoder.h(28): warning: In file included from...
../MID\foc_conversion.h(93): warning: inline function 'svpwm_sector_calc' is not defined [-Wundefined-inline]
   93 | extern inline uint8_t svpwm_sector_calc(AlphaBetaTypeDef *alpha_beta);
      |                       ^
../APP/foc_control.c(192): note: used here
  192 |     svpwm.sector = svpwm_sector_calc(&alpha_beta);
      |                    ^
../APP/foc_control.c(1): warning: In file included from...
../APP\foc_control.h(6): warning: In file included from...
../Core/Inc\main.h(9): warning: In file included from...
../APP\FOC_Init.h(33): warning: In file included from...
../APP\foc_encoder.h(28): warning: In file included from...
../MID\foc_conversion.h(101): warning: inline function 'svpwm_calc_times' is not defined [-Wundefined-inline]
  101 | extern inline void svpwm_calc_times(AlphaBetaTypeDef *alpha_beta, SVPWM_t *svpwm, float32_t vdc);
      |                    ^
../APP/foc_control.c(195): note: used here
  195 |     svpwm_calc_times(&alpha_beta, &svpwm, foc_voltage_data.vbus);
      |     ^
../APP/foc_control.c(1): warning: In file included from...
../APP\foc_control.h(6): warning: In file included from...
../Core/Inc\main.h(9): warning: In file included from...
../APP\FOC_Init.h(33): warning: In file included from...
../APP\foc_encoder.h(28): warning: In file included from...
../MID\foc_conversion.h(107): warning: inline function 'svpwm_duty_calc' is not defined [-Wundefined-inline]
  107 | extern inline void svpwm_duty_calc(SVPWM_t *svpwm);
      |                    ^
../APP/foc_control.c(197): note: used here
  197 |     svpwm_duty_calc(&svpwm);
      |     ^
../APP/foc_control.c(1): warning: In file included from...
../APP\foc_control.h(6): warning: In file included from...
../Core/Inc\main.h(9): warning: In file included from...
../APP\FOC_Init.h(33): warning: In file included from...
../APP\foc_encoder.h(28): warning: In file included from...
../MID\foc_conversion.h(146): warning: inline function 'foc_id_pid_calculate' is not defined [-Wundefined-inline]
  146 | extern inline float32_t foc_id_pid_calculate(float32_t target_id, float32_t actual_id);
      |                         ^
../APP/foc_control.c(217): note: used here
  217 |     foc_ctrl.out_d = foc_id_pid_calculate(foc_ctrl.target_d, foc_ctrl.abc_dq.current_d);
      |                      ^
../APP/foc_control.c(1): warning: In file included from...
../APP\foc_control.h(6): warning: In file included from...
../Core/Inc\main.h(9): warning: In file included from...
../APP\FOC_Init.h(33): warning: In file included from...
../APP\foc_encoder.h(28): warning: In file included from...
../MID\foc_conversion.h(154): warning: inline function 'foc_iq_pid_calculate' is not defined [-Wundefined-inline]
  154 | extern inline float32_t foc_iq_pid_calculate(float32_t target_iq, float32_t actual_iq);
      |                         ^
../APP/foc_control.c(218): note: used here
  218 |     foc_ctrl.out_q = foc_iq_pid_calculate(foc_ctrl.target_q, foc_ctrl.abc_dq.current_q);
      |                      ^
../APP/foc_control.c(1): warning: In file included from...
../APP\foc_control.h(6): warning: In file included from...
../Core/Inc\main.h(9): warning: In file included from...
../APP\FOC_Init.h(33): warning: In file included from...
../APP\foc_encoder.h(28): warning: In file included from...
../MID\foc_conversion.h(162): warning: inline function 'foc_speed_pid_calculate' is not defined [-Wundefined-inline]
  162 | extern inline float32_t foc_speed_pid_calculate(float32_t target_speed, float32_t actual_speed);
      |                         ^
../APP/foc_control.c(254): note: used here
  254 |     float iq_fb = foc_speed_pid_calculate(target_speed, encoder_data.mechanical_speed);
      |                   ^
../APP/foc_control.c(1): warning: In file included from...
../APP\foc_control.h(6): warning: In file included from...
../Core/Inc\main.h(9): warning: In file included from...
../APP\FOC_Init.h(33): warning: In file included from...
../APP\foc_encoder.h(28): warning: In file included from...
../MID\foc_conversion.h(170): warning: inline function 'foc_position_pid_calculate' is not defined [-Wundefined-inline]
  170 | extern inline float32_t foc_position_pid_calculate(float32_t target_position, float32_t current_position);
      |                         ^
../APP/foc_control.c(280): note: used here
  280 |     float iq_fb = foc_position_pid_calculate(g_ramp.pos_cmd, encoder_data.mechanical_angle);
      |                   ^
../APP/foc_control.c(1): warning: In file included from...
../APP\foc_control.h(6): warning: In file included from...
../Core/Inc\main.h(9): warning: In file included from...
../APP\FOC_Init.h(33): warning: In file included from...
../APP\foc_encoder.h(28): warning: In file included from...
../MID\foc_conversion.h(86): warning: inline function 'deg2rad' is not defined [-Wundefined-inline]
   86 | extern inline float deg2rad(float deg);
      |                     ^
../APP/foc_control.c(283): note: used here
  283 |     float theta = deg2rad(encoder_data.mechanical_angle);
      |                   ^
12 warnings generated.
compiling foc_control.c...
../APP/foc_encoder.c(21): warning: In file included from...
../APP\foc_encoder.h(24): warning: In file included from...
../Core/Inc\spi.h(29): warning: In file included from...
../Core/Inc\main.h(10): warning: In file included from...
../APP\foc_control.h(11): warning: In file included from...
../MID\foc_conversion.h(84): warning: inline function 'angle_normalize_360' is not defined [-Wundefined-inline]
   84 | extern inline float32_t angle_normalize_360(float32_t angle);
      |                         ^
../APP/foc_encoder.c(295): note: used here
  295 |     encoder_data.electrical_angle = angle_normalize_360(DIRECTION_CW * encoder_data.angle_raw_scaled * MOTOR_POLE_PAIRS);
      |                                     ^
1 warning generated.
compiling foc_encoder.c...
linking...
Program Size: Code=21392 RO-data=716 RW-data=36 ZI-data=5908  
FromELF: creating hex file...
"H_FOC V2.0\H_FOC V2.0" - 0 Error(s), 14 Warning(s).

<h2>Software Packages used:</h2>

Package Vendor: ARM
                https://www.keil.com/pack/ARM.CMSIS.6.1.0.pack
                ARM::CMSIS@6.1.0
                CMSIS (Common Microcontroller Software Interface Standard)
   * Component: CORE Version: 6.1.0

Package Vendor: Keil
                https://www.keil.com/pack/Keil.STM32G4xx_DFP.2.0.0.pack
                Keil::STM32G4xx_DFP@2.0.0
                STMicroelectronics STM32G4 Series Device Support

<h2>Collection of Component include folders:</h2>
  ./RTE/_H_FOC_V2.0
  D:/Keilv5/ARM/PACK/ARM/CMSIS/6.1.0/CMSIS/Core/Include

<h2>Collection of Component Files used:</h2>

   * Component: ARM::CMSIS:CORE@6.1.0
      Include file:  CMSIS/Core/Include/tz_context.h
Build Time Elapsed:  00:00:02
</pre>
</body>
</html>
