Component: Arm Compiler for Embedded 6.22 Tool: armlink [5ee90200]

==============================================================================

Section Cross References

    startup_stm32g431xx.o(RESET) refers to startup_stm32g431xx.o(STACK) for __initial_sp
    startup_stm32g431xx.o(RESET) refers to startup_stm32g431xx.o(.text) for Reset_Handler
    startup_stm32g431xx.o(RESET) refers to stm32g4xx_it.o(.text.NMI_Handler) for NMI_Handler
    startup_stm32g431xx.o(RESET) refers to stm32g4xx_it.o(.text.HardFault_Handler) for HardFault_Handler
    startup_stm32g431xx.o(RESET) refers to stm32g4xx_it.o(.text.MemManage_Handler) for MemManage_Handler
    startup_stm32g431xx.o(RESET) refers to stm32g4xx_it.o(.text.BusFault_Handler) for BusFault_Handler
    startup_stm32g431xx.o(RESET) refers to stm32g4xx_it.o(.text.UsageFault_Handler) for UsageFault_Handler
    startup_stm32g431xx.o(RESET) refers to stm32g4xx_it.o(.text.SVC_Handler) for SVC_Handler
    startup_stm32g431xx.o(RESET) refers to stm32g4xx_it.o(.text.DebugMon_Handler) for DebugMon_Handler
    startup_stm32g431xx.o(RESET) refers to stm32g4xx_it.o(.text.PendSV_Handler) for PendSV_Handler
    startup_stm32g431xx.o(RESET) refers to stm32g4xx_it.o(.text.SysTick_Handler) for SysTick_Handler
    startup_stm32g431xx.o(RESET) refers to adc.o(.text.DMA1_Channel1_IRQHandler) for DMA1_Channel1_IRQHandler
    startup_stm32g431xx.o(RESET) refers to adc.o(.text.DMA1_Channel2_IRQHandler) for DMA1_Channel2_IRQHandler
    startup_stm32g431xx.o(RESET) refers to stm32g4xx_it.o(.text.FDCAN1_IT0_IRQHandler) for FDCAN1_IT0_IRQHandler
    startup_stm32g431xx.o(RESET) refers to foc_sys.o(.text.TIM3_IRQHandler) for TIM3_IRQHandler
    startup_stm32g431xx.o(RESET) refers to usart.o(.text.USART3_IRQHandler) for USART3_IRQHandler
    startup_stm32g431xx.o(RESET) refers to foc_sys.o(.text.TIM8_CC_IRQHandler) for TIM8_CC_IRQHandler
    startup_stm32g431xx.o(.text) refers to system_stm32g4xx.o(.text.SystemInit) for SystemInit
    startup_stm32g431xx.o(.text) refers to entry.o(.ARM.Collect$$$$00000000) for __main
    main.o(.text.main) refers to foc_init.o(.text.FOC_Init) for FOC_Init
    main.o(.text.main) refers to main.o(.data.motor_ctrl) for motor_ctrl
    main.o(.text.main) refers to foc_sys.o(.bss..L_MergedGlobals) for foc_task
    main.o(.text.main) refers to adc.o(.bss..L_MergedGlobals.31) for foc_voltage_data
    main.o(.text.main) refers to main.o(.bss.enc_status) for enc_status
    main.o(.text.main) refers to foc_encoder.o(.text.encoder_init) for encoder_init
    main.o(.text.main) refers to foc_control.o(.text.foc_start_init) for foc_start_init
    main.o(.text.main) refers to tim.o(.text.bsp_pwm_stop) for bsp_pwm_stop
    main.o(.text.main) refers to main.o(.rodata.str1.1) for .L.str.2
    main.o(.text.main) refers to usart.o(.text.debug_log) for debug_log
    main.o(.text.main) refers to foc_communication.o(.text.foc_control_set) for foc_control_set
    main.o(.text.main) refers to foc_control.o(.text.foc_control) for foc_control
    main.o(.text.main) refers to adc.o(.text.get_foc_bus_voltage) for get_foc_bus_voltage
    main.o(.text.main) refers to adc.o(.text.update_Three_phase_voltage) for update_Three_phase_voltage
    main.o(.text.main) refers to adc.o(.text.update_mosfet_temperature) for update_mosfet_temperature
    main.o(.text.main) refers to foc_control.o(.text.foc_debug) for foc_debug
    main.o(.text.main) refers to fdcan.o(.text.FDCAN1_ProcessRxQueue) for FDCAN1_ProcessRxQueue
    main.o(.ARM.exidx.text.main) refers to main.o(.text.main) for [Anonymous Symbol]
    gpio.o(.text.MX_GPIO_Init) refers to stm32g4xx_ll_gpio.o(.text.LL_GPIO_Init) for LL_GPIO_Init
    gpio.o(.ARM.exidx.text.MX_GPIO_Init) refers to gpio.o(.text.MX_GPIO_Init) for [Anonymous Symbol]
    adc.o(.text.MX_ADC1_Init) refers to memseta.o(.text) for __aeabi_memclr4
    adc.o(.text.MX_ADC1_Init) refers to stm32g4xx_ll_gpio.o(.text.LL_GPIO_Init) for LL_GPIO_Init
    adc.o(.text.MX_ADC1_Init) refers to stm32g4xx_ll_adc.o(.text.LL_ADC_Init) for LL_ADC_Init
    adc.o(.text.MX_ADC1_Init) refers to stm32g4xx_ll_adc.o(.text.LL_ADC_CommonInit) for LL_ADC_CommonInit
    adc.o(.text.MX_ADC1_Init) refers to stm32g4xx_ll_adc.o(.text.LL_ADC_REG_Init) for LL_ADC_REG_Init
    adc.o(.text.MX_ADC1_Init) refers to stm32g4xx_ll_adc.o(.text.LL_ADC_INJ_Init) for LL_ADC_INJ_Init
    adc.o(.text.MX_ADC1_Init) refers to adc.o(.bss..L_MergedGlobals.31) for .L_MergedGlobals.31
    adc.o(.text.MX_ADC1_Init) refers to stm32g4xx_ll_dma.o(.text.LL_DMA_Init) for LL_DMA_Init
    adc.o(.text.MX_ADC1_Init) refers to system_stm32g4xx.o(.data.SystemCoreClock) for SystemCoreClock
    adc.o(.text.MX_ADC1_Init) refers to stm32g4xx_hal.o(.text.HAL_Delay) for HAL_Delay
    adc.o(.ARM.exidx.text.MX_ADC1_Init) refers to adc.o(.text.MX_ADC1_Init) for [Anonymous Symbol]
    adc.o(.text.MX_ADC2_Init) refers to memseta.o(.text) for __aeabi_memclr4
[...]
    .text                                    0x08000234   Section        0  memseta.o(.text)
    .text                                    0x08000258   Section        0  strstr.o(.text)
    .text                                    0x0800027c   Section        0  dadd.o(.text)
    .text                                    0x080003ca   Section        0  ddiv.o(.text)
    .text                                    0x080004a8   Section        0  dflti.o(.text)
    .text                                    0x080004ca   Section        0  f2d.o(.text)
    .text                                    0x080004f0   Section        0  d2f.o(.text)
    .text                                    0x08000528   Section        0  uidiv.o(.text)
    .text                                    0x08000554   Section        0  uldiv.o(.text)
    .text                                    0x080005b6   Section        0  llshl.o(.text)
    .text                                    0x080005d4   Section        0  llsshr.o(.text)
    .text                                    0x080005f8   Section        0  strtof.o(.text)
    .text                                    0x08000600   Section        0  iusefp.o(.text)
    .text                                    0x08000600   Section        0  fepilogue.o(.text)
    .text                                    0x0800066e   Section        0  depilogue.o(.text)
    .text                                    0x08000728   Section        0  dmul.o(.text)
    .text                                    0x0800080c   Section        0  dfixul.o(.text)
    .text                                    0x0800083c   Section       48  cdcmple.o(.text)
    .text                                    0x0800086c   Section       48  cdrcmple.o(.text)
    .text                                    0x0800089c   Section       48  init.o(.text)
    .text                                    0x080008cc   Section        0  llushr.o(.text)
    _local_sscanf                            0x080008ed   Thumb Code    62  strtod.o(.text)
    .text                                    0x080008ec   Section        0  strtod.o(.text)
    .text                                    0x08000994   Section        0  isspace_c.o(.text)
    _fp_value                                0x080009a1   Thumb Code   296  scanf_fp.o(.text)
    .text                                    0x080009a0   Section        0  scanf_fp.o(.text)
    .text                                    0x08000d00   Section        0  _sgetc.o(.text)
    .text                                    0x08000d40   Section        0  ctype_c.o(.text)
    .text                                    0x08000d68   Section        0  dfltul.o(.text)
    [Anonymous Symbol]                       0x08000d80   Section        0  stm32g4xx_it.o(.text.BusFault_Handler)
    [Anonymous Symbol]                       0x08000d84   Section        0  cordic.o(.text.CORDIC_SinCos_Deg)
    [Anonymous Symbol]                       0x08000e88   Section        0  adc.o(.text.DMA1_Channel1_IRQHandler)
    [Anonymous Symbol]                       0x08000ee0   Section        0  adc.o(.text.DMA1_Channel2_IRQHandler)
    [Anonymous Symbol]                       0x08000fd4   Section        0  stm32g4xx_it.o(.text.DebugMon_Handler)
    [Anonymous Symbol]                       0x08000fd8   Section        0  foc_sys.o(.text.Error_Handler)
    [Anonymous Symbol]                       0x08000fe4   Section        0  stm32g4xx_it.o(.text.FDCAN1_IT0_IRQHandler)
    [Anonymous Symbol]                       0x08000ff0   Section        0  fdcan.o(.text.FDCAN1_ProcessRxQueue)
    [Anonymous Symbol]                       0x080010ac   Section        0  foc_init.o(.text.FOC_Init)
    [Anonymous Symbol]                       0x080010f0   Section        0  stm32g4xx_hal.o(.text.HAL_Delay)
    [Anonymous Symbol]                       0x08001118   Section        0  stm32g4xx_hal_fdcan.o(.text.HAL_FDCAN_ActivateNotification)
    [Anonymous Symbol]                       0x08001224   Section        0  stm32g4xx_hal_fdcan.o(.text.HAL_FDCAN_ConfigFilter)
    [Anonymous Symbol]                       0x08001284   Section        0  stm32g4xx_hal_fdcan.o(.text.HAL_FDCAN_ErrorCallback)
    [Anonymous Symbol]                       0x08001288   Section        0  stm32g4xx_hal_fdcan.o(.text.HAL_FDCAN_ErrorStatusCallback)
    [Anonymous Symbol]                       0x0800128c   Section        0  stm32g4xx_hal_fdcan.o(.text.HAL_FDCAN_GetRxMessage)
    [Anonymous Symbol]                       0x080013e4   Section        0  stm32g4xx_hal_fdcan.o(.text.HAL_FDCAN_HighPriorityMessageCallback)
    [Anonymous Symbol]                       0x080013e8   Section        0  stm32g4xx_hal_fdcan.o(.text.HAL_FDCAN_IRQHandler)
    [Anonymous Symbol]                       0x08001564   Section        0  stm32g4xx_hal_fdcan.o(.text.HAL_FDCAN_Init)
    [Anonymous Symbol]                       0x080017b4   Section        0  fdcan.o(.text.HAL_FDCAN_MspInit)
    [Anonymous Symbol]                       0x08001844   Section        0  fdcan.o(.text.HAL_FDCAN_RxFifo0Callback)
    [Anonymous Symbol]                       0x0800194c   Section        0  stm32g4xx_hal_fdcan.o(.text.HAL_FDCAN_RxFifo1Callback)
    [Anonymous Symbol]                       0x08001950   Section        0  stm32g4xx_hal_fdcan.o(.text.HAL_FDCAN_Start)
    [Anonymous Symbol]                       0x0800197c   Section        0  stm32g4xx_hal_fdcan.o(.text.HAL_FDCAN_TimeoutOccurredCallback)
    [Anonymous Symbol]                       0x08001980   Section        0  stm32g4xx_hal_fdcan.o(.text.HAL_FDCAN_TimestampWraparoundCallback)
    [Anonymous Symbol]                       0x08001984   Section        0  stm32g4xx_hal_fdcan.o(.text.HAL_FDCAN_TxBufferAbortCallback)
    [Anonymous Symbol]                       0x08001988   Section        0  stm32g4xx_hal_fdcan.o(.text.HAL_FDCAN_TxBufferCompleteCallback)
    [Anonymous Symbol]                       0x0800198c   Section        0  stm32g4xx_hal_fdcan.o(.text.HAL_FDCAN_TxEventFifoCallback)
    [Anonymous Symbol]                       0x08001990   Section        0  stm32g4xx_hal_fdcan.o(.text.HAL_FDCAN_TxFifoEmptyCallback)
    [Anonymous Symbol]                       0x08001994   Section        0  stm32g4xx_hal_gpio.o(.text.HAL_GPIO_Init)
    [Anonymous Symbol]                       0x08001b48   Section        0  stm32g4xx_hal.o(.text.HAL_GetTick)
    [Anonymous Symbol]                       0x08001b54   Section        0  stm32g4xx_hal.o(.text.HAL_IncTick)
    [Anonymous Symbol]                       0x08001b70   Section        0  stm32g4xx_hal.o(.text.HAL_Init)
    [Anonymous Symbol]                       0x08001b90   Section        0  stm32g4xx_hal.o(.text.HAL_InitTick)
    [Anonymous Symbol]                       0x08001be0   Section        0  stm32g4xx_hal_msp.o(.text.HAL_MspInit)
    [Anonymous Symbol]                       0x08001c14   Section        0  stm32g4xx_hal_cortex.o(.text.HAL_NVIC_EnableIRQ)
    [Anonymous Symbol]                       0x08001c38   Section        0  stm32g4xx_hal_cortex.o(.text.HAL_NVIC_SetPriority)
    [Anonymous Symbol]                       0x08001c90   Section        0  stm32g4xx_hal_cortex.o(.text.HAL_NVIC_SetPriorityGrouping)
    [Anonymous Symbol]                       0x08001cb0   Section        0  stm32g4xx_hal_pwr_ex.o(.text.HAL_PWREx_DisableUCPDDeadBattery)
    [Anonymous Symbol]                       0x08001cc4   Section        0  stm32g4xx_hal_cortex.o(.text.HAL_SYSTICK_Config)
    [Anonymous Symbol]                       0x08001cf0   Section        0  stm32g4xx_it.o(.text.HardFault_Handler)
    [Anonymous Symbol]                       0x08001cf4   Section        0  stm32g4xx_ll_adc.o(.text.LL_ADC_CommonInit)
    [Anonymous Symbol]                       0x08001d44   Section        0  stm32g4xx_ll_adc.o(.text.LL_ADC_INJ_Init)
    [Anonymous Symbol]                       0x08001d8c   Section        0  stm32g4xx_ll_adc.o(.text.LL_ADC_Init)
    [Anonymous Symbol]                       0x08001db4   Section        0  stm32g4xx_ll_adc.o(.text.LL_ADC_REG_Init)
    [Anonymous Symbol]                       0x08001e08   Section        0  stm32g4xx_ll_dac.o(.text.LL_DAC_Init)
    [Anonymous Symbol]                       0x08001eb0   Section        0  stm32g4xx_ll_dma.o(.text.LL_DMA_Init)
    CHANNEL_OFFSET_TAB                       0x08001f2c   Number         0  stm32g4xx_ll_dma.o(.text.LL_DMA_Init)
    [Anonymous Symbol]                       0x08001f34   Section        0  stm32g4xx_ll_gpio.o(.text.LL_GPIO_Init)
    [Anonymous Symbol]                       0x08002014   Section        0  stm32g4xx_ll_rcc.o(.text.LL_RCC_GetUARTClockFreq)
    [Anonymous Symbol]                       0x08002144   Section        0  stm32g4xx_ll_rcc.o(.text.LL_RCC_GetUSARTClockFreq)
    [Anonymous Symbol]                       0x08002338   Section        0  stm32g4xx_ll_spi.o(.text.LL_SPI_Init)
    [Anonymous Symbol]                       0x080023c4   Section        0  stm32g4xx_ll_utils.o(.text.LL_SetSystemCoreClock)
    [Anonymous Symbol]                       0x080023d0   Section        0  stm32g4xx_ll_tim.o(.text.LL_TIM_Init)
    [Anonymous Symbol]                       0x080024e8   Section        0  stm32g4xx_ll_tim.o(.text.LL_TIM_OC_Init)
    [Anonymous Symbol]                       0x0800283c   Section        0  stm32g4xx_ll_usart.o(.text.LL_USART_Init)
    USART_PRESCALER_TAB                      0x08002944   Number         0  stm32g4xx_ll_usart.o(.text.LL_USART_Init)
    [Anonymous Symbol]                       0x08002974   Section        0  adc.o(.text.MX_ADC1_Init)
    [Anonymous Symbol]                       0x08002c34   Section        0  adc.o(.text.MX_ADC2_Init)
    [Anonymous Symbol]                       0x08002f10   Section        0  cordic.o(.text.MX_CORDIC_Init)
    [Anonymous Symbol]                       0x08002f50   Section        0  dac.o(.text.MX_DAC1_Init)
    [Anonymous Symbol]                       0x0800303c   Section        0  fdcan.o(.text.MX_FDCAN1_Init)
    [Anonymous Symbol]                       0x0800310c   Section        0  fmac.o(.text.MX_FMAC_Init)
    [Anonymous Symbol]                       0x0800312c   Section        0  gpio.o(.text.MX_GPIO_Init)
    [Anonymous Symbol]                       0x08003280   Section        0  spi.o(.text.MX_SPI1_Init)
    [Anonymous Symbol]                       0x08003368   Section        0  spi.o(.text.MX_SPI2_Init)
    [Anonymous Symbol]                       0x08003464   Section        0  tim.o(.text.MX_TIM3_Init)
    [Anonymous Symbol]                       0x080034f4   Section        0  tim.o(.text.MX_TIM8_Init)
    [Anonymous Symbol]                       0x08003710   Section        0  usart.o(.text.MX_USART3_UART_Init)
    [Anonymous Symbol]                       0x0800392c   Section        0  stm32g4xx_it.o(.text.MemManage_Handler)
    [Anonymous Symbol]                       0x08003930   Section        0  stm32g4xx_it.o(.text.NMI_Handler)
    [Anonymous Symbol]                       0x08003934   Section        0  stm32g4xx_it.o(.text.PendSV_Handler)
    [Anonymous Symbol]                       0x08003938   Section        0  stm32g4xx_it.o(.text.SVC_Handler)
    [Anonymous Symbol]                       0x0800393c   Section        0  stm32g4xx_it.o(.text.SysTick_Handler)
    [Anonymous Symbol]                       0x08003940   Section        0  foc_init.o(.text.SystemClock_Config)
    [Anonymous Symbol]                       0x08003ab8   Section        0  system_stm32g4xx.o(.text.SystemInit)
    [Anonymous Symbol]                       0x08003acc   Section        0  foc_sys.o(.text.TIM3_IRQHandler)
    [Anonymous Symbol]                       0x08003b48   Section        0  foc_sys.o(.text.TIM8_CC_IRQHandler)
    [Anonymous Symbol]                       0x08003b78   Section        0  usart.o(.text.USART3_IRQHandler)
    [Anonymous Symbol]                       0x08003c34   Section        0  stm32g4xx_it.o(.text.UsageFault_Handler)
    [Anonymous Symbol]                       0x08003c38   Section        0  adc.o(.text.adc1_current_offset_calibrate)
    [Anonymous Symbol]                       0x08003e3c   Section        0  foc_conversion.o(.text.angle_normalize_360)
    [Anonymous Symbol]                       0x08003edc   Section        0  tim.o(.text.bsp_pwm_set_duty_three_phase)
    [Anonymous Symbol]                       0x08003eec   Section        0  tim.o(.text.bsp_pwm_start)
    [Anonymous Symbol]                       0x08003f60   Section        0  tim.o(.text.bsp_pwm_stop)
    [Anonymous Symbol]                       0x08003fd4   Section        0  foc_conversion.o(.text.clark_transform)
    [Anonymous Symbol]                       0x0800402c   Section        0  usart.o(.text.debug_log)
    [Anonymous Symbol]                       0x08004140   Section        0  foc_conversion.o(.text.deg2rad)
    [Anonymous Symbol]                       0x08004150   Section        0  foc_encoder.o(.text.encoder_init)
    [Anonymous Symbol]                       0x080041cc   Section        0  foc_encoder.o(.text.encoder_read_electrical_angle)
    [Anonymous Symbol]                       0x08004228   Section        0  foc_encoder.o(.text.encoder_read_mechanical_angle)
    encoder_read_reg_correct                 0x08004305   Thumb Code   472  foc_encoder.o(.text.encoder_read_reg_correct)
    [Anonymous Symbol]                       0x08004304   Section        0  foc_encoder.o(.text.encoder_read_reg_correct)
    [Anonymous Symbol]                       0x080044dc   Section        0  foc_control.o(.text.foc_control)
    [Anonymous Symbol]                       0x0800451c   Section        0  foc_communication.o(.text.foc_control_set)
    [Anonymous Symbol]                       0x08004568   Section        0  foc_control.o(.text.foc_current_in_control)
    [Anonymous Symbol]                       0x080046a0   Section        0  foc_setting.o(.text.foc_current_pi_init)
    [Anonymous Symbol]                       0x080046cc   Section        0  foc_control.o(.text.foc_debug)
    [Anonymous Symbol]                       0x080046d0   Section        0  foc_conversion.o(.text.foc_id_pid_calculate)
    [Anonymous Symbol]                       0x08004724   Section        0  foc_conversion.o(.text.foc_iq_pid_calculate)
    [Anonymous Symbol]                       0x08004778   Section        0  foc_setting.o(.text.foc_position_pi_init)
    [Anonymous Symbol]                       0x08004798   Section        0  foc_setting.o(.text.foc_speed_pi_init)
    [Anonymous Symbol]                       0x080047b0   Section        0  foc_control.o(.text.foc_start_init)
    [Anonymous Symbol]                       0x08004898   Section        0  adc.o(.text.get_foc_bus_voltage)
    [Anonymous Symbol]                       0x080048ec   Section        0  foc_prase.o(.text.get_parsed_data)
    [Anonymous Symbol]                       0x080048f8   Section        0  foc_conversion.o(.text.inv_park_transform_f32)
    [Anonymous Symbol]                       0x08004924   Section        0  main.o(.text.main)
    [Anonymous Symbol]                       0x08004b10   Section        0  foc_conversion.o(.text.park_transform)
    [Anonymous Symbol]                       0x08004b40   Section        0  foc_prase.o(.text.parse_received_data)
    [Anonymous Symbol]                       0x08004cac   Section        0  foc_conversion.o(.text.svpwm_calc_times)
    [Anonymous Symbol]                       0x08004df0   Section        0  foc_conversion.o(.text.svpwm_duty_calc)
    [Anonymous Symbol]                       0x08004ee8   Section        0  foc_conversion.o(.text.svpwm_sector_calc)
    [Anonymous Symbol]                       0x08004f54   Section        0  adc.o(.text.update_Three_phase_voltage)
    [Anonymous Symbol]                       0x08004fa0   Section        0  adc.o(.text.update_mosfet_temperature)
    [Anonymous Symbol]                       0x08005048   Section        0  foc_vibration_sweep.o(.text.vibration_sweep_init)
    [Anonymous Symbol]                       0x08005074   Section        0  foc_vibration_sweep.o(.text.vibration_sweep_start)
    [Anonymous Symbol]                       0x080050f8   Section        0  foc_vibration_sweep.o(.text.vibration_sweep_update)
    i.__0vsnprintf                           0x080052b8   Section        0  printfa.o(i.__0vsnprintf)
    i.__ARM_fpclassifyf                      0x080052ec   Section        0  fpclassifyf.o(i.__ARM_fpclassifyf)
    i.__hardfp_log                           0x08005318   Section        0  log.o(i.__hardfp_log)
    i.__hardfp_sinf                          0x080056dc   Section        0  sinf.o(i.__hardfp_sinf)
    i.__hardfp_strtof                        0x0800586c   Section        0  strtof.o(i.__hardfp_strtof)
    i.__kernel_poly                          0x0800588c   Section        0  poly.o(i.__kernel_poly)
    i.__mathlib_dbl_divzero                  0x08005988   Section        0  dunder.o(i.__mathlib_dbl_divzero)
    i.__mathlib_dbl_infnan                   0x080059b8   Section        0  dunder.o(i.__mathlib_dbl_infnan)
    i.__mathlib_dbl_invalid                  0x080059d0   Section        0  dunder.o(i.__mathlib_dbl_invalid)
    i.__mathlib_flt_infnan                   0x080059f0   Section        0  funder.o(i.__mathlib_flt_infnan)
    i.__mathlib_flt_invalid                  0x080059f8   Section        0  funder.o(i.__mathlib_flt_invalid)
    i.__mathlib_flt_underflow                0x08005a08   Section        0  funder.o(i.__mathlib_flt_underflow)
    i.__mathlib_rredf2                       0x08005a18   Section        0  rredf.o(i.__mathlib_rredf2)
    i.__scatterload_copy                     0x08005b6c   Section       14  handlers.o(i.__scatterload_copy)
    i.__scatterload_null                     0x08005b7a   Section        2  handlers.o(i.__scatterload_null)
    i.__scatterload_zeroinit                 0x08005b7c   Section       14  handlers.o(i.__scatterload_zeroinit)
    i.__set_errno                            0x08005b8c   Section        0  errno.o(i.__set_errno)
    _fp_digits                               0x08005b99   Thumb Code   366  printfa.o(i._fp_digits)
    i._fp_digits                             0x08005b98   Section        0  printfa.o(i._fp_digits)
    i._is_digit                              0x08005d1c   Section        0  scanf_fp.o(i._is_digit)
    _printf_core                             0x08005d2d   Thumb Code  1744  printfa.o(i._printf_core)
    i._printf_core                           0x08005d2c   Section        0  printfa.o(i._printf_core)
    _printf_post_padding                     0x08006409   Thumb Code    36  printfa.o(i._printf_post_padding)
    i._printf_post_padding                   0x08006408   Section        0  printfa.o(i._printf_post_padding)
    _printf_pre_padding                      0x0800642d   Thumb Code    46  printfa.o(i._printf_pre_padding)
    i._printf_pre_padding                    0x0800642c   Section        0  printfa.o(i._printf_pre_padding)
    _snputc                                  0x0800645b   Thumb Code    22  printfa.o(i._snputc)
    i._snputc                                0x0800645a   Section        0  printfa.o(i._snputc)
    Lg2                                      0x08006470   Data          24  log.o(.constdata)
    .constdata                               0x08006470   Section       56  log.o(.constdata)
    Lg                                       0x08006488   Data          32  log.o(.constdata)
    .constdata                               0x080064a8   Section        8  qnan.o(.constdata)
    twooverpi                                0x080064b0   Data          32  rredf.o(.constdata)
    .constdata                               0x080064b0   Section       32  rredf.o(.constdata)
    .constdata                               0x080064d0   Section       64  ctype_c.o(.constdata)
    DLCtoBytes                               0x08006528   Data          16  stm32g4xx_hal_fdcan.o(.rodata.cst16)
    [Anonymous Symbol]                       0x08006528   Section        0  stm32g4xx_hal_fdcan.o(.rodata.cst16)
    .L.str.1                                 0x08006538   Data          22  main.o(.rodata.str1.1)
    [Anonymous Symbol]                       0x08006538   Section        0  main.o(.rodata.str1.1)
    .L.str.7                                 0x0800654e   Data          22  main.o(.rodata.str1.1)
    .L.str.2                                 0x08006564   Data          21  main.o(.rodata.str1.1)
    _errno                                   0x20000000   Data           4  errno.o(.data)
    .data                                    0x20000000   Section        4  errno.o(.data)
    .L_MergedGlobals                         0x20000004   Data           6  adc.o(.data..L_MergedGlobals)
    adc1_offset.0                            0x20000004   Data           2  adc.o(.data..L_MergedGlobals)
    [Anonymous Symbol]                       0x20000004   Section        0  adc.o(.data..L_MergedGlobals)
    adc1_offset.1                            0x20000006   Data           2  adc.o(.data..L_MergedGlobals)
    adc1_offset.2                            0x20000008   Data           2  adc.o(.data..L_MergedGlobals)
    .L_MergedGlobals                         0x2000000c   Data           8  stm32g4xx_hal.o(.data..L_MergedGlobals)
    [Anonymous Symbol]                       0x2000000c   Section        0  stm32g4xx_hal.o(.data..L_MergedGlobals)
    .L_MergedGlobals                         0x20000038   Data          52  fdcan.o(.bss..L_MergedGlobals)
    [Anonymous Symbol]                       0x20000038   Section        0  fdcan.o(.bss..L_MergedGlobals)
    g_fdcan_rx_queue_write_idx               0x20000039   Data           1  fdcan.o(.bss..L_MergedGlobals)
    g_fdcan_rx_queue_read_idx                0x2000003a   Data           1  fdcan.o(.bss..L_MergedGlobals)
    g_fdcan_parse_buffer_idx                 0x2000003c   Data           2  fdcan.o(.bss..L_MergedGlobals)
    g_fdcan_rx_queue_drop_count              0x20000040   Data           4  fdcan.o(.bss..L_MergedGlobals)
    g_fdcan_parse_overflow_count             0x20000044   Data           4  fdcan.o(.bss..L_MergedGlobals)
    .L_MergedGlobals                         0x2000006c   Data          65  usart.o(.bss..L_MergedGlobals)
    rx_index                                 0x2000006c   Data           1  usart.o(.bss..L_MergedGlobals)
    [Anonymous Symbol]                       0x2000006c   Section        0  usart.o(.bss..L_MergedGlobals)
    rx_buffer                                0x2000006d   Data          64  usart.o(.bss..L_MergedGlobals)
    .L_MergedGlobals                         0x200000b0   Data          60  foc_encoder.o(.bss..L_MergedGlobals)
    encoder_get_mechanical_speed.is_first_run 0x200000b0   Data           1  foc_encoder.o(.bss..L_MergedGlobals)
    [Anonymous Symbol]                       0x200000b0   Section        0  foc_encoder.o(.bss..L_MergedGlobals)
    encoder_read_mechanical_angle.last_raw   0x200000b4   Data           4  foc_encoder.o(.bss..L_MergedGlobals)
    encoder_get_mechanical_speed.count       0x200000b8   Data           4  foc_encoder.o(.bss..L_MergedGlobals)
    encoder_get_mechanical_speed.last_angle_raw_scaled 0x200000bc   Data           4  foc_encoder.o(.bss..L_MergedGlobals)
    encoder_get_mechanical_speed.filtered_speed 0x200000c0   Data           4  foc_encoder.o(.bss..L_MergedGlobals)
    .L_MergedGlobals                         0x200000ec   Data          30  foc_sys.o(.bss..L_MergedGlobals)
    system_tick                              0x200000ec   Data           4  foc_sys.o(.bss..L_MergedGlobals)
    [Anonymous Symbol]                       0x200000ec   Section        0  foc_sys.o(.bss..L_MergedGlobals)
    task_vbus_counter                        0x200000f0   Data           4  foc_sys.o(.bss..L_MergedGlobals)
    task_three_voltage_counter               0x200000f4   Data           4  foc_sys.o(.bss..L_MergedGlobals)
    task_temperature_counter                 0x200000f8   Data           4  foc_sys.o(.bss..L_MergedGlobals)
    task_position_counter                    0x200000fc   Data           4  foc_sys.o(.bss..L_MergedGlobals)
    task_speed_counter                       0x20000100   Data           4  foc_sys.o(.bss..L_MergedGlobals)
    .L_MergedGlobals.31                      0x2000010c   Data         104  adc.o(.bss..L_MergedGlobals.31)
    get_foc_bus_voltage.inited               0x2000010c   Data           1  adc.o(.bss..L_MergedGlobals.31)
    [Anonymous Symbol]                       0x2000010c   Section        0  adc.o(.bss..L_MergedGlobals.31)
    get_foc_bus_voltage.vbus_filt            0x20000110   Data           4  adc.o(.bss..L_MergedGlobals.31)
    adc1_raw_data                            0x20000114   Data           6  adc.o(.bss..L_MergedGlobals.31)
    adc2_raw_data                            0x2000011a   Data          10  adc.o(.bss..L_MergedGlobals.31)
    adc1_dma_buffer                          0x20000130   Data          12  adc.o(.bss..L_MergedGlobals.31)
    adc2_dma_buffer                          0x20000160   Data          20  adc.o(.bss..L_MergedGlobals.31)
    d_buffer                                 0x2000018c   Data         512  usart.o(.bss.d_buffer)
    [Anonymous Symbol]                       0x2000018c   Section        0  usart.o(.bss.d_buffer)
    g_fdcan_parse_buffer                     0x200003dc   Data         512  fdcan.o(.bss.g_fdcan_parse_buffer)
    [Anonymous Symbol]                       0x200003dc   Section        0  fdcan.o(.bss.g_fdcan_parse_buffer)
    g_fdcan_rx_queue                         0x200005dc   Data        3456  fdcan.o(.bss.g_fdcan_rx_queue)
    [Anonymous Symbol]                       0x200005dc   Section        0  fdcan.o(.bss.g_fdcan_rx_queue)
    parsed_data                              0x2000144c   Data          32  foc_prase.o(.bss.parsed_data)
    [Anonymous Symbol]                       0x2000144c   Section        0  foc_prase.o(.bss.parsed_data)
    STACK                                    0x200014e0   Section     1024  startup_stm32g431xx.o(STACK)

    Global Symbols

    Symbol Name                              Value     Ov Type        Size  Object(Section)

    BuildAttributes$$THM_ISAv4$E$P$D$K$B$S$7EM$VFPi3$EXTD16$VFPS$VFMA$PE$A:L22UL41UL21$X:L11$S22US41US21$IEEE1$IW$~IW$USESV6$~STKCKD$USESV7$~SHL$OTIME$ROPI$IEEEX$EBA8$MICROLIB$REQ8$PRES8$EABIv2 0x00000000   Number         0  anon$$obj.o ABSOLUTE
    __cpp_initialize__aeabi_                  - Undefined Weak Reference
    __cxa_finalize                            - Undefined Weak Reference
    __decompress                              - Undefined Weak Reference
    _clock_init                               - Undefined Weak Reference
    _microlib_exit                            - Undefined Weak Reference
    __Vectors_Size                           0x000001d8   Number         0  startup_stm32g431xx.o ABSOLUTE
    __Vectors                                0x08000000   Data           4  startup_stm32g431xx.o(RESET)
    __Vectors_End                            0x080001d8   Data           0  startup_stm32g431xx.o(RESET)
    __main                                   0x080001d9   Thumb Code     0  entry.o(.ARM.Collect$$$$00000000)
    _main_stk                                0x080001d9   Thumb Code     0  entry2.o(.ARM.Collect$$$$00000001)
    _main_scatterload                        0x080001dd   Thumb Code     0  entry5.o(.ARM.Collect$$$$00000004)
    __main_after_scatterload                 0x080001e1   Thumb Code     0  entry5.o(.ARM.Collect$$$$00000004)
    _main_clock                              0x080001e1   Thumb Code     0  entry7b.o(.ARM.Collect$$$$00000008)
    _main_cpp_init                           0x080001e1   Thumb Code     0  entry8b.o(.ARM.Collect$$$$0000000A)
    _main_init                               0x080001e1   Thumb Code     0  entry9a.o(.ARM.Collect$$$$0000000B)
    __rt_final_cpp                           0x080001e9   Thumb Code     0  entry10a.o(.ARM.Collect$$$$0000000D)
    __rt_final_exit                          0x080001e9   Thumb Code     0  entry11a.o(.ARM.Collect$$$$0000000F)
    Reset_Handler                            0x080001ed   Thumb Code     8  startup_stm32g431xx.o(.text)
    ADC1_2_IRQHandler                        0x08000207   Thumb Code     0  startup_stm32g431xx.o(.text)
    COMP1_2_3_IRQHandler                     0x08000207   Thumb Code     0  startup_stm32g431xx.o(.text)
    COMP4_IRQHandler                         0x08000207   Thumb Code     0  startup_stm32g431xx.o(.text)
    CORDIC_IRQHandler                        0x08000207   Thumb Code     0  startup_stm32g431xx.o(.text)
    CRS_IRQHandler                           0x08000207   Thumb Code     0  startup_stm32g431xx.o(.text)
    DMA1_Channel3_IRQHandler                 0x08000207   Thumb Code     0  startup_stm32g431xx.o(.text)
    DMA1_Channel4_IRQHandler                 0x08000207   Thumb Code     0  startup_stm32g431xx.o(.text)
    DMA1_Channel5_IRQHandler                 0x08000207   Thumb Code     0  startup_stm32g431xx.o(.text)
    DMA1_Channel6_IRQHandler                 0x08000207   Thumb Code     0  startup_stm32g431xx.o(.text)
    DMA2_Channel1_IRQHandler                 0x08000207   Thumb Code     0  startup_stm32g431xx.o(.text)
    DMA2_Channel2_IRQHandler                 0x08000207   Thumb Code     0  startup_stm32g431xx.o(.text)
    DMA2_Channel3_IRQHandler                 0x08000207   Thumb Code     0  startup_stm32g431xx.o(.text)
    DMA2_Channel4_IRQHandler                 0x08000207   Thumb Code     0  startup_stm32g431xx.o(.text)
    DMA2_Channel5_IRQHandler                 0x08000207   Thumb Code     0  startup_stm32g431xx.o(.text)
    DMA2_Channel6_IRQHandler                 0x08000207   Thumb Code     0  startup_stm32g431xx.o(.text)
    DMAMUX_OVR_IRQHandler                    0x08000207   Thumb Code     0  startup_stm32g431xx.o(.text)
    EXTI0_IRQHandler                         0x08000207   Thumb Code     0  startup_stm32g431xx.o(.text)
    EXTI15_10_IRQHandler                     0x08000207   Thumb Code     0  startup_stm32g431xx.o(.text)
    EXTI1_IRQHandler                         0x08000207   Thumb Code     0  startup_stm32g431xx.o(.text)
    EXTI2_IRQHandler                         0x08000207   Thumb Code     0  startup_stm32g431xx.o(.text)
    EXTI3_IRQHandler                         0x08000207   Thumb Code     0  startup_stm32g431xx.o(.text)
    EXTI4_IRQHandler                         0x08000207   Thumb Code     0  startup_stm32g431xx.o(.text)
    EXTI9_5_IRQHandler                       0x08000207   Thumb Code     0  startup_stm32g431xx.o(.text)
    FDCAN1_IT1_IRQHandler                    0x08000207   Thumb Code     0  startup_stm32g431xx.o(.text)
    FLASH_IRQHandler                         0x08000207   Thumb Code     0  startup_stm32g431xx.o(.text)
    FMAC_IRQHandler                          0x08000207   Thumb Code     0  startup_stm32g431xx.o(.text)
    FPU_IRQHandler                           0x08000207   Thumb Code     0  startup_stm32g431xx.o(.text)
    I2C1_ER_IRQHandler                       0x08000207   Thumb Code     0  startup_stm32g431xx.o(.text)
    I2C1_EV_IRQHandler                       0x08000207   Thumb Code     0  startup_stm32g431xx.o(.text)
    I2C2_ER_IRQHandler                       0x08000207   Thumb Code     0  startup_stm32g431xx.o(.text)
    I2C2_EV_IRQHandler                       0x08000207   Thumb Code     0  startup_stm32g431xx.o(.text)
    I2C3_ER_IRQHandler                       0x08000207   Thumb Code     0  startup_stm32g431xx.o(.text)
    I2C3_EV_IRQHandler                       0x08000207   Thumb Code     0  startup_stm32g431xx.o(.text)
    LPTIM1_IRQHandler                        0x08000207   Thumb Code     0  startup_stm32g431xx.o(.text)
    LPUART1_IRQHandler                       0x08000207   Thumb Code     0  startup_stm32g431xx.o(.text)
    PVD_PVM_IRQHandler                       0x08000207   Thumb Code     0  startup_stm32g431xx.o(.text)
    RCC_IRQHandler                           0x08000207   Thumb Code     0  startup_stm32g431xx.o(.text)
    RNG_IRQHandler                           0x08000207   Thumb Code     0  startup_stm32g431xx.o(.text)
    RTC_Alarm_IRQHandler                     0x08000207   Thumb Code     0  startup_stm32g431xx.o(.text)
    RTC_TAMP_LSECSS_IRQHandler               0x08000207   Thumb Code     0  startup_stm32g431xx.o(.text)
    RTC_WKUP_IRQHandler                      0x08000207   Thumb Code     0  startup_stm32g431xx.o(.text)
    SAI1_IRQHandler                          0x08000207   Thumb Code     0  startup_stm32g431xx.o(.text)
    SPI1_IRQHandler                          0x08000207   Thumb Code     0  startup_stm32g431xx.o(.text)
    SPI2_IRQHandler                          0x08000207   Thumb Code     0  startup_stm32g431xx.o(.text)
    SPI3_IRQHandler                          0x08000207   Thumb Code     0  startup_stm32g431xx.o(.text)
    TIM1_BRK_TIM15_IRQHandler                0x08000207   Thumb Code     0  startup_stm32g431xx.o(.text)
    TIM1_CC_IRQHandler                       0x08000207   Thumb Code     0  startup_stm32g431xx.o(.text)
    TIM1_TRG_COM_TIM17_IRQHandler            0x08000207   Thumb Code     0  startup_stm32g431xx.o(.text)
    TIM1_UP_TIM16_IRQHandler                 0x08000207   Thumb Code     0  startup_stm32g431xx.o(.text)
    TIM2_IRQHandler                          0x08000207   Thumb Code     0  startup_stm32g431xx.o(.text)
    TIM4_IRQHandler                          0x08000207   Thumb Code     0  startup_stm32g431xx.o(.text)
    TIM6_DAC_IRQHandler                      0x08000207   Thumb Code     0  startup_stm32g431xx.o(.text)
    TIM7_IRQHandler                          0x08000207   Thumb Code     0  startup_stm32g431xx.o(.text)
    TIM8_BRK_IRQHandler                      0x08000207   Thumb Code     0  startup_stm32g431xx.o(.text)
    TIM8_TRG_COM_IRQHandler                  0x08000207   Thumb Code     0  startup_stm32g431xx.o(.text)
    TIM8_UP_IRQHandler                       0x08000207   Thumb Code     0  startup_stm32g431xx.o(.text)
    UART4_IRQHandler                         0x08000207   Thumb Code     0  startup_stm32g431xx.o(.text)
    UCPD1_IRQHandler                         0x08000207   Thumb Code     0  startup_stm32g431xx.o(.text)
    USART1_IRQHandler                        0x08000207   Thumb Code     0  startup_stm32g431xx.o(.text)
    USART2_IRQHandler                        0x08000207   Thumb Code     0  startup_stm32g431xx.o(.text)
    USBWakeUp_IRQHandler                     0x08000207   Thumb Code     0  startup_stm32g431xx.o(.text)
    USB_HP_IRQHandler                        0x08000207   Thumb Code     0  startup_stm32g431xx.o(.text)
    USB_LP_IRQHandler                        0x08000207   Thumb Code     0  startup_stm32g431xx.o(.text)
    WWDG_IRQHandler                          0x08000207   Thumb Code     0  startup_stm32g431xx.o(.text)
    __aeabi_memcpy                           0x08000211   Thumb Code    36  memcpya.o(.text)
    __aeabi_memcpy4                          0x08000211   Thumb Code     0  memcpya.o(.text)
    __aeabi_memcpy8                          0x08000211   Thumb Code     0  memcpya.o(.text)
    __aeabi_memset                           0x08000235   Thumb Code    14  memseta.o(.text)
    __aeabi_memset4                          0x08000235   Thumb Code     0  memseta.o(.text)
    __aeabi_memset8                          0x08000235   Thumb Code     0  memseta.o(.text)
    __aeabi_memclr                           0x08000243   Thumb Code     4  memseta.o(.text)
    __aeabi_memclr4                          0x08000243   Thumb Code     0  memseta.o(.text)
    __aeabi_memclr8                          0x08000243   Thumb Code     0  memseta.o(.text)
    _memset$wrapper                          0x08000247   Thumb Code    18  memseta.o(.text)
    strstr                                   0x08000259   Thumb Code    36  strstr.o(.text)
    __aeabi_dadd                             0x0800027d   Thumb Code   322  dadd.o(.text)
    __aeabi_dsub                             0x080003bf   Thumb Code     6  dadd.o(.text)
    __aeabi_drsub                            0x080003c5   Thumb Code     6  dadd.o(.text)
    __aeabi_ddiv                             0x080003cb   Thumb Code   222  ddiv.o(.text)
    __aeabi_i2d                              0x080004a9   Thumb Code    34  dflti.o(.text)
    __aeabi_f2d                              0x080004cb   Thumb Code    38  f2d.o(.text)
    __aeabi_d2f                              0x080004f1   Thumb Code    56  d2f.o(.text)
    __aeabi_uidiv                            0x08000529   Thumb Code     0  uidiv.o(.text)
    __aeabi_uidivmod                         0x08000529   Thumb Code    44  uidiv.o(.text)
    __aeabi_uldivmod                         0x08000555   Thumb Code    98  uldiv.o(.text)
    __aeabi_llsl                             0x080005b7   Thumb Code    30  llshl.o(.text)
    _ll_shift_l                              0x080005b7   Thumb Code     0  llshl.o(.text)
    __aeabi_lasr                             0x080005d5   Thumb Code    36  llsshr.o(.text)
    _ll_sshift_r                             0x080005d5   Thumb Code     0  llsshr.o(.text)
    __strtof_int                             0x080005f9   Thumb Code     8  strtof.o(.text)
    __I$use$fp                               0x08000601   Thumb Code     0  iusefp.o(.text)
    _float_round                             0x08000601   Thumb Code    18  fepilogue.o(.text)
    _float_epilogue                          0x08000613   Thumb Code    92  fepilogue.o(.text)
    _double_round                            0x0800066f   Thumb Code    30  depilogue.o(.text)
    _double_epilogue                         0x0800068d   Thumb Code   156  depilogue.o(.text)
    __aeabi_dmul                             0x08000729   Thumb Code   228  dmul.o(.text)
    __aeabi_d2ulz                            0x0800080d   Thumb Code    48  dfixul.o(.text)
    __aeabi_cdcmpeq                          0x0800083d   Thumb Code     0  cdcmple.o(.text)
    __aeabi_cdcmple                          0x0800083d   Thumb Code    48  cdcmple.o(.text)
    __aeabi_cdrcmple                         0x0800086d   Thumb Code    48  cdrcmple.o(.text)
    __scatterload                            0x0800089d   Thumb Code    38  init.o(.text)
    __scatterload_rt2                        0x0800089d   Thumb Code     0  init.o(.text)
    __aeabi_llsr                             0x080008cd   Thumb Code    32  llushr.o(.text)
    _ll_ushift_r                             0x080008cd   Thumb Code     0  llushr.o(.text)
    __strtod_int                             0x0800092b   Thumb Code    94  strtod.o(.text)
    isspace                                  0x08000995   Thumb Code    10  isspace_c.o(.text)
    _scanf_real                              0x08000ac9   Thumb Code     0  scanf_fp.o(.text)
    _scanf_really_real                       0x08000ac9   Thumb Code   556  scanf_fp.o(.text)
    _sgetc                                   0x08000d01   Thumb Code    30  _sgetc.o(.text)
    _sbackspace                              0x08000d1f   Thumb Code    34  _sgetc.o(.text)
    __ctype_lookup                           0x08000d41   Thumb Code    34  ctype_c.o(.text)
    __aeabi_ul2d                             0x08000d69   Thumb Code    24  dfltul.o(.text)
    BusFault_Handler                         0x08000d81   Thumb Code     2  stm32g4xx_it.o(.text.BusFault_Handler)
    CORDIC_SinCos_Deg                        0x08000d85   Thumb Code   248  cordic.o(.text.CORDIC_SinCos_Deg)
    DMA1_Channel1_IRQHandler                 0x08000e89   Thumb Code    88  adc.o(.text.DMA1_Channel1_IRQHandler)
    DMA1_Channel2_IRQHandler                 0x08000ee1   Thumb Code   240  adc.o(.text.DMA1_Channel2_IRQHandler)
    DebugMon_Handler                         0x08000fd5   Thumb Code     2  stm32g4xx_it.o(.text.DebugMon_Handler)
    Error_Handler                            0x08000fd9   Thumb Code    10  foc_sys.o(.text.Error_Handler)
    FDCAN1_IT0_IRQHandler                    0x08000fe5   Thumb Code    12  stm32g4xx_it.o(.text.FDCAN1_IT0_IRQHandler)
    FDCAN1_ProcessRxQueue                    0x08000ff1   Thumb Code   186  fdcan.o(.text.FDCAN1_ProcessRxQueue)
    FOC_Init                                 0x080010ad   Thumb Code    66  foc_init.o(.text.FOC_Init)
    HAL_Delay                                0x080010f1   Thumb Code    40  stm32g4xx_hal.o(.text.HAL_Delay)
    HAL_FDCAN_ActivateNotification           0x08001119   Thumb Code   268  stm32g4xx_hal_fdcan.o(.text.HAL_FDCAN_ActivateNotification)
    HAL_FDCAN_ConfigFilter                   0x08001225   Thumb Code    96  stm32g4xx_hal_fdcan.o(.text.HAL_FDCAN_ConfigFilter)
    HAL_FDCAN_ErrorCallback                  0x08001285   Thumb Code     2  stm32g4xx_hal_fdcan.o(.text.HAL_FDCAN_ErrorCallback)
    HAL_FDCAN_ErrorStatusCallback            0x08001289   Thumb Code     2  stm32g4xx_hal_fdcan.o(.text.HAL_FDCAN_ErrorStatusCallback)
    HAL_FDCAN_GetRxMessage                   0x0800128d   Thumb Code   342  stm32g4xx_hal_fdcan.o(.text.HAL_FDCAN_GetRxMessage)
    HAL_FDCAN_HighPriorityMessageCallback    0x080013e5   Thumb Code     2  stm32g4xx_hal_fdcan.o(.text.HAL_FDCAN_HighPriorityMessageCallback)
    HAL_FDCAN_IRQHandler                     0x080013e9   Thumb Code   378  stm32g4xx_hal_fdcan.o(.text.HAL_FDCAN_IRQHandler)
    HAL_FDCAN_Init                           0x08001565   Thumb Code   592  stm32g4xx_hal_fdcan.o(.text.HAL_FDCAN_Init)
    HAL_FDCAN_MspInit                        0x080017b5   Thumb Code   142  fdcan.o(.text.HAL_FDCAN_MspInit)
    HAL_FDCAN_RxFifo0Callback                0x08001845   Thumb Code   264  fdcan.o(.text.HAL_FDCAN_RxFifo0Callback)
    HAL_FDCAN_RxFifo1Callback                0x0800194d   Thumb Code     2  stm32g4xx_hal_fdcan.o(.text.HAL_FDCAN_RxFifo1Callback)
    HAL_FDCAN_Start                          0x08001951   Thumb Code    44  stm32g4xx_hal_fdcan.o(.text.HAL_FDCAN_Start)
    HAL_FDCAN_TimeoutOccurredCallback        0x0800197d   Thumb Code     2  stm32g4xx_hal_fdcan.o(.text.HAL_FDCAN_TimeoutOccurredCallback)
    HAL_FDCAN_TimestampWraparoundCallback    0x08001981   Thumb Code     2  stm32g4xx_hal_fdcan.o(.text.HAL_FDCAN_TimestampWraparoundCallback)
    HAL_FDCAN_TxBufferAbortCallback          0x08001985   Thumb Code     2  stm32g4xx_hal_fdcan.o(.text.HAL_FDCAN_TxBufferAbortCallback)
    HAL_FDCAN_TxBufferCompleteCallback       0x08001989   Thumb Code     2  stm32g4xx_hal_fdcan.o(.text.HAL_FDCAN_TxBufferCompleteCallback)
    HAL_FDCAN_TxEventFifoCallback            0x0800198d   Thumb Code     2  stm32g4xx_hal_fdcan.o(.text.HAL_FDCAN_TxEventFifoCallback)
    HAL_FDCAN_TxFifoEmptyCallback            0x08001991   Thumb Code     2  stm32g4xx_hal_fdcan.o(.text.HAL_FDCAN_TxFifoEmptyCallback)
    HAL_GPIO_Init                            0x08001995   Thumb Code   434  stm32g4xx_hal_gpio.o(.text.HAL_GPIO_Init)
    HAL_GetTick                              0x08001b49   Thumb Code    12  stm32g4xx_hal.o(.text.HAL_GetTick)
    HAL_IncTick                              0x08001b55   Thumb Code    26  stm32g4xx_hal.o(.text.HAL_IncTick)
    HAL_Init                                 0x08001b71   Thumb Code    30  stm32g4xx_hal.o(.text.HAL_Init)
    HAL_InitTick                             0x08001b91   Thumb Code    80  stm32g4xx_hal.o(.text.HAL_InitTick)
    HAL_MspInit                              0x08001be1   Thumb Code    52  stm32g4xx_hal_msp.o(.text.HAL_MspInit)
    HAL_NVIC_EnableIRQ                       0x08001c15   Thumb Code    34  stm32g4xx_hal_cortex.o(.text.HAL_NVIC_EnableIRQ)
    HAL_NVIC_SetPriority                     0x08001c39   Thumb Code    86  stm32g4xx_hal_cortex.o(.text.HAL_NVIC_SetPriority)
    HAL_NVIC_SetPriorityGrouping             0x08001c91   Thumb Code    32  stm32g4xx_hal_cortex.o(.text.HAL_NVIC_SetPriorityGrouping)
    HAL_PWREx_DisableUCPDDeadBattery         0x08001cb1   Thumb Code    18  stm32g4xx_hal_pwr_ex.o(.text.HAL_PWREx_DisableUCPDDeadBattery)
    HAL_SYSTICK_Config                       0x08001cc5   Thumb Code    44  stm32g4xx_hal_cortex.o(.text.HAL_SYSTICK_Config)
    HardFault_Handler                        0x08001cf1   Thumb Code     2  stm32g4xx_it.o(.text.HardFault_Handler)
    LL_ADC_CommonInit                        0x08001cf5   Thumb Code    78  stm32g4xx_ll_adc.o(.text.LL_ADC_CommonInit)
    LL_ADC_INJ_Init                          0x08001d45   Thumb Code    70  stm32g4xx_ll_adc.o(.text.LL_ADC_INJ_Init)
    LL_ADC_Init                              0x08001d8d   Thumb Code    40  stm32g4xx_ll_adc.o(.text.LL_ADC_Init)
    LL_ADC_REG_Init                          0x08001db5   Thumb Code    82  stm32g4xx_ll_adc.o(.text.LL_ADC_REG_Init)
    LL_DAC_Init                              0x08001e09   Thumb Code   166  stm32g4xx_ll_dac.o(.text.LL_DAC_Init)
    LL_DMA_Init                              0x08001eb1   Thumb Code   124  stm32g4xx_ll_dma.o(.text.LL_DMA_Init)
    LL_GPIO_Init                             0x08001f35   Thumb Code   222  stm32g4xx_ll_gpio.o(.text.LL_GPIO_Init)
    LL_RCC_GetUARTClockFreq                  0x08002015   Thumb Code   304  stm32g4xx_ll_rcc.o(.text.LL_RCC_GetUARTClockFreq)
    LL_RCC_GetUSARTClockFreq                 0x08002145   Thumb Code   500  stm32g4xx_ll_rcc.o(.text.LL_RCC_GetUSARTClockFreq)
    LL_SPI_Init                              0x08002339   Thumb Code   140  stm32g4xx_ll_spi.o(.text.LL_SPI_Init)
    LL_SetSystemCoreClock                    0x080023c5   Thumb Code    12  stm32g4xx_ll_utils.o(.text.LL_SetSystemCoreClock)
    LL_TIM_Init                              0x080023d1   Thumb Code   278  stm32g4xx_ll_tim.o(.text.LL_TIM_Init)
    LL_TIM_OC_Init                           0x080024e9   Thumb Code   852  stm32g4xx_ll_tim.o(.text.LL_TIM_OC_Init)
    LL_USART_Init                            0x0800283d   Thumb Code   264  stm32g4xx_ll_usart.o(.text.LL_USART_Init)
    MX_ADC1_Init                             0x08002975   Thumb Code   704  adc.o(.text.MX_ADC1_Init)
    MX_ADC2_Init                             0x08002c35   Thumb Code   730  adc.o(.text.MX_ADC2_Init)
    MX_CORDIC_Init                           0x08002f11   Thumb Code    62  cordic.o(.text.MX_CORDIC_Init)
    MX_DAC1_Init                             0x08002f51   Thumb Code   234  dac.o(.text.MX_DAC1_Init)
    MX_FDCAN1_Init                           0x0800303d   Thumb Code   208  fdcan.o(.text.MX_FDCAN1_Init)
    MX_FMAC_Init                             0x0800310d   Thumb Code    32  fmac.o(.text.MX_FMAC_Init)
    MX_GPIO_Init                             0x0800312d   Thumb Code   340  gpio.o(.text.MX_GPIO_Init)
    MX_SPI1_Init                             0x08003281   Thumb Code   230  spi.o(.text.MX_SPI1_Init)
    MX_SPI2_Init                             0x08003369   Thumb Code   252  spi.o(.text.MX_SPI2_Init)
    MX_TIM3_Init                             0x08003465   Thumb Code   144  tim.o(.text.MX_TIM3_Init)
    MX_TIM8_Init                             0x080034f5   Thumb Code   540  tim.o(.text.MX_TIM8_Init)
    MX_USART3_UART_Init                      0x08003711   Thumb Code   540  usart.o(.text.MX_USART3_UART_Init)
    MemManage_Handler                        0x0800392d   Thumb Code     2  stm32g4xx_it.o(.text.MemManage_Handler)
    NMI_Handler                              0x08003931   Thumb Code     2  stm32g4xx_it.o(.text.NMI_Handler)
    PendSV_Handler                           0x08003935   Thumb Code     2  stm32g4xx_it.o(.text.PendSV_Handler)
    SVC_Handler                              0x08003939   Thumb Code     2  stm32g4xx_it.o(.text.SVC_Handler)
    SysTick_Handler                          0x0800393d   Thumb Code     4  stm32g4xx_it.o(.text.SysTick_Handler)
    SystemClock_Config                       0x08003941   Thumb Code   376  foc_init.o(.text.SystemClock_Config)
    SystemInit                               0x08003ab9   Thumb Code    18  system_stm32g4xx.o(.text.SystemInit)
    TIM3_IRQHandler                          0x08003acd   Thumb Code   124  foc_sys.o(.text.TIM3_IRQHandler)
    TIM8_CC_IRQHandler                       0x08003b49   Thumb Code    46  foc_sys.o(.text.TIM8_CC_IRQHandler)
    USART3_IRQHandler                        0x08003b79   Thumb Code   176  usart.o(.text.USART3_IRQHandler)
    UsageFault_Handler                       0x08003c35   Thumb Code     2  stm32g4xx_it.o(.text.UsageFault_Handler)
    adc1_current_offset_calibrate            0x08003c39   Thumb Code   464  adc.o(.text.adc1_current_offset_calibrate)
    angle_normalize_360                      0x08003e3d   Thumb Code   152  foc_conversion.o(.text.angle_normalize_360)
    bsp_pwm_set_duty_three_phase             0x08003edd   Thumb Code    16  tim.o(.text.bsp_pwm_set_duty_three_phase)
    bsp_pwm_start                            0x08003eed   Thumb Code   114  tim.o(.text.bsp_pwm_start)
    bsp_pwm_stop                             0x08003f61   Thumb Code   114  tim.o(.text.bsp_pwm_stop)
    clark_transform                          0x08003fd5   Thumb Code    72  foc_conversion.o(.text.clark_transform)
    debug_log                                0x0800402d   Thumb Code   276  usart.o(.text.debug_log)
    deg2rad                                  0x08004141   Thumb Code    12  foc_conversion.o(.text.deg2rad)
    encoder_init                             0x08004151   Thumb Code    64  foc_encoder.o(.text.encoder_init)
    encoder_read_electrical_angle            0x080041cd   Thumb Code    84  foc_encoder.o(.text.encoder_read_electrical_angle)
    encoder_read_mechanical_angle            0x08004229   Thumb Code   188  foc_encoder.o(.text.encoder_read_mechanical_angle)
    foc_control                              0x080044dd   Thumb Code    64  foc_control.o(.text.foc_control)
    foc_control_set                          0x0800451d   Thumb Code    76  foc_communication.o(.text.foc_control_set)
    foc_current_in_control                   0x08004569   Thumb Code   292  foc_control.o(.text.foc_current_in_control)
    foc_current_pi_init                      0x080046a1   Thumb Code    44  foc_setting.o(.text.foc_current_pi_init)
    foc_debug                                0x080046cd   Thumb Code     2  foc_control.o(.text.foc_debug)
    foc_id_pid_calculate                     0x080046d1   Thumb Code    82  foc_conversion.o(.text.foc_id_pid_calculate)
    foc_iq_pid_calculate                     0x08004725   Thumb Code    82  foc_conversion.o(.text.foc_iq_pid_calculate)
    foc_position_pi_init                     0x08004779   Thumb Code    30  foc_setting.o(.text.foc_position_pi_init)
    foc_speed_pi_init                        0x08004799   Thumb Code    22  foc_setting.o(.text.foc_speed_pi_init)
    foc_start_init                           0x080047b1   Thumb Code   172  foc_control.o(.text.foc_start_init)
    get_foc_bus_voltage                      0x08004899   Thumb Code    76  adc.o(.text.get_foc_bus_voltage)
    get_parsed_data                          0x080048ed   Thumb Code    10  foc_prase.o(.text.get_parsed_data)
    inv_park_transform_f32                   0x080048f9   Thumb Code    42  foc_conversion.o(.text.inv_park_transform_f32)
    main                                     0x08004925   Thumb Code   352  main.o(.text.main)
    park_transform                           0x08004b11   Thumb Code    42  foc_conversion.o(.text.park_transform)
    parse_received_data                      0x08004b41   Thumb Code   296  foc_prase.o(.text.parse_received_data)
    svpwm_calc_times                         0x08004cad   Thumb Code   296  foc_conversion.o(.text.svpwm_calc_times)
    svpwm_duty_calc                          0x08004df1   Thumb Code   244  foc_conversion.o(.text.svpwm_duty_calc)
    svpwm_sector_calc                        0x08004ee9   Thumb Code    88  foc_conversion.o(.text.svpwm_sector_calc)
    update_Three_phase_voltage               0x08004f55   Thumb Code    68  adc.o(.text.update_Three_phase_voltage)
    update_mosfet_temperature                0x08004fa1   Thumb Code   136  adc.o(.text.update_mosfet_temperature)
    vibration_sweep_init                     0x08005049   Thumb Code    42  foc_vibration_sweep.o(.text.vibration_sweep_init)
    vibration_sweep_start                    0x08005075   Thumb Code    88  foc_vibration_sweep.o(.text.vibration_sweep_start)
    vibration_sweep_update                   0x080050f9   Thumb Code   360  foc_vibration_sweep.o(.text.vibration_sweep_update)
    __0vsnprintf                             0x080052b9   Thumb Code    46  printfa.o(i.__0vsnprintf)
    __1vsnprintf                             0x080052b9   Thumb Code     0  printfa.o(i.__0vsnprintf)
    __2vsnprintf                             0x080052b9   Thumb Code     0  printfa.o(i.__0vsnprintf)
    __c89vsnprintf                           0x080052b9   Thumb Code     0  printfa.o(i.__0vsnprintf)
    vsnprintf                                0x080052b9   Thumb Code     0  printfa.o(i.__0vsnprintf)
    __ARM_fpclassifyf                        0x080052ed   Thumb Code    38  fpclassifyf.o(i.__ARM_fpclassifyf)
    __hardfp_log                             0x08005319   Thumb Code   872  log.o(i.__hardfp_log)
    __hardfp_sinf                            0x080056dd   Thumb Code   344  sinf.o(i.__hardfp_sinf)
    __hardfp_strtof                          0x0800586d   Thumb Code    26  strtof.o(i.__hardfp_strtof)
    __kernel_poly                            0x0800588d   Thumb Code   248  poly.o(i.__kernel_poly)
    __mathlib_dbl_divzero                    0x08005989   Thumb Code    28  dunder.o(i.__mathlib_dbl_divzero)
    __mathlib_dbl_infnan                     0x080059b9   Thumb Code    20  dunder.o(i.__mathlib_dbl_infnan)
    __mathlib_dbl_invalid                    0x080059d1   Thumb Code    24  dunder.o(i.__mathlib_dbl_invalid)
    __mathlib_flt_infnan                     0x080059f1   Thumb Code     6  funder.o(i.__mathlib_flt_infnan)
    __mathlib_flt_invalid                    0x080059f9   Thumb Code    10  funder.o(i.__mathlib_flt_invalid)
    __mathlib_flt_underflow                  0x08005a09   Thumb Code    10  funder.o(i.__mathlib_flt_underflow)
    __mathlib_rredf2                         0x08005a19   Thumb Code   316  rredf.o(i.__mathlib_rredf2)
    __scatterload_copy                       0x08005b6d   Thumb Code    14  handlers.o(i.__scatterload_copy)
    __scatterload_null                       0x08005b7b   Thumb Code     2  handlers.o(i.__scatterload_null)
    __scatterload_zeroinit                   0x08005b7d   Thumb Code    14  handlers.o(i.__scatterload_zeroinit)
    __set_errno                              0x08005b8d   Thumb Code     6  errno.o(i.__set_errno)
    _is_digit                                0x08005d1d   Thumb Code    14  scanf_fp.o(i._is_digit)
    __mathlib_zero                           0x080064a8   Data           8  qnan.o(.constdata)
    __ctype_categories                       0x080064d0   Data          64  ctype_c.o(.constdata)
    AHBPrescTable                            0x08006510   Data          16  system_stm32g4xx.o(.rodata.AHBPrescTable)
    APBPrescTable                            0x08006520   Data           8  system_stm32g4xx.o(.rodata.APBPrescTable)
    Region$$Table$$Base                      0x0800657c   Number         0  anon$$obj.o(Region$$Table)
    Region$$Table$$Limit                     0x0800659c   Number         0  anon$$obj.o(Region$$Table)
    uwTickPrio                               0x2000000c   Data           4  stm32g4xx_hal.o(.data..L_MergedGlobals)
    uwTickFreq                               0x20000010   Data           4  stm32g4xx_hal.o(.data..L_MergedGlobals)
    SystemCoreClock                          0x20000014   Data           4  system_stm32g4xx.o(.data.SystemCoreClock)
    motor_ctrl                               0x20000018   Data          28  main.o(.data.motor_ctrl)
    g_fdcan1_rx_flag                         0x20000038   Data           1  fdcan.o(.bss..L_MergedGlobals)
    g_fdcan1_tx_header                       0x20000048   Data          36  fdcan.o(.bss..L_MergedGlobals)
    g_pos_obs                                0x200000c4   Data          12  foc_encoder.o(.bss..L_MergedGlobals)
    encoder_data                             0x200000d0   Data          28  foc_encoder.o(.bss..L_MergedGlobals)
    foc_task                                 0x20000104   Data           6  foc_sys.o(.bss..L_MergedGlobals)
    foc_current_data                         0x20000124   Data          12  adc.o(.bss..L_MergedGlobals.31)
    foc_raw_data                             0x2000013c   Data          14  adc.o(.bss..L_MergedGlobals.31)
    foc_voltage_data                         0x2000014c   Data          20  adc.o(.bss..L_MergedGlobals.31)
    alpha_beta                               0x20000174   Data          24  foc_conversion.o(.bss.alpha_beta)
    data                                     0x2000038c   Data           4  foc_communication.o(.bss.data)
    enc_status                               0x20000390   Data           1  main.o(.bss.enc_status)
    foc_ctrl                                 0x20000394   Data          72  foc_conversion.o(.bss.foc_ctrl)
    g_vib_sweep                              0x2000135c   Data          52  foc_vibration_sweep.o(.bss.g_vib_sweep)
    hfdcan1                                  0x20001390   Data         100  fdcan.o(.bss.hfdcan1)
    id_pid                                   0x200013f4   Data          44  foc_conversion.o(.bss.id_pid)
    iq_pid                                   0x20001420   Data          44  foc_conversion.o(.bss.iq_pid)
    position_pid                             0x2000146c   Data          44  foc_conversion.o(.bss.position_pid)
    speed_pid                                0x20001498   Data          44  foc_conversion.o(.bss.speed_pid)
    svpwm                                    0x200014c4   Data          20  foc_conversion.o(.bss.svpwm)
    uwTick                                   0x200014d8   Data           4  stm32g4xx_hal.o(.bss.uwTick)
    __initial_sp                             0x200018e0   Data           0  startup_stm32g431xx.o(STACK)



==============================================================================

Memory Map of the image

  Image Entry point : 0x080001d9

  Load Region LR_IROM1 (Base: 0x08000000, Size: 0x000065d8, Max: 0x00020000, ABSOLUTE)

    Execution Region ER_IROM1 (Exec base: 0x08000000, Load base: 0x08000000, Size: 0x0000659c, Max: 0x00020000, ABSOLUTE)

    Exec Addr    Load Addr    Size         Type   Attr      Idx    E Section Name        Object

    0x08000000   0x08000000   0x000001d8   Data   RO            3    RESET               startup_stm32g431xx.o
    0x080001d8   0x080001d8   0x00000000   Code   RO         1514  * .ARM.Collect$$$$00000000  mc_w.l(entry.o)
    0x080001d8   0x080001d8   0x00000004   Code   RO         1599    .ARM.Collect$$$$00000001  mc_w.l(entry2.o)
    0x080001dc   0x080001dc   0x00000004   Code   RO         1602    .ARM.Collect$$$$00000004  mc_w.l(entry5.o)
    0x080001e0   0x080001e0   0x00000000   Code   RO         1604    .ARM.Collect$$$$00000008  mc_w.l(entry7b.o)
    0x080001e0   0x080001e0   0x00000000   Code   RO         1606    .ARM.Collect$$$$0000000A  mc_w.l(entry8b.o)
    0x080001e0   0x080001e0   0x00000008   Code   RO         1607    .ARM.Collect$$$$0000000B  mc_w.l(entry9a.o)
    0x080001e8   0x080001e8   0x00000000   Code   RO         1609    .ARM.Collect$$$$0000000D  mc_w.l(entry10a.o)
    0x080001e8   0x080001e8   0x00000000   Code   RO         1611    .ARM.Collect$$$$0000000F  mc_w.l(entry11a.o)
    0x080001e8   0x080001e8   0x00000004   Code   RO         1600    .ARM.Collect$$$$00002712  mc_w.l(entry2.o)
    0x080001ec   0x080001ec   0x00000024   Code   RO            4    .text               startup_stm32g431xx.o
    0x08000210   0x08000210   0x00000024   Code   RO         1517    .text               mc_w.l(memcpya.o)
    0x08000234   0x08000234   0x00000024   Code   RO         1519    .text               mc_w.l(memseta.o)
    0x08000258   0x08000258   0x00000024   Code   RO         1521    .text               mc_w.l(strstr.o)
    0x0800027c   0x0800027c   0x0000014e   Code   RO         1553    .text               mf_w.l(dadd.o)
    0x080003ca   0x080003ca   0x000000de   Code   RO         1555    .text               mf_w.l(ddiv.o)
    0x080004a8   0x080004a8   0x00000022   Code   RO         1557    .text               mf_w.l(dflti.o)
    0x080004ca   0x080004ca   0x00000026   Code   RO         1559    .text               mf_w.l(f2d.o)
    0x080004f0   0x080004f0   0x00000038   Code   RO         1561    .text               mf_w.l(d2f.o)
    0x08000528   0x08000528   0x0000002c   Code   RO         1627    .text               mc_w.l(uidiv.o)
    0x08000554   0x08000554   0x00000062   Code   RO         1629    .text               mc_w.l(uldiv.o)
    0x080005b6   0x080005b6   0x0000001e   Code   RO         1631    .text               mc_w.l(llshl.o)
    0x080005d4   0x080005d4   0x00000024   Code   RO         1633    .text               mc_w.l(llsshr.o)
    0x080005f8   0x080005f8   0x00000008   Code   RO         1642    .text               mc_w.l(strtof.o)
    0x08000600   0x08000600   0x00000000   Code   RO         1644    .text               mc_w.l(iusefp.o)
    0x08000600   0x08000600   0x0000006e   Code   RO         1645    .text               mf_w.l(fepilogue.o)
    0x0800066e   0x0800066e   0x000000ba   Code   RO         1649    .text               mf_w.l(depilogue.o)
    0x08000728   0x08000728   0x000000e4   Code   RO         1651    .text               mf_w.l(dmul.o)
    0x0800080c   0x0800080c   0x00000030   Code   RO         1655    .text               mf_w.l(dfixul.o)
    0x0800083c   0x0800083c   0x00000030   Code   RO         1657    .text               mf_w.l(cdcmple.o)
    0x0800086c   0x0800086c   0x00000030   Code   RO         1659    .text               mf_w.l(cdrcmple.o)
    0x0800089c   0x0800089c   0x00000030   Code   RO         1661    .text               mc_w.l(init.o)
    0x080008cc   0x080008cc   0x00000020   Code   RO         1664    .text               mc_w.l(llushr.o)
    0x080008ec   0x080008ec   0x000000a8   Code   RO         1666    .text               mc_w.l(strtod.o)
    0x08000994   0x08000994   0x0000000a   Code   RO         1669    .text               mc_w.l(isspace_c.o)
    0x0800099e   0x0800099e   0x00000002   PAD
    0x080009a0   0x080009a0   0x00000360   Code   RO         1671    .text               mc_w.l(scanf_fp.o)
    0x08000d00   0x08000d00   0x00000040   Code   RO         1675    .text               mc_w.l(_sgetc.o)
    0x08000d40   0x08000d40   0x00000028   Code   RO         1677    .text               mc_w.l(ctype_c.o)
    0x08000d68   0x08000d68   0x00000018   Code   RO         1680    .text               mf_w.l(dfltul.o)
    0x08000d80   0x08000d80   0x00000002   Code   RO          183    .text.BusFault_Handler  stm32g4xx_it.o
    0x08000d82   0x08000d82   0x00000002   PAD
    0x08000d84   0x08000d84   0x00000104   Code   RO           65    .text.CORDIC_SinCos_Deg  cordic.o
    0x08000e88   0x08000e88   0x00000058   Code   RO           39    .text.DMA1_Channel1_IRQHandler  adc.o
    0x08000ee0   0x08000ee0   0x000000f4   Code   RO           37    .text.DMA1_Channel2_IRQHandler  adc.o
    0x08000fd4   0x08000fd4   0x00000002   Code   RO          189    .text.DebugMon_Handler  stm32g4xx_it.o
    0x08000fd6   0x08000fd6   0x00000002   PAD
    0x08000fd8   0x08000fd8   0x0000000a   Code   RO         1176    .text.Error_Handler  foc_sys.o
    0x08000fe2   0x08000fe2   0x00000002   PAD
    0x08000fe4   0x08000fe4   0x0000000c   Code   RO          195    .text.FDCAN1_IT0_IRQHandler  stm32g4xx_it.o
    0x08000ff0   0x08000ff0   0x000000ba   Code   RO          103    .text.FDCAN1_ProcessRxQueue  fdcan.o
    0x080010aa   0x080010aa   0x00000002   PAD
    0x080010ac   0x080010ac   0x00000042   Code   RO         1103    .text.FOC_Init      foc_init.o
    0x080010ee   0x080010ee   0x00000002   PAD
    0x080010f0   0x080010f0   0x00000028   Code   RO          324    .text.HAL_Delay     stm32g4xx_hal.o
    0x08001118   0x08001118   0x0000010c   Code   RO          927    .text.HAL_FDCAN_ActivateNotification  stm32g4xx_hal_fdcan.o
    0x08001224   0x08001224   0x00000060   Code   RO          853    .text.HAL_FDCAN_ConfigFilter  stm32g4xx_hal_fdcan.o
    0x08001284   0x08001284   0x00000002   Code   RO          953    .text.HAL_FDCAN_ErrorCallback  stm32g4xx_hal_fdcan.o
    0x08001286   0x08001286   0x00000002   PAD
    0x08001288   0x08001288   0x00000002   Code   RO          951    .text.HAL_FDCAN_ErrorStatusCallback  stm32g4xx_hal_fdcan.o
    0x0800128a   0x0800128a   0x00000002   PAD
    0x0800128c   0x0800128c   0x00000156   Code   RO          905    .text.HAL_FDCAN_GetRxMessage  stm32g4xx_hal_fdcan.o
    0x080013e2   0x080013e2   0x00000002   PAD
    0x080013e4   0x080013e4   0x00000002   Code   RO          933    .text.HAL_FDCAN_HighPriorityMessageCallback  stm32g4xx_hal_fdcan.o
    0x080013e6   0x080013e6   0x00000002   PAD
    0x080013e8   0x080013e8   0x0000017a   Code   RO          931    .text.HAL_FDCAN_IRQHandler  stm32g4xx_hal_fdcan.o
    0x08001562   0x08001562   0x00000002   PAD
    0x08001564   0x08001564   0x00000250   Code   RO          839    .text.HAL_FDCAN_Init  stm32g4xx_hal_fdcan.o
    0x080017b4   0x080017b4   0x0000008e   Code   RO           91    .text.HAL_FDCAN_MspInit  fdcan.o
    0x08001842   0x08001842   0x00000002   PAD
    0x08001844   0x08001844   0x00000108   Code   RO          101    .text.HAL_FDCAN_RxFifo0Callback  fdcan.o
    0x0800194c   0x0800194c   0x00000002   Code   RO          941    .text.HAL_FDCAN_RxFifo1Callback  stm32g4xx_hal_fdcan.o
    0x0800194e   0x0800194e   0x00000002   PAD
    0x08001950   0x08001950   0x0000002c   Code   RO          897    .text.HAL_FDCAN_Start  stm32g4xx_hal_fdcan.o
    0x0800197c   0x0800197c   0x00000002   Code   RO          949    .text.HAL_FDCAN_TimeoutOccurredCallback  stm32g4xx_hal_fdcan.o
    0x0800197e   0x0800197e   0x00000002   PAD
    0x08001980   0x08001980   0x00000002   Code   RO          947    .text.HAL_FDCAN_TimestampWraparoundCallback  stm32g4xx_hal_fdcan.o
    0x08001982   0x08001982   0x00000002   PAD
    0x08001984   0x08001984   0x00000002   Code   RO          935    .text.HAL_FDCAN_TxBufferAbortCallback  stm32g4xx_hal_fdcan.o
    0x08001986   0x08001986   0x00000002   PAD
    0x08001988   0x08001988   0x00000002   Code   RO          945    .text.HAL_FDCAN_TxBufferCompleteCallback  stm32g4xx_hal_fdcan.o
    0x0800198a   0x0800198a   0x00000002   PAD
    0x0800198c   0x0800198c   0x00000002   Code   RO          937    .text.HAL_FDCAN_TxEventFifoCallback  stm32g4xx_hal_fdcan.o
    0x0800198e   0x0800198e   0x00000002   PAD
    0x08001990   0x08001990   0x00000002   Code   RO          943    .text.HAL_FDCAN_TxFifoEmptyCallback  stm32g4xx_hal_fdcan.o
    0x08001992   0x08001992   0x00000002   PAD
    0x08001994   0x08001994   0x000001b2   Code   RO          544    .text.HAL_GPIO_Init  stm32g4xx_hal_gpio.o
    0x08001b46   0x08001b46   0x00000002   PAD
    0x08001b48   0x08001b48   0x0000000c   Code   RO          316    .text.HAL_GetTick   stm32g4xx_hal.o
    0x08001b54   0x08001b54   0x0000001a   Code   RO          314    .text.HAL_IncTick   stm32g4xx_hal.o
    0x08001b6e   0x08001b6e   0x00000002   PAD
    0x08001b70   0x08001b70   0x0000001e   Code   RO          304    .text.HAL_Init      stm32g4xx_hal.o
    0x08001b8e   0x08001b8e   0x00000002   PAD
    0x08001b90   0x08001b90   0x00000050   Code   RO          306    .text.HAL_InitTick  stm32g4xx_hal.o
    0x08001be0   0x08001be0   0x00000034   Code   RO          204    .text.HAL_MspInit   stm32g4xx_hal_msp.o
    0x08001c14   0x08001c14   0x00000022   Code   RO          770    .text.HAL_NVIC_EnableIRQ  stm32g4xx_hal_cortex.o
    0x08001c36   0x08001c36   0x00000002   PAD
    0x08001c38   0x08001c38   0x00000056   Code   RO          768    .text.HAL_NVIC_SetPriority  stm32g4xx_hal_cortex.o
    0x08001c8e   0x08001c8e   0x00000002   PAD
    0x08001c90   0x08001c90   0x00000020   Code   RO          766    .text.HAL_NVIC_SetPriorityGrouping  stm32g4xx_hal_cortex.o
    0x08001cb0   0x08001cb0   0x00000012   Code   RO          756    .text.HAL_PWREx_DisableUCPDDeadBattery  stm32g4xx_hal_pwr_ex.o
    0x08001cc2   0x08001cc2   0x00000002   PAD
    0x08001cc4   0x08001cc4   0x0000002c   Code   RO          778    .text.HAL_SYSTICK_Config  stm32g4xx_hal_cortex.o
    0x08001cf0   0x08001cf0   0x00000002   Code   RO          179    .text.HardFault_Handler  stm32g4xx_it.o
    0x08001cf2   0x08001cf2   0x00000002   PAD
    0x08001cf4   0x08001cf4   0x0000004e   Code   RO          264    .text.LL_ADC_CommonInit  stm32g4xx_ll_adc.o
    0x08001d42   0x08001d42   0x00000002   PAD
    0x08001d44   0x08001d44   0x00000046   Code   RO          278    .text.LL_ADC_INJ_Init  stm32g4xx_ll_adc.o
    0x08001d8a   0x08001d8a   0x00000002   PAD
    0x08001d8c   0x08001d8c   0x00000028   Code   RO          270    .text.LL_ADC_Init   stm32g4xx_ll_adc.o
    0x08001db4   0x08001db4   0x00000052   Code   RO          274    .text.LL_ADC_REG_Init  stm32g4xx_ll_adc.o
    0x08001e06   0x08001e06   0x00000002   PAD
    0x08001e08   0x08001e08   0x000000a6   Code   RO          827    .text.LL_DAC_Init   stm32g4xx_ll_dac.o
    0x08001eae   0x08001eae   0x00000002   PAD
    0x08001eb0   0x08001eb0   0x00000084   Code   RO          292    .text.LL_DMA_Init   stm32g4xx_ll_dma.o
    0x08001f34   0x08001f34   0x000000de   Code   RO          250    .text.LL_GPIO_Init  stm32g4xx_ll_gpio.o
    0x08002012   0x08002012   0x00000002   PAD
    0x08002014   0x08002014   0x00000130   Code   RO         1060    .text.LL_RCC_GetUARTClockFreq  stm32g4xx_ll_rcc.o
    0x08002144   0x08002144   0x000001f4   Code   RO         1058    .text.LL_RCC_GetUSARTClockFreq  stm32g4xx_ll_rcc.o
    0x08002338   0x08002338   0x0000008c   Code   RO          982    .text.LL_SPI_Init   stm32g4xx_ll_spi.o
    0x080023c4   0x080023c4   0x0000000c   Code   RO          216    .text.LL_SetSystemCoreClock  stm32g4xx_ll_utils.o
    0x080023d0   0x080023d0   0x00000116   Code   RO         1006    .text.LL_TIM_Init   stm32g4xx_ll_tim.o
    0x080024e6   0x080024e6   0x00000002   PAD
    0x080024e8   0x080024e8   0x00000354   Code   RO         1010    .text.LL_TIM_OC_Init  stm32g4xx_ll_tim.o
    0x0800283c   0x0800283c   0x00000138   Code   RO         1038    .text.LL_USART_Init  stm32g4xx_ll_usart.o
    0x08002974   0x08002974   0x000002c0   Code   RO           33    .text.MX_ADC1_Init  adc.o
    0x08002c34   0x08002c34   0x000002da   Code   RO           35    .text.MX_ADC2_Init  adc.o
    0x08002f0e   0x08002f0e   0x00000002   PAD
    0x08002f10   0x08002f10   0x0000003e   Code   RO           59    .text.MX_CORDIC_Init  cordic.o
    0x08002f4e   0x08002f4e   0x00000002   PAD
    0x08002f50   0x08002f50   0x000000ea   Code   RO           79    .text.MX_DAC1_Init  dac.o
    0x0800303a   0x0800303a   0x00000002   PAD
    0x0800303c   0x0800303c   0x000000d0   Code   RO           89    .text.MX_FDCAN1_Init  fdcan.o
    0x0800310c   0x0800310c   0x00000020   Code   RO          121    .text.MX_FMAC_Init  fmac.o
    0x0800312c   0x0800312c   0x00000154   Code   RO           25    .text.MX_GPIO_Init  gpio.o
    0x08003280   0x08003280   0x000000e6   Code   RO          129    .text.MX_SPI1_Init  spi.o
    0x08003366   0x08003366   0x00000002   PAD
    0x08003368   0x08003368   0x000000fc   Code   RO          131    .text.MX_SPI2_Init  spi.o
    0x08003464   0x08003464   0x00000090   Code   RO          148    .text.MX_TIM3_Init  tim.o
    0x080034f4   0x080034f4   0x0000021c   Code   RO          140    .text.MX_TIM8_Init  tim.o
    0x08003710   0x08003710   0x0000021c   Code   RO          158    .text.MX_USART3_UART_Init  usart.o
    0x0800392c   0x0800392c   0x00000002   Code   RO          181    .text.MemManage_Handler  stm32g4xx_it.o
    0x0800392e   0x0800392e   0x00000002   PAD
    0x08003930   0x08003930   0x00000002   Code   RO          177    .text.NMI_Handler   stm32g4xx_it.o
    0x08003932   0x08003932   0x00000002   PAD
    0x08003934   0x08003934   0x00000002   Code   RO          191    .text.PendSV_Handler  stm32g4xx_it.o
    0x08003936   0x08003936   0x00000002   PAD
    0x08003938   0x08003938   0x00000002   Code   RO          187    .text.SVC_Handler   stm32g4xx_it.o
    0x0800393a   0x0800393a   0x00000002   PAD
    0x0800393c   0x0800393c   0x00000004   Code   RO          193    .text.SysTick_Handler  stm32g4xx_it.o
    0x08003940   0x08003940   0x00000178   Code   RO         1105    .text.SystemClock_Config  foc_init.o
    0x08003ab8   0x08003ab8   0x00000012   Code   RO         1088    .text.SystemInit    system_stm32g4xx.o
    0x08003aca   0x08003aca   0x00000002   PAD
    0x08003acc   0x08003acc   0x0000007c   Code   RO         1172    .text.TIM3_IRQHandler  foc_sys.o
    0x08003b48   0x08003b48   0x0000002e   Code   RO         1174    .text.TIM8_CC_IRQHandler  foc_sys.o
    0x08003b76   0x08003b76   0x00000002   PAD
    0x08003b78   0x08003b78   0x000000bc   Code   RO          164    .text.USART3_IRQHandler  usart.o
    0x08003c34   0x08003c34   0x00000002   Code   RO          185    .text.UsageFault_Handler  stm32g4xx_it.o
    0x08003c36   0x08003c36   0x00000002   PAD
    0x08003c38   0x08003c38   0x00000204   Code   RO           41    .text.adc1_current_offset_calibrate  adc.o
    0x08003e3c   0x08003e3c   0x000000a0   Code   RO         1206    .text.angle_normalize_360  foc_conversion.o
    0x08003edc   0x08003edc   0x00000010   Code   RO          142    .text.bsp_pwm_set_duty_three_phase  tim.o
    0x08003eec   0x08003eec   0x00000072   Code   RO          144    .text.bsp_pwm_start  tim.o
    0x08003f5e   0x08003f5e   0x00000002   PAD
    0x08003f60   0x08003f60   0x00000072   Code   RO          146    .text.bsp_pwm_stop  tim.o
    0x08003fd2   0x08003fd2   0x00000002   PAD
    0x08003fd4   0x08003fd4   0x00000058   Code   RO         1222    .text.clark_transform  foc_conversion.o
    0x0800402c   0x0800402c   0x00000114   Code   RO          162    .text.debug_log     usart.o
    0x08004140   0x08004140   0x00000010   Code   RO         1208    .text.deg2rad       foc_conversion.o
    0x08004150   0x08004150   0x0000007c   Code   RO         1132    .text.encoder_init  foc_encoder.o
    0x080041cc   0x080041cc   0x0000005c   Code   RO         1140    .text.encoder_read_electrical_angle  foc_encoder.o
    0x08004228   0x08004228   0x000000dc   Code   RO         1138    .text.encoder_read_mechanical_angle  foc_encoder.o
    0x08004304   0x08004304   0x000001d8   Code   RO         1134    .text.encoder_read_reg_correct  foc_encoder.o
    0x080044dc   0x080044dc   0x00000040   Code   RO         1119    .text.foc_control   foc_control.o
    0x0800451c   0x0800451c   0x0000004c   Code   RO         1283    .text.foc_control_set  foc_communication.o
    0x08004568   0x08004568   0x00000138   Code   RO         1121    .text.foc_current_in_control  foc_control.o
    0x080046a0   0x080046a0   0x0000002c   Code   RO         1159    .text.foc_current_pi_init  foc_setting.o
    0x080046cc   0x080046cc   0x00000002   Code   RO         1115    .text.foc_debug     foc_control.o
    0x080046ce   0x080046ce   0x00000002   PAD
    0x080046d0   0x080046d0   0x00000052   Code   RO         1230    .text.foc_id_pid_calculate  foc_conversion.o
    0x08004722   0x08004722   0x00000002   PAD
    0x08004724   0x08004724   0x00000052   Code   RO         1232    .text.foc_iq_pid_calculate  foc_conversion.o
    0x08004776   0x08004776   0x00000002   PAD
    0x08004778   0x08004778   0x0000001e   Code   RO         1163    .text.foc_position_pi_init  foc_setting.o
    0x08004796   0x08004796   0x00000002   PAD
    0x08004798   0x08004798   0x00000016   Code   RO         1161    .text.foc_speed_pi_init  foc_setting.o
    0x080047ae   0x080047ae   0x00000002   PAD
    0x080047b0   0x080047b0   0x000000e8   Code   RO         1117    .text.foc_start_init  foc_control.o
    0x08004898   0x08004898   0x00000054   Code   RO           43    .text.get_foc_bus_voltage  adc.o
    0x080048ec   0x080048ec   0x0000000a   Code   RO         1294    .text.get_parsed_data  foc_prase.o
    0x080048f6   0x080048f6   0x00000002   PAD
    0x080048f8   0x080048f8   0x0000002a   Code   RO         1226    .text.inv_park_transform_f32  foc_conversion.o
    0x08004922   0x08004922   0x00000002   PAD
    0x08004924   0x08004924   0x000001ec   Code   RO           11    .text.main          main.o
    0x08004b10   0x08004b10   0x0000002a   Code   RO         1224    .text.park_transform  foc_conversion.o
    0x08004b3a   0x08004b3a   0x00000006   PAD
    0x08004b40   0x08004b40   0x0000016c   Code   RO         1292    .text.parse_received_data  foc_prase.o
    0x08004cac   0x08004cac   0x00000144   Code   RO         1218    .text.svpwm_calc_times  foc_conversion.o
    0x08004df0   0x08004df0   0x000000f8   Code   RO         1220    .text.svpwm_duty_calc  foc_conversion.o
    0x08004ee8   0x08004ee8   0x0000006c   Code   RO         1216    .text.svpwm_sector_calc  foc_conversion.o
    0x08004f54   0x08004f54   0x00000048   Code   RO           45    .text.update_Three_phase_voltage  adc.o
    0x08004f9c   0x08004f9c   0x00000004   PAD
    0x08004fa0   0x08004fa0   0x000000a8   Code   RO           47    .text.update_mosfet_temperature  adc.o
    0x08005048   0x08005048   0x0000002a   Code   RO         1320    .text.vibration_sweep_init  foc_vibration_sweep.o
    0x08005072   0x08005072   0x00000002   PAD
    0x08005074   0x08005074   0x00000084   Code   RO         1322    .text.vibration_sweep_start  foc_vibration_sweep.o
    0x080050f8   0x080050f8   0x000001c0   Code   RO         1324    .text.vibration_sweep_update  foc_vibration_sweep.o
    0x080052b8   0x080052b8   0x00000034   Code   RO         1531    i.__0vsnprintf      mc_w.l(printfa.o)
    0x080052ec   0x080052ec   0x00000026   Code   RO         1577    i.__ARM_fpclassifyf  m_wm.l(fpclassifyf.o)
    0x08005312   0x08005312   0x00000006   PAD
    0x08005318   0x08005318   0x000003c4   Code   RO         1489    i.__hardfp_log      m_wm.l(log.o)
    0x080056dc   0x080056dc   0x00000190   Code   RO         1496    i.__hardfp_sinf     m_wm.l(sinf.o)
    0x0800586c   0x0800586c   0x00000020   Code   RO         1502    i.__hardfp_strtof   m_wm.l(strtof.o)
    0x0800588c   0x0800588c   0x000000f8   Code   RO         1593    i.__kernel_poly     m_wm.l(poly.o)
    0x08005984   0x08005984   0x00000004   PAD
    0x08005988   0x08005988   0x00000030   Code   RO         1563    i.__mathlib_dbl_divzero  m_wm.l(dunder.o)
    0x080059b8   0x080059b8   0x00000014   Code   RO         1564    i.__mathlib_dbl_infnan  m_wm.l(dunder.o)
    0x080059cc   0x080059cc   0x00000004   PAD
    0x080059d0   0x080059d0   0x00000020   Code   RO         1566    i.__mathlib_dbl_invalid  m_wm.l(dunder.o)
    0x080059f0   0x080059f0   0x00000006   Code   RO         1580    i.__mathlib_flt_infnan  m_wm.l(funder.o)
    0x080059f6   0x080059f6   0x00000002   PAD
    0x080059f8   0x080059f8   0x00000010   Code   RO         1582    i.__mathlib_flt_invalid  m_wm.l(funder.o)
    0x08005a08   0x08005a08   0x00000010   Code   RO         1585    i.__mathlib_flt_underflow  m_wm.l(funder.o)
    0x08005a18   0x08005a18   0x00000154   Code   RO         1596    i.__mathlib_rredf2  m_wm.l(rredf.o)
    0x08005b6c   0x08005b6c   0x0000000e   Code   RO         1684    i.__scatterload_copy  mc_w.l(handlers.o)
    0x08005b7a   0x08005b7a   0x00000002   Code   RO         1685    i.__scatterload_null  mc_w.l(handlers.o)
    0x08005b7c   0x08005b7c   0x0000000e   Code   RO         1686    i.__scatterload_zeroinit  mc_w.l(handlers.o)
    0x08005b8a   0x08005b8a   0x00000002   PAD
    0x08005b8c   0x08005b8c   0x0000000c   Code   RO         1637    i.__set_errno       mc_w.l(errno.o)
    0x08005b98   0x08005b98   0x00000184   Code   RO         1533    i._fp_digits        mc_w.l(printfa.o)
    0x08005d1c   0x08005d1c   0x0000000e   Code   RO         1673    i._is_digit         mc_w.l(scanf_fp.o)
    0x08005d2a   0x08005d2a   0x00000002   PAD
    0x08005d2c   0x08005d2c   0x000006dc   Code   RO         1534    i._printf_core      mc_w.l(printfa.o)
    0x08006408   0x08006408   0x00000024   Code   RO         1535    i._printf_post_padding  mc_w.l(printfa.o)
    0x0800642c   0x0800642c   0x0000002e   Code   RO         1536    i._printf_pre_padding  mc_w.l(printfa.o)
    0x0800645a   0x0800645a   0x00000016   Code   RO         1537    i._snputc           mc_w.l(printfa.o)
    0x08006470   0x08006470   0x00000038   Data   RO         1492    .constdata          m_wm.l(log.o)
    0x080064a8   0x080064a8   0x00000008   Data   RO         1595    .constdata          m_wm.l(qnan.o)
    0x080064b0   0x080064b0   0x00000020   Data   RO         1597    .constdata          m_wm.l(rredf.o)
    0x080064d0   0x080064d0   0x00000040   Data   RO         1678    .constdata          mc_w.l(ctype_c.o)
    0x08006510   0x08006510   0x00000010   Data   RO         1093    .rodata.AHBPrescTable  system_stm32g4xx.o
    0x08006520   0x08006520   0x00000008   Data   RO         1094    .rodata.APBPrescTable  system_stm32g4xx.o
    0x08006528   0x08006528   0x00000010   Data   RO          959    .rodata.cst16       stm32g4xx_hal_fdcan.o
    0x08006538   0x08006538   0x00000041   Data   RO           15    .rodata.str1.1      main.o
    0x08006579   0x08006579   0x00000003   PAD
    0x0800657c   0x0800657c   0x00000020   Data   RO         1683    Region$$Table       anon$$obj.o


    Execution Region RW_IRAM1 (Exec base: 0x20000000, Load base: 0x080065a0, Size: 0x000018e0, Max: 0x00008000, ABSOLUTE)

    Exec Addr    Load Addr    Size         Type   Attr      Idx    E Section Name        Object

    0x20000000   0x080065a0   0x00000004   Data   RW         1638    .data               mc_w.l(errno.o)
    0x20000004   0x080065a4   0x00000006   Data   RW           49    .data..L_MergedGlobals  adc.o
    0x2000000a   0x080065aa   0x00000002   PAD
    0x2000000c   0x080065ac   0x00000008   Data   RW          381    .data..L_MergedGlobals  stm32g4xx_hal.o
    0x20000014   0x080065b4   0x00000004   Data   RW         1092    .data.SystemCoreClock  system_stm32g4xx.o
    0x20000018   0x080065b8   0x0000001c   Data   RW           13    .data.motor_ctrl    main.o
    0x20000034   0x080065d4   0x00000004   PAD
    0x20000038        -       0x00000034   Zero   RW          112    .bss..L_MergedGlobals  fdcan.o
    0x2000006c        -       0x00000041   Zero   RW          168    .bss..L_MergedGlobals  usart.o
    0x200000ad   0x080065d4   0x00000003   PAD
    0x200000b0        -       0x0000003c   Zero   RW         1150    .bss..L_MergedGlobals  foc_encoder.o
    0x200000ec        -       0x0000001e   Zero   RW         1178    .bss..L_MergedGlobals  foc_sys.o
    0x2000010a   0x080065d4   0x00000002   PAD
    0x2000010c        -       0x00000068   Zero   RW           50    .bss..L_MergedGlobals.31  adc.o
    0x20000174        -       0x00000018   Zero   RW         1244    .bss.alpha_beta     foc_conversion.o
    0x2000018c        -       0x00000200   Zero   RW          167    .bss.d_buffer       usart.o
    0x2000038c        -       0x00000004   Zero   RW         1285    .bss.data           foc_communication.o
    0x20000390        -       0x00000001   Zero   RW           14    .bss.enc_status     main.o
    0x20000391   0x080065d4   0x00000003   PAD
    0x20000394        -       0x00000048   Zero   RW         1243    .bss.foc_ctrl       foc_conversion.o
    0x200003dc        -       0x00000200   Zero   RW          110    .bss.g_fdcan_parse_buffer  fdcan.o
    0x200005dc        -       0x00000d80   Zero   RW          109    .bss.g_fdcan_rx_queue  fdcan.o
    0x2000135c        -       0x00000034   Zero   RW         1326    .bss.g_vib_sweep    foc_vibration_sweep.o
    0x20001390        -       0x00000064   Zero   RW          107    .bss.hfdcan1        fdcan.o
    0x200013f4        -       0x0000002c   Zero   RW         1238    .bss.id_pid         foc_conversion.o
    0x20001420        -       0x0000002c   Zero   RW         1239    .bss.iq_pid         foc_conversion.o
    0x2000144c        -       0x00000020   Zero   RW         1296    .bss.parsed_data    foc_prase.o
    0x2000146c        -       0x0000002c   Zero   RW         1241    .bss.position_pid   foc_conversion.o
    0x20001498        -       0x0000002c   Zero   RW         1240    .bss.speed_pid      foc_conversion.o
    0x200014c4        -       0x00000014   Zero   RW         1242    .bss.svpwm          foc_conversion.o
    0x200014d8        -       0x00000004   Zero   RW          380    .bss.uwTick         stm32g4xx_hal.o
    0x200014dc   0x080065d4   0x00000004   PAD
    0x200014e0        -       0x00000400   Zero   RW            1    STACK               startup_stm32g431xx.o


==============================================================================

Image component sizes


      Code (inc. data)   RO Data    RW Data    ZI Data      Debug   Object Name

      2606        100          0          6        104      19491   adc.o
       322         12          0          0          0       3577   cordic.o
       234          0          0          0          0       5126   dac.o
       800         16          0          0       4120      12318   fdcan.o
        32          0          0          0          0       1766   fmac.o
        76          0          0          0          4        958   foc_communication.o
       610         80          0          0          0       1790   foc_control.o
      1192         96          0          0        292      10179   foc_conversion.o
       908        100          0          0         60      10477   foc_encoder.o
       442          0          0          0          0       4560   foc_init.o
       374         68          0          0         32       2237   foc_prase.o
        96          0          0          0          0        949   foc_setting.o
       180          0          0          0         30       2877   foc_sys.o
       622        132          0          0         52       2265   foc_vibration_sweep.o
       340          0          0          0          0       3061   gpio.o
       492        154         65         28          1       5090   main.o
       482          0          0          0          0       3956   spi.o
        36          8        472          0       1024        844   startup_stm32g431xx.o
       188          0          0          8          4       8899   stm32g4xx_hal.o
       196          0          0          0          0      10397   stm32g4xx_hal_cortex.o
      1740          0         16          0          0      23083   stm32g4xx_hal_fdcan.o
       434          0          0          0          0       5222   stm32g4xx_hal_gpio.o
        52          0          0          0          0       1757   stm32g4xx_hal_msp.o
        18          0          0          0          0       9326   stm32g4xx_hal_pwr_ex.o
        32          0          0          0          0       3761   stm32g4xx_it.o
       270          0          0          0          0       7485   stm32g4xx_ll_adc.o
       166          0          0          0          0       3775   stm32g4xx_ll_dac.o
       132          8          0          0          0       5648   stm32g4xx_ll_dma.o
       222          0          0          0          0       4154   stm32g4xx_ll_gpio.o
       804          0          0          0          0      18368   stm32g4xx_ll_rcc.o
       140          0          0          0          0       5254   stm32g4xx_ll_spi.o
      1130          0          0          0          0      12438   stm32g4xx_ll_tim.o
       312         48          0          0          0       5286   stm32g4xx_ll_usart.o
        12          0          0          0          0      12097   stm32g4xx_ll_utils.o
        18          0         24          4          0       2751   system_stm32g4xx.o
       928          0          0          0          0      10912   tim.o
      1004         12          0          0        577      12536   usart.o

    ----------------------------------------------------------------------
     17756        838        612         48       6316     254670   Object Totals
         0          0         32          0          0          0   (incl. Generated)
       114          4          3          2         16          0   (incl. Padding)

    ----------------------------------------------------------------------

      Code (inc. data)   RO Data    RW Data    ZI Data      Debug   Library Member Name

       100         28          0          0          0        372   dunder.o
        38          0          0          0          0        116   fpclassifyf.o
        38         12          0          0          0        348   funder.o
       964         92         56          0          0        316   log.o
       248          0          0          0          0        152   poly.o
         0          0          8          0          0          0   qnan.o
       340         24         32          0          0        160   rredf.o
       400         56          0          0          0        212   sinf.o
        32          6          0          0          0        124   strtof.o
        64          0          0          0          0         84   _sgetc.o
        40          6         64          0          0         68   ctype_c.o
         0          0          0          0          0          0   entry.o
         0          0          0          0          0          0   entry10a.o
         0          0          0          0          0          0   entry11a.o
         8          4          0          0          0          0   entry2.o
         4          0          0          0          0          0   entry5.o
         0          0          0          0          0          0   entry7b.o
         0          0          0          0          0          0   entry8b.o
         8          4          0          0          0          0   entry9a.o
        12          6          0          4          0         68   errno.o
        30          0          0          0          0          0   handlers.o
        48         10          0          0          0         68   init.o
        10          0          0          0          0         68   isspace_c.o
         0          0          0          0          0          0   iusefp.o
        30          0          0          0          0         68   llshl.o
        36          0          0          0          0         68   llsshr.o
        32          0          0          0          0         68   llushr.o
        36          0          0          0          0         68   memcpya.o
        36          0          0          0          0        108   memseta.o
      2300         86          0          0          0        516   printfa.o
       878         12          0          0          0        216   scanf_fp.o
        36          0          0          0          0         80   strstr.o
       168         12          0          0          0        124   strtod.o
         8          0          0          0          0         68   strtof.o
        44          0          0          0          0         80   uidiv.o
        98          0          0          0          0         92   uldiv.o
        48          0          0          0          0         68   cdcmple.o
        48          0          0          0          0         68   cdrcmple.o
        56          0          0          0          0         88   d2f.o
       334          0          0          0          0        148   dadd.o
       222          0          0          0          0        100   ddiv.o
       186          0          0          0          0        176   depilogue.o
        48          0          0          0          0         68   dfixul.o
        34          0          0          0          0         76   dflti.o
        24          0          0          0          0         76   dfltul.o
       228          0          0          0          0         96   dmul.o
        38          0          0          0          0         68   f2d.o
       110          0          0          0          0        168   fepilogue.o

    ----------------------------------------------------------------------
      7484        358        160          4          0       4912   Library Totals
        22          0          0          0          0          0   (incl. Padding)

    ----------------------------------------------------------------------

      Code (inc. data)   RO Data    RW Data    ZI Data      Debug   Library Name

      2160        218         96          0          0       1800   m_wm.l
      3926        140         64          4          0       1912   mc_w.l
      1376          0          0          0          0       1200   mf_w.l

    ----------------------------------------------------------------------
      7484        358        160          4          0       4912   Library Totals

    ----------------------------------------------------------------------

==============================================================================


      Code (inc. data)   RO Data    RW Data    ZI Data      Debug   

     25240       1196        772         52       6316     256322   Grand Totals
     25240       1196        772         52       6316     256322   ELF Image Totals
     25240       1196        772         52          0          0   ROM Totals

==============================================================================

    Total RO  Size (Code + RO Data)                26012 (  25.40kB)
    Total RW  Size (RW Data + ZI Data)              6368 (   6.22kB)
    Total ROM Size (Code + RO Data + RW Data)      26064 (  25.45kB)

==============================================================================

