<html>
<body>
<pre>
<h1>�Vision Build Log</h1>
<h2>Tool Versions:</h2>
IDE-Version: ��Vision V5.40.0.0
Copyright (C) 2024 ARM Ltd and ARM Germany GmbH. All rights reserved.
License Information: A Admin, sb, LIC=UJWP0-BKMRF-GK8BG-VYBSK-KZDPK-H0WBG
 
Tool Versions:
Toolchain:       MDK-ARM Plus  Version: 5.40.0.3
Toolchain Path:  D:\Keilv5\ARM\ARMCLANG\Bin
C Compiler:      ArmClang.exe V6.22
Assembler:       Armasm.exe V6.22
Linker/Locator:  ArmLink.exe V6.22
Library Manager: ArmAr.exe V6.22
Hex Converter:   FromElf.exe V6.22
CPU DLL:         SARMCM3.DLL V5.40.0.3
Dialog DLL:      DCM.DLL V1.17.5.0
Target DLL:      STLink\ST-LINKIII-KEIL_SWO.dll V3.3.0.0
Dialog DLL:      TCM.DLL V1.56.4.0
 
<h2>Project:</h2>
C:\Users\admin\Desktop\HR_Project\H_FOC_V2.0\Code\H_FOC V2.2\MDK-ARM\H_FOC V2.0.uvprojx
Project File Date:  01/28/2026

<h2>Output:</h2>
*** Using Compiler 'V6.22', folder: 'D:\Keilv5\ARM\ARMCLANG\Bin'
Build target 'H_FOC V2.0'
compiling stm32g4xx_it.c...
compiling stm32g4xx_hal_msp.c...
compiling fmac.c...
compiling cordic.c...
compiling dac.c...
compiling gpio.c...
compiling main.c...
compiling spi.c...
compiling FOC_Init.c...
../APP/foc_control.c(1): warning: In file included from...
../APP\foc_control.h(6): warning: In file included from...
../Core/Inc\main.h(9): warning: In file included from...
../APP\FOC_Init.h(33): warning: In file included from...
../APP\foc_encoder.h(28): warning: In file included from...
../MID\foc_conversion.h(125): warning: inline function 'clark_transform' is not defined [-Wundefined-inline]
  125 | extern inline void clark_transform(void *abc_i, AlphaBetaTypeDef *alpha_beta);
      |                    ^
../APP/foc_control.c(125): note: used here
  125 |     clark_transform(&foc_current_data, &alpha_beta);
      |     ^
../APP/foc_control.c(1): warning: In file included from...
../APP\foc_control.h(6): warning: In file included from...
../Core/Inc\main.h(9): warning: In file included from...
../APP\FOC_Init.h(33): warning: In file included from...
../APP\foc_encoder.h(28): warning: In file included from...
../MID\foc_conversion.h(95): warning: inline function 'angle_normalize_360' is not defined [-Wundefined-inline]
   95 | extern inline float32_t angle_normalize_360(float32_t angle);
      |                         ^
../APP/foc_control.c(134): note: used here
  134 |     angle_accum = angle_normalize_360(angle_accum);
      |                   ^
../APP/foc_control.c(1): warning: In file included from...
../APP\foc_control.h(6): warning: In file included from...
../Core/Inc\main.h(9): warning: In file included from...
../APP\FOC_Init.h(33): warning: In file included from...
../APP\foc_encoder.h(28): warning: In file included from...
../MID\foc_conversion.h(132): warning: inline function 'park_transform' is not defined [-Wundefined-inline]
  132 | extern inline void park_transform(AlphaBetaTypeDef *alpha_beta, foc_control_t *foc_ctrl, float32_t sin_theta, float32_t cos_theta);
      |                    ^
../APP/foc_control.c(142): note: used here
  142 |     park_transform(&alpha_beta, &foc_ctrl, sin_theta, cos_theta);
      |     ^
../APP/foc_control.c(1): warning: In file included from...
../APP\foc_control.h(6): warning: In file included from...
../Core/Inc\main.h(9): warning: In file included from...
../APP\FOC_Init.h(33): warning: In file included from...
../APP\foc_encoder.h(28): warning: In file included from...
../MID\foc_conversion.h(142): warning: inline function 'inv_park_transform_f32' is not defined [-Wundefined-inline]
  142 | extern inline void inv_park_transform_f32(foc_control_t *foc_ctrl, AlphaBetaTypeDef *alpha_beta, float32_t sin_theta, float32_t cos_theta);
      |                    ^
../APP/foc_control.c(145): note: used here
  145 |     inv_park_transform_f32(&foc_ctrl, &alpha_beta, sin_theta, cos_theta);
      |     ^
../APP/foc_control.c(1): warning: In file included from...
../APP\foc_control.h(6): warning: In file included from...
../Core/Inc\main.h(9): warning: In file included from...
../APP\FOC_Init.h(33): warning: In file included from...
../APP\foc_encoder.h(28): warning: In file included from...
../MID\foc_conversion.h(104): warning: inline function 'svpwm_sector_calc' is not defined [-Wundefined-inline]
  104 | extern inline uint8_t svpwm_sector_calc(AlphaBetaTypeDef *alpha_beta);
      |                       ^
../APP/foc_control.c(149): note: used here
  149 |     svpwm.sector = svpwm_sector_calc(&alpha_beta);
      |                    ^
../APP/foc_control.c(1): warning: In file included from...
../APP\foc_control.h(6): warning: In file included from...
../Core/Inc\main.h(9): warning: In file included from...
../APP\FOC_Init.h(33): warning: In file included from...
../APP\foc_encoder.h(28): warning: In file included from...
../MID\foc_conversion.h(112): warning: inline function 'svpwm_calc_times' is not defined [-Wundefined-inline]
  112 | extern inline void svpwm_calc_times(AlphaBetaTypeDef *alpha_beta, SVPWM_t *svpwm, float32_t vdc);
      |                    ^
../APP/foc_control.c(152): note: used here
  152 |     svpwm_calc_times(&alpha_beta, &svpwm, foc_voltage_data.vbus);
      |     ^
../APP/foc_control.c(1): warning: In file included from...
../APP\foc_control.h(6): warning: In file included from...
../Core/Inc\main.h(9): warning: In file included from...
../APP\FOC_Init.h(33): warning: In file included from...
../APP\foc_encoder.h(28): warning: In file included from...
../MID\foc_conversion.h(118): warning: inline function 'svpwm_duty_calc' is not defined [-Wundefined-inline]
  118 | extern inline void svpwm_duty_calc(SVPWM_t *svpwm);
      |                    ^
../APP/foc_control.c(154): note: used here
  154 |     svpwm_duty_calc(&svpwm);
      |     ^
../APP/foc_control.c(1): warning: In file included from...
../APP\foc_control.h(6): warning: In file included from...
../Core/Inc\main.h(9): warning: In file included from...
../APP\FOC_Init.h(33): warning: In file included from...
../APP\foc_encoder.h(28): warning: In file included from...
../MID\foc_conversion.h(158): warning: inline function 'foc_id_pid_calculate' is not defined [-Wundefined-inline]
  158 | extern inline float32_t foc_id_pid_calculate(float32_t target_id, float32_t actual_id);
      |                         ^
../APP/foc_control.c(189): note: used here
  189 |     float vd_pi = foc_id_pid_calculate(foc_ctrl.target_d, foc_ctrl.abc_dq.current_d);
      |                   ^
../APP/foc_control.c(1): warning: In file included from...
../APP\foc_control.h(6): warning: In file included from...
../Core/Inc\main.h(9): warning: In file included from...
../APP\FOC_Init.h(33): warning: In file included from...
../APP\foc_encoder.h(28): warning: In file included from...
../MID\foc_conversion.h(166): warning: inline function 'foc_iq_pid_calculate' is not defined [-Wundefined-inline]
  166 | extern inline float32_t foc_iq_pid_calculate(float32_t target_iq, float32_t actual_iq);
      |                         ^
../APP/foc_control.c(190): note: used here
  190 |     float vq_pi = foc_iq_pid_calculate(foc_ctrl.target_q, foc_ctrl.abc_dq.current_q);
      |                   ^
../APP/foc_control.c(1): warning: In file included from...
../APP\foc_control.h(6): warning: In file included from...
../Core/Inc\main.h(9): warning: In file included from...
../APP\FOC_Init.h(33): warning: In file included from...
../APP\foc_encoder.h(28): warning: In file included from...
../MID\foc_conversion.h(174): warning: inline function 'foc_speed_pid_calculate' is not defined [-Wundefined-inline]
  174 | extern inline float32_t foc_speed_pid_calculate(float32_t target_speed, float32_t actual_speed);
      |                         ^
../APP/foc_control.c(223): note: used here
  223 |     float iq_fb = foc_speed_pid_calculate(target_speed, encoder_data.mechanical_speed);
      |                   ^
../APP/foc_control.c(1): warning: In file included from...
../APP\foc_control.h(6): warning: In file included from...
../Core/Inc\main.h(9): warning: In file included from...
../APP\FOC_Init.h(33): warning: In file included from...
../APP\foc_encoder.h(28): warning: In file included from...
../MID\foc_conversion.h(182): warning: inline function 'foc_position_pid_calculate' is not defined [-Wundefined-inline]
  182 | extern inline float32_t foc_position_pid_calculate(float32_t target_position, float32_t current_position);
      |                         ^
../APP/foc_control.c(239): note: used here
  239 |     float iq_fb = foc_position_pid_calculate(target_position, encoder_data.mechanical_angle);
      |                   ^
../APP/foc_control.c(1): warning: In file included from...
../APP\foc_control.h(6): warning: In file included from...
../Core/Inc\main.h(9): warning: In file included from...
../APP\FOC_Init.h(33): warning: In file included from...
../APP\foc_encoder.h(28): warning: In file included from...
../MID\foc_conversion.h(97): warning: inline function 'deg2rad' is not defined [-Wundefined-inline]
   97 | extern inline float deg2rad(float deg);
      |                     ^
../APP/foc_control.c(242): note: used here
  242 |     float theta = deg2rad(encoder_data.mechanical_angle);
      |                   ^
12 warnings generated.
compiling foc_control.c...
compiling fdcan.c...
compiling usart.c...
compiling tim.c...
../APP/foc_encoder.c(78): warning: while loop has empty body [-Wempty-body]
   78 |    while (LL_SPI_IsActiveFlag_BSY(SPI2));
      |                                         ^
../APP/foc_encoder.c(78): note: put the semicolon on a separate line to silence this warning
../APP/foc_encoder.c(21): warning: In file included from...
../APP\foc_encoder.h(24): warning: In file included from...
../Core/Inc\spi.h(29): warning: In file included from...
../Core/Inc\main.h(10): warning: In file included from...
../APP\foc_control.h(11): warning: In file included from...
../MID\foc_conversion.h(97): warning: inline function 'deg2rad' is not defined [-Wundefined-inline]
   97 | extern inline float deg2rad(float deg);
      |                     ^
../APP/foc_encoder.c(277): note: used here
  277 |     encoder_data.electrical_speed = deg2rad(encoder_data.mechanical_speed * MOTOR_POLE_PAIRS); // 正负跟电机接线相关
      |                                     ^
../APP/foc_encoder.c(21): warning: In file included from...
../APP\foc_encoder.h(24): warning: In file included from...
../Core/Inc\spi.h(29): warning: In file included from...
../Core/Inc\main.h(10): warning: In file included from...
../APP\foc_control.h(11): warning: In file included from...
../MID\foc_conversion.h(95): warning: inline function 'angle_normalize_360' is not defined [-Wundefined-inline]
   95 | extern inline float32_t angle_normalize_360(float32_t angle);
      |                         ^
../APP/foc_encoder.c(296): note: used here
  296 |     encoder_data.electrical_angle = angle_normalize_360(DIRECTION_CW * encoder_data.angle_raw_scaled * MOTOR_POLE_PAIRS);
      |                                     ^
3 warnings generated.
compiling foc_encoder.c...
compiling adc.c...
compiling foc_setting.c...
compiling foc_communication.c...
compiling foc_prase.c...
compiling foc_sys.c...
../APP/foc_Parameteridentifikation.c(1): warning: In file included from...
../APP\foc_Parameteridentifikation.h(5): warning: In file included from...
../APP\foc_control.h(6): warning: In file included from...
../Core/Inc\main.h(9): warning: In file included from...
../APP\FOC_Init.h(33): warning: In file included from...
../APP\foc_encoder.h(28): warning: In file included from...
../MID\foc_conversion.h(142): warning: inline function 'inv_park_transform_f32' is not defined [-Wundefined-inline]
  142 | extern inline void inv_park_transform_f32(foc_control_t *foc_ctrl, AlphaBetaTypeDef *alpha_beta, float32_t sin_theta, float32_t cos_theta);
      |                    ^
../APP/foc_Parameteridentifikation.c(81): note: used here
   81 |     inv_park_transform_f32(&foc_ctrl, &alpha_beta, sin_theta, cos_theta);
      |     ^
../APP/foc_Parameteridentifikation.c(1): warning: In file included from...
../APP\foc_Parameteridentifikation.h(5): warning: In file included from...
../APP\foc_control.h(6): warning: In file included from...
../Core/Inc\main.h(9): warning: In file included from...
../APP\FOC_Init.h(33): warning: In file included from...
../APP\foc_encoder.h(28): warning: In file included from...
../MID\foc_conversion.h(104): warning: inline function 'svpwm_sector_calc' is not defined [-Wundefined-inline]
  104 | extern inline uint8_t svpwm_sector_calc(AlphaBetaTypeDef *alpha_beta);
      |                       ^
../APP/foc_Parameteridentifikation.c(83): note: used here
   83 |     svpwm.sector = svpwm_sector_calc(&alpha_beta);
      |                    ^
../APP/foc_Parameteridentifikation.c(1): warning: In file included from...
../APP\foc_Parameteridentifikation.h(5): warning: In file included from...
../APP\foc_control.h(6): warning: In file included from...
../Core/Inc\main.h(9): warning: In file included from...
../APP\FOC_Init.h(33): warning: In file included from...
../APP\foc_encoder.h(28): warning: In file included from...
../MID\foc_conversion.h(112): warning: inline function 'svpwm_calc_times' is not defined [-Wundefined-inline]
  112 | extern inline void svpwm_calc_times(AlphaBetaTypeDef *alpha_beta, SVPWM_t *svpwm, float32_t vdc);
      |                    ^
../APP/foc_Parameteridentifikation.c(84): note: used here
   84 |     svpwm_calc_times(&alpha_beta, &svpwm, vbus);
      |     ^
../APP/foc_Parameteridentifikation.c(1): warning: In file included from...
../APP\foc_Parameteridentifikation.h(5): warning: In file included from...
../APP\foc_control.h(6): warning: In file included from...
../Core/Inc\main.h(9): warning: In file included from...
../APP\FOC_Init.h(33): warning: In file included from...
../APP\foc_encoder.h(28): warning: In file included from...
../MID\foc_conversion.h(118): warning: inline function 'svpwm_duty_calc' is not defined [-Wundefined-inline]
  118 | extern inline void svpwm_duty_calc(SVPWM_t *svpwm);
      |                    ^
../APP/foc_Parameteridentifikation.c(85): note: used here
   85 |     svpwm_duty_calc(&svpwm);
      |     ^
../APP/foc_Parameteridentifikation.c(1): warning: In file included from...
../APP\foc_Parameteridentifikation.h(5): warning: In file included from...
../APP\foc_control.h(6): warning: In file included from...
../Core/Inc\main.h(9): warning: In file included from...
../APP\FOC_Init.h(33): warning: In file included from...
../APP\foc_encoder.h(28): warning: In file included from...
../MID\foc_conversion.h(125): warning: inline function 'clark_transform' is not defined [-Wundefined-inline]
  125 | extern inline void clark_transform(void *abc_i, AlphaBetaTypeDef *alpha_beta);
      |                    ^
../APP/foc_Parameteridentifikation.c(101): note: used here
  101 |     clark_transform(&foc_current_data, &alpha_beta);
      |     ^
../APP/foc_Parameteridentifikation.c(1): warning: In file included from...
../APP\foc_Parameteridentifikation.h(5): warning: In file included from...
../APP\foc_control.h(6): warning: In file included from...
../Core/Inc\main.h(9): warning: In file included from...
../APP\FOC_Init.h(33): warning: In file included from...
../APP\foc_encoder.h(28): warning: In file included from...
../MID\foc_conversion.h(132): warning: inline function 'park_transform' is not defined [-Wundefined-inline]
  132 | extern inline void park_transform(AlphaBetaTypeDef *alpha_beta, foc_control_t *foc_ctrl, float32_t sin_theta, float32_t cos_theta);
      |                    ^
../APP/foc_Parameteridentifikation.c(109): note: used here
  109 |     park_transform(&alpha_beta, &foc_ctrl, sin_theta, cos_theta);
      |     ^
6 warnings generated.
compiling foc_Parameteridentifikation.c...
compiling foc_conversion.c...
linking...
Program Size: Code=25304 RO-data=2860 RW-data=52 ZI-data=6260  
FromELF: creating hex file...
"H_FOC V2.0\H_FOC V2.0" - 0 Error(s), 21 Warning(s).

<h2>Software Packages used:</h2>

Package Vendor: ARM
                https://www.keil.com/pack/ARM.CMSIS.6.1.0.pack
                ARM::CMSIS@6.1.0
                CMSIS (Common Microcontroller Software Interface Standard)
   * Component: CORE Version: 6.1.0

Package Vendor: Keil
                https://www.keil.com/pack/Keil.STM32G4xx_DFP.2.0.0.pack
                Keil::STM32G4xx_DFP@2.0.0
                STMicroelectronics STM32G4 Series Device Support

<h2>Collection of Component include folders:</h2>
  ./RTE/_H_FOC_V2.0
  D:/Keilv5/ARM/PACK/ARM/CMSIS/6.1.0/CMSIS/Core/Include

<h2>Collection of Component Files used:</h2>

   * Component: ARM::CMSIS:CORE@6.1.0
      Include file:  CMSIS/Core/Include/tz_context.h
Build Time Elapsed:  00:00:03
</pre>
</body>
</html>
