Component: Arm Compiler for Embedded 6.22 Tool: armlink [5ee90200]

==============================================================================

Section Cross References

    startup_stm32g431xx.o(RESET) refers to startup_stm32g431xx.o(STACK) for __initial_sp
    startup_stm32g431xx.o(RESET) refers to startup_stm32g431xx.o(.text) for Reset_Handler
    startup_stm32g431xx.o(RESET) refers to stm32g4xx_it.o(.text.NMI_Handler) for NMI_Handler
    startup_stm32g431xx.o(RESET) refers to stm32g4xx_it.o(.text.HardFault_Handler) for HardFault_Handler
    startup_stm32g431xx.o(RESET) refers to stm32g4xx_it.o(.text.MemManage_Handler) for MemManage_Handler
    startup_stm32g431xx.o(RESET) refers to stm32g4xx_it.o(.text.BusFault_Handler) for BusFault_Handler
    startup_stm32g431xx.o(RESET) refers to stm32g4xx_it.o(.text.UsageFault_Handler) for UsageFault_Handler
    startup_stm32g431xx.o(RESET) refers to stm32g4xx_it.o(.text.SVC_Handler) for SVC_Handler
    startup_stm32g431xx.o(RESET) refers to stm32g4xx_it.o(.text.DebugMon_Handler) for DebugMon_Handler
    startup_stm32g431xx.o(RESET) refers to stm32g4xx_it.o(.text.PendSV_Handler) for PendSV_Handler
    startup_stm32g431xx.o(RESET) refers to stm32g4xx_it.o(.text.SysTick_Handler) for SysTick_Handler
    startup_stm32g431xx.o(RESET) refers to adc.o(.text.DMA1_Channel1_IRQHandler) for DMA1_Channel1_IRQHandler
    startup_stm32g431xx.o(RESET) refers to adc.o(.text.DMA1_Channel2_IRQHandler) for DMA1_Channel2_IRQHandler
    startup_stm32g431xx.o(RESET) refers to stm32g4xx_it.o(.text.FDCAN1_IT0_IRQHandler) for FDCAN1_IT0_IRQHandler
    startup_stm32g431xx.o(RESET) refers to foc_sys.o(.text.TIM3_IRQHandler) for TIM3_IRQHandler
    startup_stm32g431xx.o(RESET) refers to usart.o(.text.USART3_IRQHandler) for USART3_IRQHandler
    startup_stm32g431xx.o(RESET) refers to foc_sys.o(.text.TIM8_CC_IRQHandler) for TIM8_CC_IRQHandler
    startup_stm32g431xx.o(.text) refers to system_stm32g4xx.o(.text.SystemInit) for SystemInit
    startup_stm32g431xx.o(.text) refers to entry.o(.ARM.Collect$$$$00000000) for __main
    main.o(.text.main) refers to foc_init.o(.text.FOC_Init) for FOC_Init
    main.o(.text.main) refers to main.o(.data.motor_ctrl) for motor_ctrl
    main.o(.text.main) refers to foc_sys.o(.bss..L_MergedGlobals) for foc_task
    main.o(.text.main) refers to adc.o(.bss..L_MergedGlobals.31) for foc_voltage_data
    main.o(.text.main) refers to foc_encoder.o(.bss..L_MergedGlobals) for encoder_data
    main.o(.text.main) refers to foc_encoder.o(.text.encoder_init) for encoder_init
    main.o(.text.main) refers to main.o(.bss.enc_status) for enc_status
    main.o(.text.main) refers to foc_control.o(.text.foc_start_init) for foc_start_init
    main.o(.text.main) refers to tim.o(.text.bsp_pwm_stop) for bsp_pwm_stop
    main.o(.text.main) refers to main.o(.rodata.str1.1) for .L.str.2
    main.o(.text.main) refers to usart.o(.text.debug_log) for debug_log
    main.o(.text.main) refers to foc_communication.o(.text.foc_control_set) for foc_control_set
    main.o(.text.main) refers to foc_control.o(.text.foc_control) for foc_control
    main.o(.text.main) refers to adc.o(.text.get_foc_bus_voltage) for get_foc_bus_voltage
    main.o(.text.main) refers to adc.o(.text.update_Three_phase_voltage) for update_Three_phase_voltage
    main.o(.text.main) refers to adc.o(.text.update_mosfet_temperature) for update_mosfet_temperature
    main.o(.text.main) refers to foc_control.o(.text.foc_debug) for foc_debug
    main.o(.text.main) refers to fdcan.o(.text.FDCAN_SendMotorData) for FDCAN_SendMotorData
    main.o(.text.main) refers to fdcan.o(.text.FDCAN1_ProcessRxQueue) for FDCAN1_ProcessRxQueue
    main.o(.ARM.exidx.text.main) refers to main.o(.text.main) for [Anonymous Symbol]
    gpio.o(.text.MX_GPIO_Init) refers to stm32g4xx_ll_gpio.o(.text.LL_GPIO_Init) for LL_GPIO_Init
    gpio.o(.ARM.exidx.text.MX_GPIO_Init) refers to gpio.o(.text.MX_GPIO_Init) for [Anonymous Symbol]
    adc.o(.text.MX_ADC1_Init) refers to memseta.o(.text) for __aeabi_memclr4
    adc.o(.text.MX_ADC1_Init) refers to stm32g4xx_ll_gpio.o(.text.LL_GPIO_Init) for LL_GPIO_Init
    adc.o(.text.MX_ADC1_Init) refers to stm32g4xx_ll_adc.o(.text.LL_ADC_Init) for LL_ADC_Init
    adc.o(.text.MX_ADC1_Init) refers to stm32g4xx_ll_adc.o(.text.LL_ADC_CommonInit) for LL_ADC_CommonInit
    adc.o(.text.MX_ADC1_Init) refers to stm32g4xx_ll_adc.o(.text.LL_ADC_REG_Init) for LL_ADC_REG_Init
    adc.o(.text.MX_ADC1_Init) refers to stm32g4xx_ll_adc.o(.text.LL_ADC_INJ_Init) for LL_ADC_INJ_Init
    adc.o(.text.MX_ADC1_Init) refers to adc.o(.bss..L_MergedGlobals.31) for .L_MergedGlobals.31
    adc.o(.text.MX_ADC1_Init) refers to stm32g4xx_ll_dma.o(.text.LL_DMA_Init) for LL_DMA_Init
    adc.o(.text.MX_ADC1_Init) refers to system_stm32g4xx.o(.data.SystemCoreClock) for SystemCoreClock
    adc.o(.text.MX_ADC1_Init) refers to stm32g4xx_hal.o(.text.HAL_Delay) for HAL_Delay
[...]
    .text                                    0x080004ca   Section        0  f2d.o(.text)
    .text                                    0x080004f0   Section        0  d2f.o(.text)
    .text                                    0x08000528   Section        0  uidiv.o(.text)
    .text                                    0x08000554   Section        0  uldiv.o(.text)
    .text                                    0x080005b6   Section        0  llshl.o(.text)
    .text                                    0x080005d4   Section        0  llsshr.o(.text)
    .text                                    0x080005f8   Section        0  strtof.o(.text)
    .text                                    0x08000600   Section        0  iusefp.o(.text)
    .text                                    0x08000600   Section        0  fepilogue.o(.text)
    .text                                    0x0800066e   Section        0  depilogue.o(.text)
    .text                                    0x08000728   Section        0  dmul.o(.text)
    .text                                    0x0800080c   Section        0  dfixul.o(.text)
    .text                                    0x0800083c   Section       48  cdcmple.o(.text)
    .text                                    0x0800086c   Section       48  cdrcmple.o(.text)
    .text                                    0x0800089c   Section       48  init.o(.text)
    .text                                    0x080008cc   Section        0  llushr.o(.text)
    _local_sscanf                            0x080008ed   Thumb Code    62  strtod.o(.text)
    .text                                    0x080008ec   Section        0  strtod.o(.text)
    .text                                    0x08000994   Section        0  isspace_c.o(.text)
    _fp_value                                0x080009a1   Thumb Code   296  scanf_fp.o(.text)
    .text                                    0x080009a0   Section        0  scanf_fp.o(.text)
    .text                                    0x08000d00   Section        0  _sgetc.o(.text)
    .text                                    0x08000d40   Section        0  ctype_c.o(.text)
    .text                                    0x08000d68   Section        0  dfltul.o(.text)
    [Anonymous Symbol]                       0x08000d80   Section        0  stm32g4xx_it.o(.text.BusFault_Handler)
    [Anonymous Symbol]                       0x08000d84   Section        0  adc.o(.text.DMA1_Channel1_IRQHandler)
    [Anonymous Symbol]                       0x08000ddc   Section        0  adc.o(.text.DMA1_Channel2_IRQHandler)
    [Anonymous Symbol]                       0x08000ed0   Section        0  stm32g4xx_it.o(.text.DebugMon_Handler)
    [Anonymous Symbol]                       0x08000ed4   Section        0  foc_sys.o(.text.Error_Handler)
    [Anonymous Symbol]                       0x08000ee0   Section        0  stm32g4xx_it.o(.text.FDCAN1_IT0_IRQHandler)
    [Anonymous Symbol]                       0x08000eec   Section        0  fdcan.o(.text.FDCAN1_ProcessRxQueue)
    [Anonymous Symbol]                       0x08000fa8   Section        0  fdcan.o(.text.FDCAN_SendMotorData)
    [Anonymous Symbol]                       0x08001044   Section        0  foc_init.o(.text.FOC_Init)
    [Anonymous Symbol]                       0x08001088   Section        0  stm32g4xx_hal.o(.text.HAL_Delay)
    [Anonymous Symbol]                       0x080010b0   Section        0  stm32g4xx_hal_fdcan.o(.text.HAL_FDCAN_ActivateNotification)
    [Anonymous Symbol]                       0x080011bc   Section        0  stm32g4xx_hal_fdcan.o(.text.HAL_FDCAN_AddMessageToTxFifoQ)
    [Anonymous Symbol]                       0x08001274   Section        0  stm32g4xx_hal_fdcan.o(.text.HAL_FDCAN_ConfigFilter)
    [Anonymous Symbol]                       0x080012d4   Section        0  stm32g4xx_hal_fdcan.o(.text.HAL_FDCAN_ErrorCallback)
    [Anonymous Symbol]                       0x080012d8   Section        0  stm32g4xx_hal_fdcan.o(.text.HAL_FDCAN_ErrorStatusCallback)
    [Anonymous Symbol]                       0x080012dc   Section        0  stm32g4xx_hal_fdcan.o(.text.HAL_FDCAN_GetRxMessage)
    [Anonymous Symbol]                       0x08001434   Section        0  stm32g4xx_hal_fdcan.o(.text.HAL_FDCAN_HighPriorityMessageCallback)
    [Anonymous Symbol]                       0x08001438   Section        0  stm32g4xx_hal_fdcan.o(.text.HAL_FDCAN_IRQHandler)
    [Anonymous Symbol]                       0x080015b4   Section        0  stm32g4xx_hal_fdcan.o(.text.HAL_FDCAN_Init)
    [Anonymous Symbol]                       0x08001804   Section        0  fdcan.o(.text.HAL_FDCAN_MspInit)
    [Anonymous Symbol]                       0x08001894   Section        0  fdcan.o(.text.HAL_FDCAN_RxFifo0Callback)
    [Anonymous Symbol]                       0x0800199c   Section        0  stm32g4xx_hal_fdcan.o(.text.HAL_FDCAN_RxFifo1Callback)
    [Anonymous Symbol]                       0x080019a0   Section        0  stm32g4xx_hal_fdcan.o(.text.HAL_FDCAN_Start)
    [Anonymous Symbol]                       0x080019cc   Section        0  stm32g4xx_hal_fdcan.o(.text.HAL_FDCAN_TimeoutOccurredCallback)
    [Anonymous Symbol]                       0x080019d0   Section        0  stm32g4xx_hal_fdcan.o(.text.HAL_FDCAN_TimestampWraparoundCallback)
    [Anonymous Symbol]                       0x080019d4   Section        0  stm32g4xx_hal_fdcan.o(.text.HAL_FDCAN_TxBufferAbortCallback)
    [Anonymous Symbol]                       0x080019d8   Section        0  stm32g4xx_hal_fdcan.o(.text.HAL_FDCAN_TxBufferCompleteCallback)
    [Anonymous Symbol]                       0x080019dc   Section        0  stm32g4xx_hal_fdcan.o(.text.HAL_FDCAN_TxEventFifoCallback)
    [Anonymous Symbol]                       0x080019e0   Section        0  stm32g4xx_hal_fdcan.o(.text.HAL_FDCAN_TxFifoEmptyCallback)
    [Anonymous Symbol]                       0x080019e4   Section        0  stm32g4xx_hal_gpio.o(.text.HAL_GPIO_Init)
    [Anonymous Symbol]                       0x08001b98   Section        0  stm32g4xx_hal.o(.text.HAL_GetTick)
    [Anonymous Symbol]                       0x08001ba4   Section        0  stm32g4xx_hal.o(.text.HAL_IncTick)
    [Anonymous Symbol]                       0x08001bc0   Section        0  stm32g4xx_hal.o(.text.HAL_Init)
    [Anonymous Symbol]                       0x08001be0   Section        0  stm32g4xx_hal.o(.text.HAL_InitTick)
    [Anonymous Symbol]                       0x08001c30   Section        0  stm32g4xx_hal_msp.o(.text.HAL_MspInit)
    [Anonymous Symbol]                       0x08001c64   Section        0  stm32g4xx_hal_cortex.o(.text.HAL_NVIC_EnableIRQ)
    [Anonymous Symbol]                       0x08001c88   Section        0  stm32g4xx_hal_cortex.o(.text.HAL_NVIC_SetPriority)
    [Anonymous Symbol]                       0x08001ce0   Section        0  stm32g4xx_hal_cortex.o(.text.HAL_NVIC_SetPriorityGrouping)
    [Anonymous Symbol]                       0x08001d00   Section        0  stm32g4xx_hal_pwr_ex.o(.text.HAL_PWREx_DisableUCPDDeadBattery)
    [Anonymous Symbol]                       0x08001d14   Section        0  stm32g4xx_hal_cortex.o(.text.HAL_SYSTICK_Config)
    [Anonymous Symbol]                       0x08001d40   Section        0  stm32g4xx_it.o(.text.HardFault_Handler)
    [Anonymous Symbol]                       0x08001d44   Section        0  stm32g4xx_ll_adc.o(.text.LL_ADC_CommonInit)
    [Anonymous Symbol]                       0x08001d94   Section        0  stm32g4xx_ll_adc.o(.text.LL_ADC_INJ_Init)
    [Anonymous Symbol]                       0x08001ddc   Section        0  stm32g4xx_ll_adc.o(.text.LL_ADC_Init)
    [Anonymous Symbol]                       0x08001e04   Section        0  stm32g4xx_ll_adc.o(.text.LL_ADC_REG_Init)
    [Anonymous Symbol]                       0x08001e58   Section        0  stm32g4xx_ll_dac.o(.text.LL_DAC_Init)
    [Anonymous Symbol]                       0x08001f00   Section        0  stm32g4xx_ll_dma.o(.text.LL_DMA_Init)
    CHANNEL_OFFSET_TAB                       0x08001f7c   Number         0  stm32g4xx_ll_dma.o(.text.LL_DMA_Init)
    [Anonymous Symbol]                       0x08001f84   Section        0  stm32g4xx_ll_gpio.o(.text.LL_GPIO_Init)
    [Anonymous Symbol]                       0x08002064   Section        0  stm32g4xx_ll_rcc.o(.text.LL_RCC_GetUARTClockFreq)
    [Anonymous Symbol]                       0x08002194   Section        0  stm32g4xx_ll_rcc.o(.text.LL_RCC_GetUSARTClockFreq)
    [Anonymous Symbol]                       0x08002388   Section        0  stm32g4xx_ll_spi.o(.text.LL_SPI_Init)
    [Anonymous Symbol]                       0x08002414   Section        0  stm32g4xx_ll_utils.o(.text.LL_SetSystemCoreClock)
    [Anonymous Symbol]                       0x08002420   Section        0  stm32g4xx_ll_tim.o(.text.LL_TIM_Init)
    [Anonymous Symbol]                       0x08002538   Section        0  stm32g4xx_ll_tim.o(.text.LL_TIM_OC_Init)
    [Anonymous Symbol]                       0x0800288c   Section        0  stm32g4xx_ll_usart.o(.text.LL_USART_Init)
    USART_PRESCALER_TAB                      0x08002994   Number         0  stm32g4xx_ll_usart.o(.text.LL_USART_Init)
    [Anonymous Symbol]                       0x080029c4   Section        0  adc.o(.text.MX_ADC1_Init)
    [Anonymous Symbol]                       0x08002c84   Section        0  adc.o(.text.MX_ADC2_Init)
    [Anonymous Symbol]                       0x08002f60   Section        0  cordic.o(.text.MX_CORDIC_Init)
    [Anonymous Symbol]                       0x08002f80   Section        0  dac.o(.text.MX_DAC1_Init)
    [Anonymous Symbol]                       0x0800306c   Section        0  fdcan.o(.text.MX_FDCAN1_Init)
    [Anonymous Symbol]                       0x0800313c   Section        0  fmac.o(.text.MX_FMAC_Init)
    [Anonymous Symbol]                       0x0800315c   Section        0  gpio.o(.text.MX_GPIO_Init)
    [Anonymous Symbol]                       0x080032b0   Section        0  spi.o(.text.MX_SPI1_Init)
    [Anonymous Symbol]                       0x08003398   Section        0  spi.o(.text.MX_SPI2_Init)
    [Anonymous Symbol]                       0x08003494   Section        0  tim.o(.text.MX_TIM3_Init)
    [Anonymous Symbol]                       0x08003524   Section        0  tim.o(.text.MX_TIM8_Init)
    [Anonymous Symbol]                       0x08003740   Section        0  usart.o(.text.MX_USART3_UART_Init)
    [Anonymous Symbol]                       0x0800395c   Section        0  stm32g4xx_it.o(.text.MemManage_Handler)
    [Anonymous Symbol]                       0x08003960   Section        0  stm32g4xx_it.o(.text.NMI_Handler)
    [Anonymous Symbol]                       0x08003964   Section        0  stm32g4xx_it.o(.text.PendSV_Handler)
    [Anonymous Symbol]                       0x08003968   Section        0  stm32g4xx_it.o(.text.SVC_Handler)
    [Anonymous Symbol]                       0x0800396c   Section        0  stm32g4xx_it.o(.text.SysTick_Handler)
    [Anonymous Symbol]                       0x08003970   Section        0  foc_init.o(.text.SystemClock_Config)
    [Anonymous Symbol]                       0x08003ae8   Section        0  system_stm32g4xx.o(.text.SystemInit)
    [Anonymous Symbol]                       0x08003afc   Section        0  foc_sys.o(.text.TIM3_IRQHandler)
    [Anonymous Symbol]                       0x08003b78   Section        0  foc_sys.o(.text.TIM8_CC_IRQHandler)
    [Anonymous Symbol]                       0x08003ba8   Section        0  usart.o(.text.USART3_IRQHandler)
    [Anonymous Symbol]                       0x08003c64   Section        0  stm32g4xx_it.o(.text.UsageFault_Handler)
    [Anonymous Symbol]                       0x08003c68   Section        0  adc.o(.text.adc1_current_offset_calibrate)
    [Anonymous Symbol]                       0x08003e6c   Section        0  foc_conversion.o(.text.angle_normalize_360)
    [Anonymous Symbol]                       0x08003f0c   Section        0  arm_sin_cos_f32.o(.text.arm_sin_cos_f32)
    [Anonymous Symbol]                       0x08004030   Section        0  tim.o(.text.bsp_pwm_set_duty_three_phase)
    [Anonymous Symbol]                       0x08004040   Section        0  tim.o(.text.bsp_pwm_start)
    [Anonymous Symbol]                       0x080040b4   Section        0  tim.o(.text.bsp_pwm_stop)
    [Anonymous Symbol]                       0x08004128   Section        0  foc_conversion.o(.text.clark_transform)
    [Anonymous Symbol]                       0x08004180   Section        0  usart.o(.text.debug_log)
    [Anonymous Symbol]                       0x08004294   Section        0  foc_conversion.o(.text.deg2rad)
    [Anonymous Symbol]                       0x080042a4   Section        0  foc_encoder.o(.text.encoder_init)
    [Anonymous Symbol]                       0x08004320   Section        0  foc_encoder.o(.text.encoder_read_electrical_angle)
    [Anonymous Symbol]                       0x0800437c   Section        0  foc_encoder.o(.text.encoder_read_mechanical_angle)
    encoder_read_reg_correct                 0x08004459   Thumb Code   472  foc_encoder.o(.text.encoder_read_reg_correct)
    [Anonymous Symbol]                       0x08004458   Section        0  foc_encoder.o(.text.encoder_read_reg_correct)
    [Anonymous Symbol]                       0x08004630   Section        0  foc_control.o(.text.foc_control)
    [Anonymous Symbol]                       0x0800468c   Section        0  foc_communication.o(.text.foc_control_set)
    [Anonymous Symbol]                       0x080046d8   Section        0  foc_control.o(.text.foc_current_in_control)
    [Anonymous Symbol]                       0x080047d8   Section        0  foc_setting.o(.text.foc_current_pi_init)
    [Anonymous Symbol]                       0x08004804   Section        0  foc_control.o(.text.foc_debug)
    [Anonymous Symbol]                       0x08004808   Section        0  foc_conversion.o(.text.foc_id_pid_calculate)
    [Anonymous Symbol]                       0x0800485c   Section        0  foc_conversion.o(.text.foc_iq_pid_calculate)
    [Anonymous Symbol]                       0x080048b0   Section        0  foc_setting.o(.text.foc_position_pi_init)
    [Anonymous Symbol]                       0x080048d0   Section        0  foc_conversion.o(.text.foc_position_pid_calculate)
    [Anonymous Symbol]                       0x080049a0   Section        0  foc_setting.o(.text.foc_speed_pi_init)
    [Anonymous Symbol]                       0x080049b8   Section        0  foc_control.o(.text.foc_start_init)
    [Anonymous Symbol]                       0x08004a84   Section        0  adc.o(.text.get_foc_bus_voltage)
    [Anonymous Symbol]                       0x08004ad8   Section        0  foc_prase.o(.text.get_parsed_data)
    [Anonymous Symbol]                       0x08004ae4   Section        0  foc_conversion.o(.text.inv_park_transform_f32)
    [Anonymous Symbol]                       0x08004b10   Section        0  main.o(.text.main)
    [Anonymous Symbol]                       0x08004dc4   Section        0  foc_conversion.o(.text.park_transform)
    [Anonymous Symbol]                       0x08004df0   Section        0  foc_prase.o(.text.parse_received_data)
    [Anonymous Symbol]                       0x08004f5c   Section        0  foc_conversion.o(.text.svpwm_calc_times)
    [Anonymous Symbol]                       0x080050a0   Section        0  foc_conversion.o(.text.svpwm_duty_calc)
    [Anonymous Symbol]                       0x08005198   Section        0  foc_conversion.o(.text.svpwm_sector_calc)
    [Anonymous Symbol]                       0x08005204   Section        0  adc.o(.text.update_Three_phase_voltage)
    [Anonymous Symbol]                       0x08005250   Section        0  adc.o(.text.update_mosfet_temperature)
    i.__0vsnprintf                           0x080052f8   Section        0  printfa.o(i.__0vsnprintf)
    i.__ARM_fpclassifyf                      0x0800532c   Section        0  fpclassifyf.o(i.__ARM_fpclassifyf)
    i.__hardfp_log                           0x08005358   Section        0  log.o(i.__hardfp_log)
    i.__hardfp_sinf                          0x0800571c   Section        0  sinf.o(i.__hardfp_sinf)
    i.__hardfp_strtof                        0x080058ac   Section        0  strtof.o(i.__hardfp_strtof)
    i.__kernel_poly                          0x080058cc   Section        0  poly.o(i.__kernel_poly)
    i.__mathlib_dbl_divzero                  0x080059c8   Section        0  dunder.o(i.__mathlib_dbl_divzero)
    i.__mathlib_dbl_infnan                   0x080059f8   Section        0  dunder.o(i.__mathlib_dbl_infnan)
    i.__mathlib_dbl_invalid                  0x08005a10   Section        0  dunder.o(i.__mathlib_dbl_invalid)
    i.__mathlib_flt_infnan                   0x08005a30   Section        0  funder.o(i.__mathlib_flt_infnan)
    i.__mathlib_flt_invalid                  0x08005a38   Section        0  funder.o(i.__mathlib_flt_invalid)
    i.__mathlib_flt_underflow                0x08005a48   Section        0  funder.o(i.__mathlib_flt_underflow)
    i.__mathlib_rredf2                       0x08005a58   Section        0  rredf.o(i.__mathlib_rredf2)
    i.__scatterload_copy                     0x08005bac   Section       14  handlers.o(i.__scatterload_copy)
    i.__scatterload_null                     0x08005bba   Section        2  handlers.o(i.__scatterload_null)
    i.__scatterload_zeroinit                 0x08005bbc   Section       14  handlers.o(i.__scatterload_zeroinit)
    i.__set_errno                            0x08005bcc   Section        0  errno.o(i.__set_errno)
    _fp_digits                               0x08005bd9   Thumb Code   366  printfa.o(i._fp_digits)
    i._fp_digits                             0x08005bd8   Section        0  printfa.o(i._fp_digits)
    i._is_digit                              0x08005d5c   Section        0  scanf_fp.o(i._is_digit)
    _printf_core                             0x08005d6d   Thumb Code  1744  printfa.o(i._printf_core)
    i._printf_core                           0x08005d6c   Section        0  printfa.o(i._printf_core)
    _printf_post_padding                     0x08006449   Thumb Code    36  printfa.o(i._printf_post_padding)
    i._printf_post_padding                   0x08006448   Section        0  printfa.o(i._printf_post_padding)
    _printf_pre_padding                      0x0800646d   Thumb Code    46  printfa.o(i._printf_pre_padding)
    i._printf_pre_padding                    0x0800646c   Section        0  printfa.o(i._printf_pre_padding)
    _snputc                                  0x0800649b   Thumb Code    22  printfa.o(i._snputc)
    i._snputc                                0x0800649a   Section        0  printfa.o(i._snputc)
    Lg2                                      0x080064b0   Data          24  log.o(.constdata)
    .constdata                               0x080064b0   Section       56  log.o(.constdata)
    Lg                                       0x080064c8   Data          32  log.o(.constdata)
    .constdata                               0x080064e8   Section        8  qnan.o(.constdata)
    twooverpi                                0x080064f0   Data          32  rredf.o(.constdata)
    .constdata                               0x080064f0   Section       32  rredf.o(.constdata)
    .constdata                               0x08006510   Section       64  ctype_c.o(.constdata)
    DLCtoBytes                               0x08006568   Data          16  stm32g4xx_hal_fdcan.o(.rodata.cst16)
    [Anonymous Symbol]                       0x08006568   Section        0  stm32g4xx_hal_fdcan.o(.rodata.cst16)
    .L.str.1                                 0x08006d7c   Data          22  main.o(.rodata.str1.1)
    [Anonymous Symbol]                       0x08006d7c   Section        0  main.o(.rodata.str1.1)
    .L.str.7                                 0x08006d92   Data          22  main.o(.rodata.str1.1)
    .L.str.2                                 0x08006da8   Data          21  main.o(.rodata.str1.1)
    .L.str                                   0x08006dbd   Data          37  fdcan.o(.rodata.str1.1)
    [Anonymous Symbol]                       0x08006dbd   Section        0  fdcan.o(.rodata.str1.1)
    _errno                                   0x20000000   Data           4  errno.o(.data)
    .data                                    0x20000000   Section        4  errno.o(.data)
    .L_MergedGlobals                         0x20000004   Data           6  adc.o(.data..L_MergedGlobals)
    adc1_offset.0                            0x20000004   Data           2  adc.o(.data..L_MergedGlobals)
    [Anonymous Symbol]                       0x20000004   Section        0  adc.o(.data..L_MergedGlobals)
    adc1_offset.1                            0x20000006   Data           2  adc.o(.data..L_MergedGlobals)
    adc1_offset.2                            0x20000008   Data           2  adc.o(.data..L_MergedGlobals)
    .L_MergedGlobals                         0x2000000c   Data           8  stm32g4xx_hal.o(.data..L_MergedGlobals)
    [Anonymous Symbol]                       0x2000000c   Section        0  stm32g4xx_hal.o(.data..L_MergedGlobals)
    .L_MergedGlobals                         0x20000038   Data          52  fdcan.o(.bss..L_MergedGlobals)
    [Anonymous Symbol]                       0x20000038   Section        0  fdcan.o(.bss..L_MergedGlobals)
    g_fdcan_rx_queue_write_idx               0x20000039   Data           1  fdcan.o(.bss..L_MergedGlobals)
    g_fdcan_rx_queue_read_idx                0x2000003a   Data           1  fdcan.o(.bss..L_MergedGlobals)
    g_fdcan_parse_buffer_idx                 0x2000003c   Data           2  fdcan.o(.bss..L_MergedGlobals)
    g_fdcan_rx_queue_drop_count              0x20000040   Data           4  fdcan.o(.bss..L_MergedGlobals)
    g_fdcan_parse_overflow_count             0x20000044   Data           4  fdcan.o(.bss..L_MergedGlobals)
    .L_MergedGlobals                         0x2000006c   Data          65  usart.o(.bss..L_MergedGlobals)
    rx_index                                 0x2000006c   Data           1  usart.o(.bss..L_MergedGlobals)
    [Anonymous Symbol]                       0x2000006c   Section        0  usart.o(.bss..L_MergedGlobals)
    rx_buffer                                0x2000006d   Data          64  usart.o(.bss..L_MergedGlobals)
    .L_MergedGlobals                         0x200000b0   Data          60  foc_encoder.o(.bss..L_MergedGlobals)
    encoder_get_mechanical_speed.is_first_run 0x200000b0   Data           1  foc_encoder.o(.bss..L_MergedGlobals)
    [Anonymous Symbol]                       0x200000b0   Section        0  foc_encoder.o(.bss..L_MergedGlobals)
    encoder_read_mechanical_angle.last_raw   0x200000b4   Data           4  foc_encoder.o(.bss..L_MergedGlobals)
    encoder_get_mechanical_speed.count       0x200000b8   Data           4  foc_encoder.o(.bss..L_MergedGlobals)
    encoder_get_mechanical_speed.last_angle_raw_scaled 0x200000bc   Data           4  foc_encoder.o(.bss..L_MergedGlobals)
    encoder_get_mechanical_speed.filtered_speed 0x200000c0   Data           4  foc_encoder.o(.bss..L_MergedGlobals)
    .L_MergedGlobals                         0x200000ec   Data          30  foc_sys.o(.bss..L_MergedGlobals)
    system_tick                              0x200000ec   Data           4  foc_sys.o(.bss..L_MergedGlobals)
    [Anonymous Symbol]                       0x200000ec   Section        0  foc_sys.o(.bss..L_MergedGlobals)
    task_vbus_counter                        0x200000f0   Data           4  foc_sys.o(.bss..L_MergedGlobals)
    task_three_voltage_counter               0x200000f4   Data           4  foc_sys.o(.bss..L_MergedGlobals)
    task_temperature_counter                 0x200000f8   Data           4  foc_sys.o(.bss..L_MergedGlobals)
    task_position_counter                    0x200000fc   Data           4  foc_sys.o(.bss..L_MergedGlobals)
    task_speed_counter                       0x20000100   Data           4  foc_sys.o(.bss..L_MergedGlobals)
    .L_MergedGlobals.31                      0x2000010c   Data         104  adc.o(.bss..L_MergedGlobals.31)
    get_foc_bus_voltage.inited               0x2000010c   Data           1  adc.o(.bss..L_MergedGlobals.31)
    [Anonymous Symbol]                       0x2000010c   Section        0  adc.o(.bss..L_MergedGlobals.31)
    get_foc_bus_voltage.vbus_filt            0x20000110   Data           4  adc.o(.bss..L_MergedGlobals.31)
    adc1_raw_data                            0x20000114   Data           6  adc.o(.bss..L_MergedGlobals.31)
    adc2_raw_data                            0x2000011a   Data          10  adc.o(.bss..L_MergedGlobals.31)
    adc1_dma_buffer                          0x20000130   Data          12  adc.o(.bss..L_MergedGlobals.31)
    adc2_dma_buffer                          0x20000160   Data          20  adc.o(.bss..L_MergedGlobals.31)
    d_buffer                                 0x2000018c   Data         512  usart.o(.bss.d_buffer)
    [Anonymous Symbol]                       0x2000018c   Section        0  usart.o(.bss.d_buffer)
    g_fdcan_parse_buffer                     0x200003d8   Data         512  fdcan.o(.bss.g_fdcan_parse_buffer)
    [Anonymous Symbol]                       0x200003d8   Section        0  fdcan.o(.bss.g_fdcan_parse_buffer)
    g_fdcan_rx_queue                         0x200005d8   Data        3456  fdcan.o(.bss.g_fdcan_rx_queue)
    [Anonymous Symbol]                       0x200005d8   Section        0  fdcan.o(.bss.g_fdcan_rx_queue)
    parsed_data                              0x20001414   Data          32  foc_prase.o(.bss.parsed_data)
    [Anonymous Symbol]                       0x20001414   Section        0  foc_prase.o(.bss.parsed_data)
    STACK                                    0x200014a8   Section     1024  startup_stm32g431xx.o(STACK)

    Global Symbols

    Symbol Name                              Value     Ov Type        Size  Object(Section)

    BuildAttributes$$THM_ISAv4$E$P$D$K$B$S$7EM$VFPi3$EXTD16$VFPS$VFMA$PE$A:L22UL41UL21$X:L11$S22US41US21$IEEE1$IW$~IW$USESV6$~STKCKD$USESV7$~SHL$OTIME$ROPI$IEEEX$EBA8$MICROLIB$REQ8$PRES8$EABIv2 0x00000000   Number         0  anon$$obj.o ABSOLUTE
    __cpp_initialize__aeabi_                  - Undefined Weak Reference
    __cxa_finalize                            - Undefined Weak Reference
    __decompress                              - Undefined Weak Reference
    _clock_init                               - Undefined Weak Reference
    _microlib_exit                            - Undefined Weak Reference
    __Vectors_Size                           0x000001d8   Number         0  startup_stm32g431xx.o ABSOLUTE
    __Vectors                                0x08000000   Data           4  startup_stm32g431xx.o(RESET)
    __Vectors_End                            0x080001d8   Data           0  startup_stm32g431xx.o(RESET)
    __main                                   0x080001d9   Thumb Code     0  entry.o(.ARM.Collect$$$$00000000)
    _main_stk                                0x080001d9   Thumb Code     0  entry2.o(.ARM.Collect$$$$00000001)
    _main_scatterload                        0x080001dd   Thumb Code     0  entry5.o(.ARM.Collect$$$$00000004)
    __main_after_scatterload                 0x080001e1   Thumb Code     0  entry5.o(.ARM.Collect$$$$00000004)
    _main_clock                              0x080001e1   Thumb Code     0  entry7b.o(.ARM.Collect$$$$00000008)
    _main_cpp_init                           0x080001e1   Thumb Code     0  entry8b.o(.ARM.Collect$$$$0000000A)
    _main_init                               0x080001e1   Thumb Code     0  entry9a.o(.ARM.Collect$$$$0000000B)
    __rt_final_cpp                           0x080001e9   Thumb Code     0  entry10a.o(.ARM.Collect$$$$0000000D)
    __rt_final_exit                          0x080001e9   Thumb Code     0  entry11a.o(.ARM.Collect$$$$0000000F)
    Reset_Handler                            0x080001ed   Thumb Code     8  startup_stm32g431xx.o(.text)
    ADC1_2_IRQHandler                        0x08000207   Thumb Code     0  startup_stm32g431xx.o(.text)
    COMP1_2_3_IRQHandler                     0x08000207   Thumb Code     0  startup_stm32g431xx.o(.text)
    COMP4_IRQHandler                         0x08000207   Thumb Code     0  startup_stm32g431xx.o(.text)
    CORDIC_IRQHandler                        0x08000207   Thumb Code     0  startup_stm32g431xx.o(.text)
    CRS_IRQHandler                           0x08000207   Thumb Code     0  startup_stm32g431xx.o(.text)
    DMA1_Channel3_IRQHandler                 0x08000207   Thumb Code     0  startup_stm32g431xx.o(.text)
    DMA1_Channel4_IRQHandler                 0x08000207   Thumb Code     0  startup_stm32g431xx.o(.text)
    DMA1_Channel5_IRQHandler                 0x08000207   Thumb Code     0  startup_stm32g431xx.o(.text)
    DMA1_Channel6_IRQHandler                 0x08000207   Thumb Code     0  startup_stm32g431xx.o(.text)
    DMA2_Channel1_IRQHandler                 0x08000207   Thumb Code     0  startup_stm32g431xx.o(.text)
    DMA2_Channel2_IRQHandler                 0x08000207   Thumb Code     0  startup_stm32g431xx.o(.text)
    DMA2_Channel3_IRQHandler                 0x08000207   Thumb Code     0  startup_stm32g431xx.o(.text)
    DMA2_Channel4_IRQHandler                 0x08000207   Thumb Code     0  startup_stm32g431xx.o(.text)
    DMA2_Channel5_IRQHandler                 0x08000207   Thumb Code     0  startup_stm32g431xx.o(.text)
    DMA2_Channel6_IRQHandler                 0x08000207   Thumb Code     0  startup_stm32g431xx.o(.text)
    DMAMUX_OVR_IRQHandler                    0x08000207   Thumb Code     0  startup_stm32g431xx.o(.text)
    EXTI0_IRQHandler                         0x08000207   Thumb Code     0  startup_stm32g431xx.o(.text)
    EXTI15_10_IRQHandler                     0x08000207   Thumb Code     0  startup_stm32g431xx.o(.text)
    EXTI1_IRQHandler                         0x08000207   Thumb Code     0  startup_stm32g431xx.o(.text)
    EXTI2_IRQHandler                         0x08000207   Thumb Code     0  startup_stm32g431xx.o(.text)
    EXTI3_IRQHandler                         0x08000207   Thumb Code     0  startup_stm32g431xx.o(.text)
    EXTI4_IRQHandler                         0x08000207   Thumb Code     0  startup_stm32g431xx.o(.text)
    EXTI9_5_IRQHandler                       0x08000207   Thumb Code     0  startup_stm32g431xx.o(.text)
    FDCAN1_IT1_IRQHandler                    0x08000207   Thumb Code     0  startup_stm32g431xx.o(.text)
    FLASH_IRQHandler                         0x08000207   Thumb Code     0  startup_stm32g431xx.o(.text)
    FMAC_IRQHandler                          0x08000207   Thumb Code     0  startup_stm32g431xx.o(.text)
    FPU_IRQHandler                           0x08000207   Thumb Code     0  startup_stm32g431xx.o(.text)
    I2C1_ER_IRQHandler                       0x08000207   Thumb Code     0  startup_stm32g431xx.o(.text)
    I2C1_EV_IRQHandler                       0x08000207   Thumb Code     0  startup_stm32g431xx.o(.text)
    I2C2_ER_IRQHandler                       0x08000207   Thumb Code     0  startup_stm32g431xx.o(.text)
    I2C2_EV_IRQHandler                       0x08000207   Thumb Code     0  startup_stm32g431xx.o(.text)
    I2C3_ER_IRQHandler                       0x08000207   Thumb Code     0  startup_stm32g431xx.o(.text)
    I2C3_EV_IRQHandler                       0x08000207   Thumb Code     0  startup_stm32g431xx.o(.text)
    LPTIM1_IRQHandler                        0x08000207   Thumb Code     0  startup_stm32g431xx.o(.text)
    LPUART1_IRQHandler                       0x08000207   Thumb Code     0  startup_stm32g431xx.o(.text)
    PVD_PVM_IRQHandler                       0x08000207   Thumb Code     0  startup_stm32g431xx.o(.text)
    RCC_IRQHandler                           0x08000207   Thumb Code     0  startup_stm32g431xx.o(.text)
    RNG_IRQHandler                           0x08000207   Thumb Code     0  startup_stm32g431xx.o(.text)
    RTC_Alarm_IRQHandler                     0x08000207   Thumb Code     0  startup_stm32g431xx.o(.text)
    RTC_TAMP_LSECSS_IRQHandler               0x08000207   Thumb Code     0  startup_stm32g431xx.o(.text)
    RTC_WKUP_IRQHandler                      0x08000207   Thumb Code     0  startup_stm32g431xx.o(.text)
    SAI1_IRQHandler                          0x08000207   Thumb Code     0  startup_stm32g431xx.o(.text)
    SPI1_IRQHandler                          0x08000207   Thumb Code     0  startup_stm32g431xx.o(.text)
    SPI2_IRQHandler                          0x08000207   Thumb Code     0  startup_stm32g431xx.o(.text)
    SPI3_IRQHandler                          0x08000207   Thumb Code     0  startup_stm32g431xx.o(.text)
    TIM1_BRK_TIM15_IRQHandler                0x08000207   Thumb Code     0  startup_stm32g431xx.o(.text)
    TIM1_CC_IRQHandler                       0x08000207   Thumb Code     0  startup_stm32g431xx.o(.text)
    TIM1_TRG_COM_TIM17_IRQHandler            0x08000207   Thumb Code     0  startup_stm32g431xx.o(.text)
    TIM1_UP_TIM16_IRQHandler                 0x08000207   Thumb Code     0  startup_stm32g431xx.o(.text)
    TIM2_IRQHandler                          0x08000207   Thumb Code     0  startup_stm32g431xx.o(.text)
    TIM4_IRQHandler                          0x08000207   Thumb Code     0  startup_stm32g431xx.o(.text)
    TIM6_DAC_IRQHandler                      0x08000207   Thumb Code     0  startup_stm32g431xx.o(.text)
    TIM7_IRQHandler                          0x08000207   Thumb Code     0  startup_stm32g431xx.o(.text)
    TIM8_BRK_IRQHandler                      0x08000207   Thumb Code     0  startup_stm32g431xx.o(.text)
    TIM8_TRG_COM_IRQHandler                  0x08000207   Thumb Code     0  startup_stm32g431xx.o(.text)
    TIM8_UP_IRQHandler                       0x08000207   Thumb Code     0  startup_stm32g431xx.o(.text)
    UART4_IRQHandler                         0x08000207   Thumb Code     0  startup_stm32g431xx.o(.text)
    UCPD1_IRQHandler                         0x08000207   Thumb Code     0  startup_stm32g431xx.o(.text)
    USART1_IRQHandler                        0x08000207   Thumb Code     0  startup_stm32g431xx.o(.text)
    USART2_IRQHandler                        0x08000207   Thumb Code     0  startup_stm32g431xx.o(.text)
    USBWakeUp_IRQHandler                     0x08000207   Thumb Code     0  startup_stm32g431xx.o(.text)
    USB_HP_IRQHandler                        0x08000207   Thumb Code     0  startup_stm32g431xx.o(.text)
    USB_LP_IRQHandler                        0x08000207   Thumb Code     0  startup_stm32g431xx.o(.text)
    WWDG_IRQHandler                          0x08000207   Thumb Code     0  startup_stm32g431xx.o(.text)
    __aeabi_memcpy                           0x08000211   Thumb Code    36  memcpya.o(.text)
    __aeabi_memcpy4                          0x08000211   Thumb Code     0  memcpya.o(.text)
    __aeabi_memcpy8                          0x08000211   Thumb Code     0  memcpya.o(.text)
    __aeabi_memset                           0x08000235   Thumb Code    14  memseta.o(.text)
    __aeabi_memset4                          0x08000235   Thumb Code     0  memseta.o(.text)
    __aeabi_memset8                          0x08000235   Thumb Code     0  memseta.o(.text)
    __aeabi_memclr                           0x08000243   Thumb Code     4  memseta.o(.text)
    __aeabi_memclr4                          0x08000243   Thumb Code     0  memseta.o(.text)
    __aeabi_memclr8                          0x08000243   Thumb Code     0  memseta.o(.text)
    _memset$wrapper                          0x08000247   Thumb Code    18  memseta.o(.text)
    strstr                                   0x08000259   Thumb Code    36  strstr.o(.text)
    __aeabi_dadd                             0x0800027d   Thumb Code   322  dadd.o(.text)
    __aeabi_dsub                             0x080003bf   Thumb Code     6  dadd.o(.text)
    __aeabi_drsub                            0x080003c5   Thumb Code     6  dadd.o(.text)
    __aeabi_ddiv                             0x080003cb   Thumb Code   222  ddiv.o(.text)
    __aeabi_i2d                              0x080004a9   Thumb Code    34  dflti.o(.text)
    __aeabi_f2d                              0x080004cb   Thumb Code    38  f2d.o(.text)
    __aeabi_d2f                              0x080004f1   Thumb Code    56  d2f.o(.text)
    __aeabi_uidiv                            0x08000529   Thumb Code     0  uidiv.o(.text)
    __aeabi_uidivmod                         0x08000529   Thumb Code    44  uidiv.o(.text)
    __aeabi_uldivmod                         0x08000555   Thumb Code    98  uldiv.o(.text)
    __aeabi_llsl                             0x080005b7   Thumb Code    30  llshl.o(.text)
    _ll_shift_l                              0x080005b7   Thumb Code     0  llshl.o(.text)
    __aeabi_lasr                             0x080005d5   Thumb Code    36  llsshr.o(.text)
    _ll_sshift_r                             0x080005d5   Thumb Code     0  llsshr.o(.text)
    __strtof_int                             0x080005f9   Thumb Code     8  strtof.o(.text)
    __I$use$fp                               0x08000601   Thumb Code     0  iusefp.o(.text)
    _float_round                             0x08000601   Thumb Code    18  fepilogue.o(.text)
    _float_epilogue                          0x08000613   Thumb Code    92  fepilogue.o(.text)
    _double_round                            0x0800066f   Thumb Code    30  depilogue.o(.text)
    _double_epilogue                         0x0800068d   Thumb Code   156  depilogue.o(.text)
    __aeabi_dmul                             0x08000729   Thumb Code   228  dmul.o(.text)
    __aeabi_d2ulz                            0x0800080d   Thumb Code    48  dfixul.o(.text)
    __aeabi_cdcmpeq                          0x0800083d   Thumb Code     0  cdcmple.o(.text)
    __aeabi_cdcmple                          0x0800083d   Thumb Code    48  cdcmple.o(.text)
    __aeabi_cdrcmple                         0x0800086d   Thumb Code    48  cdrcmple.o(.text)
    __scatterload                            0x0800089d   Thumb Code    38  init.o(.text)
    __scatterload_rt2                        0x0800089d   Thumb Code     0  init.o(.text)
    __aeabi_llsr                             0x080008cd   Thumb Code    32  llushr.o(.text)
    _ll_ushift_r                             0x080008cd   Thumb Code     0  llushr.o(.text)
    __strtod_int                             0x0800092b   Thumb Code    94  strtod.o(.text)
    isspace                                  0x08000995   Thumb Code    10  isspace_c.o(.text)
    _scanf_real                              0x08000ac9   Thumb Code     0  scanf_fp.o(.text)
    _scanf_really_real                       0x08000ac9   Thumb Code   556  scanf_fp.o(.text)
    _sgetc                                   0x08000d01   Thumb Code    30  _sgetc.o(.text)
    _sbackspace                              0x08000d1f   Thumb Code    34  _sgetc.o(.text)
    __ctype_lookup                           0x08000d41   Thumb Code    34  ctype_c.o(.text)
    __aeabi_ul2d                             0x08000d69   Thumb Code    24  dfltul.o(.text)
    BusFault_Handler                         0x08000d81   Thumb Code     2  stm32g4xx_it.o(.text.BusFault_Handler)
    DMA1_Channel1_IRQHandler                 0x08000d85   Thumb Code    88  adc.o(.text.DMA1_Channel1_IRQHandler)
    DMA1_Channel2_IRQHandler                 0x08000ddd   Thumb Code   240  adc.o(.text.DMA1_Channel2_IRQHandler)
    DebugMon_Handler                         0x08000ed1   Thumb Code     2  stm32g4xx_it.o(.text.DebugMon_Handler)
    Error_Handler                            0x08000ed5   Thumb Code    10  foc_sys.o(.text.Error_Handler)
    FDCAN1_IT0_IRQHandler                    0x08000ee1   Thumb Code    12  stm32g4xx_it.o(.text.FDCAN1_IT0_IRQHandler)
    FDCAN1_ProcessRxQueue                    0x08000eed   Thumb Code   186  fdcan.o(.text.FDCAN1_ProcessRxQueue)
    FDCAN_SendMotorData                      0x08000fa9   Thumb Code   152  fdcan.o(.text.FDCAN_SendMotorData)
    FOC_Init                                 0x08001045   Thumb Code    66  foc_init.o(.text.FOC_Init)
    HAL_Delay                                0x08001089   Thumb Code    40  stm32g4xx_hal.o(.text.HAL_Delay)
    HAL_FDCAN_ActivateNotification           0x080010b1   Thumb Code   268  stm32g4xx_hal_fdcan.o(.text.HAL_FDCAN_ActivateNotification)
    HAL_FDCAN_AddMessageToTxFifoQ            0x080011bd   Thumb Code   184  stm32g4xx_hal_fdcan.o(.text.HAL_FDCAN_AddMessageToTxFifoQ)
    HAL_FDCAN_ConfigFilter                   0x08001275   Thumb Code    96  stm32g4xx_hal_fdcan.o(.text.HAL_FDCAN_ConfigFilter)
    HAL_FDCAN_ErrorCallback                  0x080012d5   Thumb Code     2  stm32g4xx_hal_fdcan.o(.text.HAL_FDCAN_ErrorCallback)
    HAL_FDCAN_ErrorStatusCallback            0x080012d9   Thumb Code     2  stm32g4xx_hal_fdcan.o(.text.HAL_FDCAN_ErrorStatusCallback)
    HAL_FDCAN_GetRxMessage                   0x080012dd   Thumb Code   342  stm32g4xx_hal_fdcan.o(.text.HAL_FDCAN_GetRxMessage)
    HAL_FDCAN_HighPriorityMessageCallback    0x08001435   Thumb Code     2  stm32g4xx_hal_fdcan.o(.text.HAL_FDCAN_HighPriorityMessageCallback)
    HAL_FDCAN_IRQHandler                     0x08001439   Thumb Code   378  stm32g4xx_hal_fdcan.o(.text.HAL_FDCAN_IRQHandler)
    HAL_FDCAN_Init                           0x080015b5   Thumb Code   592  stm32g4xx_hal_fdcan.o(.text.HAL_FDCAN_Init)
    HAL_FDCAN_MspInit                        0x08001805   Thumb Code   142  fdcan.o(.text.HAL_FDCAN_MspInit)
    HAL_FDCAN_RxFifo0Callback                0x08001895   Thumb Code   264  fdcan.o(.text.HAL_FDCAN_RxFifo0Callback)
    HAL_FDCAN_RxFifo1Callback                0x0800199d   Thumb Code     2  stm32g4xx_hal_fdcan.o(.text.HAL_FDCAN_RxFifo1Callback)
    HAL_FDCAN_Start                          0x080019a1   Thumb Code    44  stm32g4xx_hal_fdcan.o(.text.HAL_FDCAN_Start)
    HAL_FDCAN_TimeoutOccurredCallback        0x080019cd   Thumb Code     2  stm32g4xx_hal_fdcan.o(.text.HAL_FDCAN_TimeoutOccurredCallback)
    HAL_FDCAN_TimestampWraparoundCallback    0x080019d1   Thumb Code     2  stm32g4xx_hal_fdcan.o(.text.HAL_FDCAN_TimestampWraparoundCallback)
    HAL_FDCAN_TxBufferAbortCallback          0x080019d5   Thumb Code     2  stm32g4xx_hal_fdcan.o(.text.HAL_FDCAN_TxBufferAbortCallback)
    HAL_FDCAN_TxBufferCompleteCallback       0x080019d9   Thumb Code     2  stm32g4xx_hal_fdcan.o(.text.HAL_FDCAN_TxBufferCompleteCallback)
    HAL_FDCAN_TxEventFifoCallback            0x080019dd   Thumb Code     2  stm32g4xx_hal_fdcan.o(.text.HAL_FDCAN_TxEventFifoCallback)
    HAL_FDCAN_TxFifoEmptyCallback            0x080019e1   Thumb Code     2  stm32g4xx_hal_fdcan.o(.text.HAL_FDCAN_TxFifoEmptyCallback)
    HAL_GPIO_Init                            0x080019e5   Thumb Code   434  stm32g4xx_hal_gpio.o(.text.HAL_GPIO_Init)
    HAL_GetTick                              0x08001b99   Thumb Code    12  stm32g4xx_hal.o(.text.HAL_GetTick)
    HAL_IncTick                              0x08001ba5   Thumb Code    26  stm32g4xx_hal.o(.text.HAL_IncTick)
    HAL_Init                                 0x08001bc1   Thumb Code    30  stm32g4xx_hal.o(.text.HAL_Init)
    HAL_InitTick                             0x08001be1   Thumb Code    80  stm32g4xx_hal.o(.text.HAL_InitTick)
    HAL_MspInit                              0x08001c31   Thumb Code    52  stm32g4xx_hal_msp.o(.text.HAL_MspInit)
    HAL_NVIC_EnableIRQ                       0x08001c65   Thumb Code    34  stm32g4xx_hal_cortex.o(.text.HAL_NVIC_EnableIRQ)
    HAL_NVIC_SetPriority                     0x08001c89   Thumb Code    86  stm32g4xx_hal_cortex.o(.text.HAL_NVIC_SetPriority)
    HAL_NVIC_SetPriorityGrouping             0x08001ce1   Thumb Code    32  stm32g4xx_hal_cortex.o(.text.HAL_NVIC_SetPriorityGrouping)
    HAL_PWREx_DisableUCPDDeadBattery         0x08001d01   Thumb Code    18  stm32g4xx_hal_pwr_ex.o(.text.HAL_PWREx_DisableUCPDDeadBattery)
    HAL_SYSTICK_Config                       0x08001d15   Thumb Code    44  stm32g4xx_hal_cortex.o(.text.HAL_SYSTICK_Config)
    HardFault_Handler                        0x08001d41   Thumb Code     2  stm32g4xx_it.o(.text.HardFault_Handler)
    LL_ADC_CommonInit                        0x08001d45   Thumb Code    78  stm32g4xx_ll_adc.o(.text.LL_ADC_CommonInit)
    LL_ADC_INJ_Init                          0x08001d95   Thumb Code    70  stm32g4xx_ll_adc.o(.text.LL_ADC_INJ_Init)
    LL_ADC_Init                              0x08001ddd   Thumb Code    40  stm32g4xx_ll_adc.o(.text.LL_ADC_Init)
    LL_ADC_REG_Init                          0x08001e05   Thumb Code    82  stm32g4xx_ll_adc.o(.text.LL_ADC_REG_Init)
    LL_DAC_Init                              0x08001e59   Thumb Code   166  stm32g4xx_ll_dac.o(.text.LL_DAC_Init)
    LL_DMA_Init                              0x08001f01   Thumb Code   124  stm32g4xx_ll_dma.o(.text.LL_DMA_Init)
    LL_GPIO_Init                             0x08001f85   Thumb Code   222  stm32g4xx_ll_gpio.o(.text.LL_GPIO_Init)
    LL_RCC_GetUARTClockFreq                  0x08002065   Thumb Code   304  stm32g4xx_ll_rcc.o(.text.LL_RCC_GetUARTClockFreq)
    LL_RCC_GetUSARTClockFreq                 0x08002195   Thumb Code   500  stm32g4xx_ll_rcc.o(.text.LL_RCC_GetUSARTClockFreq)
    LL_SPI_Init                              0x08002389   Thumb Code   140  stm32g4xx_ll_spi.o(.text.LL_SPI_Init)
    LL_SetSystemCoreClock                    0x08002415   Thumb Code    12  stm32g4xx_ll_utils.o(.text.LL_SetSystemCoreClock)
    LL_TIM_Init                              0x08002421   Thumb Code   278  stm32g4xx_ll_tim.o(.text.LL_TIM_Init)
    LL_TIM_OC_Init                           0x08002539   Thumb Code   852  stm32g4xx_ll_tim.o(.text.LL_TIM_OC_Init)
    LL_USART_Init                            0x0800288d   Thumb Code   264  stm32g4xx_ll_usart.o(.text.LL_USART_Init)
    MX_ADC1_Init                             0x080029c5   Thumb Code   704  adc.o(.text.MX_ADC1_Init)
    MX_ADC2_Init                             0x08002c85   Thumb Code   730  adc.o(.text.MX_ADC2_Init)
    MX_CORDIC_Init                           0x08002f61   Thumb Code    32  cordic.o(.text.MX_CORDIC_Init)
    MX_DAC1_Init                             0x08002f81   Thumb Code   234  dac.o(.text.MX_DAC1_Init)
    MX_FDCAN1_Init                           0x0800306d   Thumb Code   208  fdcan.o(.text.MX_FDCAN1_Init)
    MX_FMAC_Init                             0x0800313d   Thumb Code    32  fmac.o(.text.MX_FMAC_Init)
    MX_GPIO_Init                             0x0800315d   Thumb Code   340  gpio.o(.text.MX_GPIO_Init)
    MX_SPI1_Init                             0x080032b1   Thumb Code   230  spi.o(.text.MX_SPI1_Init)
    MX_SPI2_Init                             0x08003399   Thumb Code   252  spi.o(.text.MX_SPI2_Init)
    MX_TIM3_Init                             0x08003495   Thumb Code   144  tim.o(.text.MX_TIM3_Init)
    MX_TIM8_Init                             0x08003525   Thumb Code   540  tim.o(.text.MX_TIM8_Init)
    MX_USART3_UART_Init                      0x08003741   Thumb Code   540  usart.o(.text.MX_USART3_UART_Init)
    MemManage_Handler                        0x0800395d   Thumb Code     2  stm32g4xx_it.o(.text.MemManage_Handler)
    NMI_Handler                              0x08003961   Thumb Code     2  stm32g4xx_it.o(.text.NMI_Handler)
    PendSV_Handler                           0x08003965   Thumb Code     2  stm32g4xx_it.o(.text.PendSV_Handler)
    SVC_Handler                              0x08003969   Thumb Code     2  stm32g4xx_it.o(.text.SVC_Handler)
    SysTick_Handler                          0x0800396d   Thumb Code     4  stm32g4xx_it.o(.text.SysTick_Handler)
    SystemClock_Config                       0x08003971   Thumb Code   376  foc_init.o(.text.SystemClock_Config)
    SystemInit                               0x08003ae9   Thumb Code    18  system_stm32g4xx.o(.text.SystemInit)
    TIM3_IRQHandler                          0x08003afd   Thumb Code   124  foc_sys.o(.text.TIM3_IRQHandler)
    TIM8_CC_IRQHandler                       0x08003b79   Thumb Code    46  foc_sys.o(.text.TIM8_CC_IRQHandler)
    USART3_IRQHandler                        0x08003ba9   Thumb Code   176  usart.o(.text.USART3_IRQHandler)
    UsageFault_Handler                       0x08003c65   Thumb Code     2  stm32g4xx_it.o(.text.UsageFault_Handler)
    adc1_current_offset_calibrate            0x08003c69   Thumb Code   464  adc.o(.text.adc1_current_offset_calibrate)
    angle_normalize_360                      0x08003e6d   Thumb Code   152  foc_conversion.o(.text.angle_normalize_360)
    arm_sin_cos_f32                          0x08003f0d   Thumb Code   292  arm_sin_cos_f32.o(.text.arm_sin_cos_f32)
    bsp_pwm_set_duty_three_phase             0x08004031   Thumb Code    16  tim.o(.text.bsp_pwm_set_duty_three_phase)
    bsp_pwm_start                            0x08004041   Thumb Code   114  tim.o(.text.bsp_pwm_start)
    bsp_pwm_stop                             0x080040b5   Thumb Code   114  tim.o(.text.bsp_pwm_stop)
    clark_transform                          0x08004129   Thumb Code    72  foc_conversion.o(.text.clark_transform)
    debug_log                                0x08004181   Thumb Code   276  usart.o(.text.debug_log)
    deg2rad                                  0x08004295   Thumb Code    12  foc_conversion.o(.text.deg2rad)
    encoder_init                             0x080042a5   Thumb Code    64  foc_encoder.o(.text.encoder_init)
    encoder_read_electrical_angle            0x08004321   Thumb Code    84  foc_encoder.o(.text.encoder_read_electrical_angle)
    encoder_read_mechanical_angle            0x0800437d   Thumb Code   188  foc_encoder.o(.text.encoder_read_mechanical_angle)
    foc_control                              0x08004631   Thumb Code    84  foc_control.o(.text.foc_control)
    foc_control_set                          0x0800468d   Thumb Code    76  foc_communication.o(.text.foc_control_set)
    foc_current_in_control                   0x080046d9   Thumb Code   244  foc_control.o(.text.foc_current_in_control)
    foc_current_pi_init                      0x080047d9   Thumb Code    44  foc_setting.o(.text.foc_current_pi_init)
    foc_debug                                0x08004805   Thumb Code     2  foc_control.o(.text.foc_debug)
    foc_id_pid_calculate                     0x08004809   Thumb Code    82  foc_conversion.o(.text.foc_id_pid_calculate)
    foc_iq_pid_calculate                     0x0800485d   Thumb Code    82  foc_conversion.o(.text.foc_iq_pid_calculate)
    foc_position_pi_init                     0x080048b1   Thumb Code    30  foc_setting.o(.text.foc_position_pi_init)
    foc_position_pid_calculate               0x080048d1   Thumb Code   196  foc_conversion.o(.text.foc_position_pid_calculate)
    foc_speed_pi_init                        0x080049a1   Thumb Code    22  foc_setting.o(.text.foc_speed_pi_init)
    foc_start_init                           0x080049b9   Thumb Code   160  foc_control.o(.text.foc_start_init)
    get_foc_bus_voltage                      0x08004a85   Thumb Code    76  adc.o(.text.get_foc_bus_voltage)
    get_parsed_data                          0x08004ad9   Thumb Code    10  foc_prase.o(.text.get_parsed_data)
    inv_park_transform_f32                   0x08004ae5   Thumb Code    42  foc_conversion.o(.text.inv_park_transform_f32)
    main                                     0x08004b11   Thumb Code   552  main.o(.text.main)
    park_transform                           0x08004dc5   Thumb Code    42  foc_conversion.o(.text.park_transform)
    parse_received_data                      0x08004df1   Thumb Code   296  foc_prase.o(.text.parse_received_data)
    svpwm_calc_times                         0x08004f5d   Thumb Code   296  foc_conversion.o(.text.svpwm_calc_times)
    svpwm_duty_calc                          0x080050a1   Thumb Code   244  foc_conversion.o(.text.svpwm_duty_calc)
    svpwm_sector_calc                        0x08005199   Thumb Code    88  foc_conversion.o(.text.svpwm_sector_calc)
    update_Three_phase_voltage               0x08005205   Thumb Code    68  adc.o(.text.update_Three_phase_voltage)
    update_mosfet_temperature                0x08005251   Thumb Code   136  adc.o(.text.update_mosfet_temperature)
    __0vsnprintf                             0x080052f9   Thumb Code    46  printfa.o(i.__0vsnprintf)
    __1vsnprintf                             0x080052f9   Thumb Code     0  printfa.o(i.__0vsnprintf)
    __2vsnprintf                             0x080052f9   Thumb Code     0  printfa.o(i.__0vsnprintf)
    __c89vsnprintf                           0x080052f9   Thumb Code     0  printfa.o(i.__0vsnprintf)
    vsnprintf                                0x080052f9   Thumb Code     0  printfa.o(i.__0vsnprintf)
    __ARM_fpclassifyf                        0x0800532d   Thumb Code    38  fpclassifyf.o(i.__ARM_fpclassifyf)
    __hardfp_log                             0x08005359   Thumb Code   872  log.o(i.__hardfp_log)
    __hardfp_sinf                            0x0800571d   Thumb Code   344  sinf.o(i.__hardfp_sinf)
    __hardfp_strtof                          0x080058ad   Thumb Code    26  strtof.o(i.__hardfp_strtof)
    __kernel_poly                            0x080058cd   Thumb Code   248  poly.o(i.__kernel_poly)
    __mathlib_dbl_divzero                    0x080059c9   Thumb Code    28  dunder.o(i.__mathlib_dbl_divzero)
    __mathlib_dbl_infnan                     0x080059f9   Thumb Code    20  dunder.o(i.__mathlib_dbl_infnan)
    __mathlib_dbl_invalid                    0x08005a11   Thumb Code    24  dunder.o(i.__mathlib_dbl_invalid)
    __mathlib_flt_infnan                     0x08005a31   Thumb Code     6  funder.o(i.__mathlib_flt_infnan)
    __mathlib_flt_invalid                    0x08005a39   Thumb Code    10  funder.o(i.__mathlib_flt_invalid)
    __mathlib_flt_underflow                  0x08005a49   Thumb Code    10  funder.o(i.__mathlib_flt_underflow)
    __mathlib_rredf2                         0x08005a59   Thumb Code   316  rredf.o(i.__mathlib_rredf2)
    __scatterload_copy                       0x08005bad   Thumb Code    14  handlers.o(i.__scatterload_copy)
    __scatterload_null                       0x08005bbb   Thumb Code     2  handlers.o(i.__scatterload_null)
    __scatterload_zeroinit                   0x08005bbd   Thumb Code    14  handlers.o(i.__scatterload_zeroinit)
    __set_errno                              0x08005bcd   Thumb Code     6  errno.o(i.__set_errno)
    _is_digit                                0x08005d5d   Thumb Code    14  scanf_fp.o(i._is_digit)
    __mathlib_zero                           0x080064e8   Data           8  qnan.o(.constdata)
    __ctype_categories                       0x08006510   Data          64  ctype_c.o(.constdata)
    AHBPrescTable                            0x08006550   Data          16  system_stm32g4xx.o(.rodata.AHBPrescTable)
    APBPrescTable                            0x08006560   Data           8  system_stm32g4xx.o(.rodata.APBPrescTable)
    sinTable_f32                             0x08006578   Data        2052  arm_common_tables.o(.rodata.sinTable_f32)
    Region$$Table$$Base                      0x08006de4   Number         0  anon$$obj.o(Region$$Table)
    Region$$Table$$Limit                     0x08006e04   Number         0  anon$$obj.o(Region$$Table)
    uwTickPrio                               0x2000000c   Data           4  stm32g4xx_hal.o(.data..L_MergedGlobals)
    uwTickFreq                               0x20000010   Data           4  stm32g4xx_hal.o(.data..L_MergedGlobals)
    SystemCoreClock                          0x20000014   Data           4  system_stm32g4xx.o(.data.SystemCoreClock)
    motor_ctrl                               0x20000018   Data          28  main.o(.data.motor_ctrl)
    g_fdcan1_rx_flag                         0x20000038   Data           1  fdcan.o(.bss..L_MergedGlobals)
    g_fdcan1_tx_header                       0x20000048   Data          36  fdcan.o(.bss..L_MergedGlobals)
    g_pos_obs                                0x200000c4   Data          12  foc_encoder.o(.bss..L_MergedGlobals)
    encoder_data                             0x200000d0   Data          28  foc_encoder.o(.bss..L_MergedGlobals)
    foc_task                                 0x20000104   Data           6  foc_sys.o(.bss..L_MergedGlobals)
    foc_current_data                         0x20000124   Data          12  adc.o(.bss..L_MergedGlobals.31)
    foc_raw_data                             0x2000013c   Data          14  adc.o(.bss..L_MergedGlobals.31)
    foc_voltage_data                         0x2000014c   Data          20  adc.o(.bss..L_MergedGlobals.31)
    alpha_beta                               0x20000174   Data          24  foc_conversion.o(.bss.alpha_beta)
    data                                     0x2000038c   Data           4  foc_communication.o(.bss.data)
    enc_status                               0x20000390   Data           1  main.o(.bss.enc_status)
    foc_ctrl                                 0x20000394   Data          68  foc_conversion.o(.bss.foc_ctrl)
    hfdcan1                                  0x20001358   Data         100  fdcan.o(.bss.hfdcan1)
    id_pid                                   0x200013bc   Data          44  foc_conversion.o(.bss.id_pid)
    iq_pid                                   0x200013e8   Data          44  foc_conversion.o(.bss.iq_pid)
    position_pid                             0x20001434   Data          44  foc_conversion.o(.bss.position_pid)
    speed_pid                                0x20001460   Data          44  foc_conversion.o(.bss.speed_pid)
    svpwm                                    0x2000148c   Data          20  foc_conversion.o(.bss.svpwm)
    uwTick                                   0x200014a0   Data           4  stm32g4xx_hal.o(.bss.uwTick)
    __initial_sp                             0x200018a8   Data           0  startup_stm32g431xx.o(STACK)



==============================================================================

Memory Map of the image

  Image Entry point : 0x080001d9

  Load Region LR_IROM1 (Base: 0x08000000, Size: 0x00006e40, Max: 0x00020000, ABSOLUTE)

    Execution Region ER_IROM1 (Exec base: 0x08000000, Load base: 0x08000000, Size: 0x00006e04, Max: 0x00020000, ABSOLUTE)

    Exec Addr    Load Addr    Size         Type   Attr      Idx    E Section Name        Object

    0x08000000   0x08000000   0x000001d8   Data   RO            3    RESET               startup_stm32g431xx.o
    0x080001d8   0x080001d8   0x00000000   Code   RO         1407  * .ARM.Collect$$$$00000000  mc_w.l(entry.o)
    0x080001d8   0x080001d8   0x00000004   Code   RO         1492    .ARM.Collect$$$$00000001  mc_w.l(entry2.o)
    0x080001dc   0x080001dc   0x00000004   Code   RO         1495    .ARM.Collect$$$$00000004  mc_w.l(entry5.o)
    0x080001e0   0x080001e0   0x00000000   Code   RO         1497    .ARM.Collect$$$$00000008  mc_w.l(entry7b.o)
    0x080001e0   0x080001e0   0x00000000   Code   RO         1499    .ARM.Collect$$$$0000000A  mc_w.l(entry8b.o)
    0x080001e0   0x080001e0   0x00000008   Code   RO         1500    .ARM.Collect$$$$0000000B  mc_w.l(entry9a.o)
    0x080001e8   0x080001e8   0x00000000   Code   RO         1502    .ARM.Collect$$$$0000000D  mc_w.l(entry10a.o)
    0x080001e8   0x080001e8   0x00000000   Code   RO         1504    .ARM.Collect$$$$0000000F  mc_w.l(entry11a.o)
    0x080001e8   0x080001e8   0x00000004   Code   RO         1493    .ARM.Collect$$$$00002712  mc_w.l(entry2.o)
    0x080001ec   0x080001ec   0x00000024   Code   RO            4    .text               startup_stm32g431xx.o
    0x08000210   0x08000210   0x00000024   Code   RO         1410    .text               mc_w.l(memcpya.o)
    0x08000234   0x08000234   0x00000024   Code   RO         1412    .text               mc_w.l(memseta.o)
    0x08000258   0x08000258   0x00000024   Code   RO         1414    .text               mc_w.l(strstr.o)
    0x0800027c   0x0800027c   0x0000014e   Code   RO         1446    .text               mf_w.l(dadd.o)
    0x080003ca   0x080003ca   0x000000de   Code   RO         1448    .text               mf_w.l(ddiv.o)
    0x080004a8   0x080004a8   0x00000022   Code   RO         1450    .text               mf_w.l(dflti.o)
    0x080004ca   0x080004ca   0x00000026   Code   RO         1452    .text               mf_w.l(f2d.o)
    0x080004f0   0x080004f0   0x00000038   Code   RO         1454    .text               mf_w.l(d2f.o)
    0x08000528   0x08000528   0x0000002c   Code   RO         1520    .text               mc_w.l(uidiv.o)
    0x08000554   0x08000554   0x00000062   Code   RO         1522    .text               mc_w.l(uldiv.o)
    0x080005b6   0x080005b6   0x0000001e   Code   RO         1524    .text               mc_w.l(llshl.o)
    0x080005d4   0x080005d4   0x00000024   Code   RO         1526    .text               mc_w.l(llsshr.o)
    0x080005f8   0x080005f8   0x00000008   Code   RO         1535    .text               mc_w.l(strtof.o)
    0x08000600   0x08000600   0x00000000   Code   RO         1537    .text               mc_w.l(iusefp.o)
    0x08000600   0x08000600   0x0000006e   Code   RO         1538    .text               mf_w.l(fepilogue.o)
    0x0800066e   0x0800066e   0x000000ba   Code   RO         1540    .text               mf_w.l(depilogue.o)
    0x08000728   0x08000728   0x000000e4   Code   RO         1542    .text               mf_w.l(dmul.o)
    0x0800080c   0x0800080c   0x00000030   Code   RO         1546    .text               mf_w.l(dfixul.o)
    0x0800083c   0x0800083c   0x00000030   Code   RO         1548    .text               mf_w.l(cdcmple.o)
    0x0800086c   0x0800086c   0x00000030   Code   RO         1550    .text               mf_w.l(cdrcmple.o)
    0x0800089c   0x0800089c   0x00000030   Code   RO         1552    .text               mc_w.l(init.o)
    0x080008cc   0x080008cc   0x00000020   Code   RO         1555    .text               mc_w.l(llushr.o)
    0x080008ec   0x080008ec   0x000000a8   Code   RO         1557    .text               mc_w.l(strtod.o)
    0x08000994   0x08000994   0x0000000a   Code   RO         1560    .text               mc_w.l(isspace_c.o)
    0x0800099e   0x0800099e   0x00000002   PAD
    0x080009a0   0x080009a0   0x00000360   Code   RO         1562    .text               mc_w.l(scanf_fp.o)
    0x08000d00   0x08000d00   0x00000040   Code   RO         1566    .text               mc_w.l(_sgetc.o)
    0x08000d40   0x08000d40   0x00000028   Code   RO         1568    .text               mc_w.l(ctype_c.o)
    0x08000d68   0x08000d68   0x00000018   Code   RO         1571    .text               mf_w.l(dfltul.o)
    0x08000d80   0x08000d80   0x00000002   Code   RO          175    .text.BusFault_Handler  stm32g4xx_it.o
    0x08000d82   0x08000d82   0x00000002   PAD
    0x08000d84   0x08000d84   0x00000058   Code   RO           39    .text.DMA1_Channel1_IRQHandler  adc.o
    0x08000ddc   0x08000ddc   0x000000f4   Code   RO           37    .text.DMA1_Channel2_IRQHandler  adc.o
    0x08000ed0   0x08000ed0   0x00000002   Code   RO          181    .text.DebugMon_Handler  stm32g4xx_it.o
    0x08000ed2   0x08000ed2   0x00000002   PAD
    0x08000ed4   0x08000ed4   0x0000000a   Code   RO         1168    .text.Error_Handler  foc_sys.o
    0x08000ede   0x08000ede   0x00000002   PAD
    0x08000ee0   0x08000ee0   0x0000000c   Code   RO          187    .text.FDCAN1_IT0_IRQHandler  stm32g4xx_it.o
    0x08000eec   0x08000eec   0x000000ba   Code   RO           95    .text.FDCAN1_ProcessRxQueue  fdcan.o
    0x08000fa6   0x08000fa6   0x00000002   PAD
    0x08000fa8   0x08000fa8   0x0000009c   Code   RO           89    .text.FDCAN_SendMotorData  fdcan.o
    0x08001044   0x08001044   0x00000042   Code   RO         1095    .text.FOC_Init      foc_init.o
    0x08001086   0x08001086   0x00000002   PAD
    0x08001088   0x08001088   0x00000028   Code   RO          316    .text.HAL_Delay     stm32g4xx_hal.o
    0x080010b0   0x080010b0   0x0000010c   Code   RO          919    .text.HAL_FDCAN_ActivateNotification  stm32g4xx_hal_fdcan.o
    0x080011bc   0x080011bc   0x000000b8   Code   RO          891    .text.HAL_FDCAN_AddMessageToTxFifoQ  stm32g4xx_hal_fdcan.o
    0x08001274   0x08001274   0x00000060   Code   RO          845    .text.HAL_FDCAN_ConfigFilter  stm32g4xx_hal_fdcan.o
    0x080012d4   0x080012d4   0x00000002   Code   RO          945    .text.HAL_FDCAN_ErrorCallback  stm32g4xx_hal_fdcan.o
    0x080012d6   0x080012d6   0x00000002   PAD
    0x080012d8   0x080012d8   0x00000002   Code   RO          943    .text.HAL_FDCAN_ErrorStatusCallback  stm32g4xx_hal_fdcan.o
    0x080012da   0x080012da   0x00000002   PAD
    0x080012dc   0x080012dc   0x00000156   Code   RO          897    .text.HAL_FDCAN_GetRxMessage  stm32g4xx_hal_fdcan.o
    0x08001432   0x08001432   0x00000002   PAD
    0x08001434   0x08001434   0x00000002   Code   RO          925    .text.HAL_FDCAN_HighPriorityMessageCallback  stm32g4xx_hal_fdcan.o
    0x08001436   0x08001436   0x00000002   PAD
    0x08001438   0x08001438   0x0000017a   Code   RO          923    .text.HAL_FDCAN_IRQHandler  stm32g4xx_hal_fdcan.o
    0x080015b2   0x080015b2   0x00000002   PAD
    0x080015b4   0x080015b4   0x00000250   Code   RO          831    .text.HAL_FDCAN_Init  stm32g4xx_hal_fdcan.o
    0x08001804   0x08001804   0x0000008e   Code   RO           83    .text.HAL_FDCAN_MspInit  fdcan.o
    0x08001892   0x08001892   0x00000002   PAD
    0x08001894   0x08001894   0x00000108   Code   RO           93    .text.HAL_FDCAN_RxFifo0Callback  fdcan.o
    0x0800199c   0x0800199c   0x00000002   Code   RO          933    .text.HAL_FDCAN_RxFifo1Callback  stm32g4xx_hal_fdcan.o
    0x0800199e   0x0800199e   0x00000002   PAD
    0x080019a0   0x080019a0   0x0000002c   Code   RO          889    .text.HAL_FDCAN_Start  stm32g4xx_hal_fdcan.o
    0x080019cc   0x080019cc   0x00000002   Code   RO          941    .text.HAL_FDCAN_TimeoutOccurredCallback  stm32g4xx_hal_fdcan.o
    0x080019ce   0x080019ce   0x00000002   PAD
    0x080019d0   0x080019d0   0x00000002   Code   RO          939    .text.HAL_FDCAN_TimestampWraparoundCallback  stm32g4xx_hal_fdcan.o
    0x080019d2   0x080019d2   0x00000002   PAD
    0x080019d4   0x080019d4   0x00000002   Code   RO          927    .text.HAL_FDCAN_TxBufferAbortCallback  stm32g4xx_hal_fdcan.o
    0x080019d6   0x080019d6   0x00000002   PAD
    0x080019d8   0x080019d8   0x00000002   Code   RO          937    .text.HAL_FDCAN_TxBufferCompleteCallback  stm32g4xx_hal_fdcan.o
    0x080019da   0x080019da   0x00000002   PAD
    0x080019dc   0x080019dc   0x00000002   Code   RO          929    .text.HAL_FDCAN_TxEventFifoCallback  stm32g4xx_hal_fdcan.o
    0x080019de   0x080019de   0x00000002   PAD
    0x080019e0   0x080019e0   0x00000002   Code   RO          935    .text.HAL_FDCAN_TxFifoEmptyCallback  stm32g4xx_hal_fdcan.o
    0x080019e2   0x080019e2   0x00000002   PAD
    0x080019e4   0x080019e4   0x000001b2   Code   RO          536    .text.HAL_GPIO_Init  stm32g4xx_hal_gpio.o
    0x08001b96   0x08001b96   0x00000002   PAD
    0x08001b98   0x08001b98   0x0000000c   Code   RO          308    .text.HAL_GetTick   stm32g4xx_hal.o
    0x08001ba4   0x08001ba4   0x0000001a   Code   RO          306    .text.HAL_IncTick   stm32g4xx_hal.o
    0x08001bbe   0x08001bbe   0x00000002   PAD
    0x08001bc0   0x08001bc0   0x0000001e   Code   RO          296    .text.HAL_Init      stm32g4xx_hal.o
    0x08001bde   0x08001bde   0x00000002   PAD
    0x08001be0   0x08001be0   0x00000050   Code   RO          298    .text.HAL_InitTick  stm32g4xx_hal.o
    0x08001c30   0x08001c30   0x00000034   Code   RO          196    .text.HAL_MspInit   stm32g4xx_hal_msp.o
    0x08001c64   0x08001c64   0x00000022   Code   RO          762    .text.HAL_NVIC_EnableIRQ  stm32g4xx_hal_cortex.o
    0x08001c86   0x08001c86   0x00000002   PAD
    0x08001c88   0x08001c88   0x00000056   Code   RO          760    .text.HAL_NVIC_SetPriority  stm32g4xx_hal_cortex.o
    0x08001cde   0x08001cde   0x00000002   PAD
    0x08001ce0   0x08001ce0   0x00000020   Code   RO          758    .text.HAL_NVIC_SetPriorityGrouping  stm32g4xx_hal_cortex.o
    0x08001d00   0x08001d00   0x00000012   Code   RO          748    .text.HAL_PWREx_DisableUCPDDeadBattery  stm32g4xx_hal_pwr_ex.o
    0x08001d12   0x08001d12   0x00000002   PAD
    0x08001d14   0x08001d14   0x0000002c   Code   RO          770    .text.HAL_SYSTICK_Config  stm32g4xx_hal_cortex.o
    0x08001d40   0x08001d40   0x00000002   Code   RO          171    .text.HardFault_Handler  stm32g4xx_it.o
    0x08001d42   0x08001d42   0x00000002   PAD
    0x08001d44   0x08001d44   0x0000004e   Code   RO          256    .text.LL_ADC_CommonInit  stm32g4xx_ll_adc.o
    0x08001d92   0x08001d92   0x00000002   PAD
    0x08001d94   0x08001d94   0x00000046   Code   RO          270    .text.LL_ADC_INJ_Init  stm32g4xx_ll_adc.o
    0x08001dda   0x08001dda   0x00000002   PAD
    0x08001ddc   0x08001ddc   0x00000028   Code   RO          262    .text.LL_ADC_Init   stm32g4xx_ll_adc.o
    0x08001e04   0x08001e04   0x00000052   Code   RO          266    .text.LL_ADC_REG_Init  stm32g4xx_ll_adc.o
    0x08001e56   0x08001e56   0x00000002   PAD
    0x08001e58   0x08001e58   0x000000a6   Code   RO          819    .text.LL_DAC_Init   stm32g4xx_ll_dac.o
    0x08001efe   0x08001efe   0x00000002   PAD
    0x08001f00   0x08001f00   0x00000084   Code   RO          284    .text.LL_DMA_Init   stm32g4xx_ll_dma.o
    0x08001f84   0x08001f84   0x000000de   Code   RO          242    .text.LL_GPIO_Init  stm32g4xx_ll_gpio.o
    0x08002062   0x08002062   0x00000002   PAD
    0x08002064   0x08002064   0x00000130   Code   RO         1052    .text.LL_RCC_GetUARTClockFreq  stm32g4xx_ll_rcc.o
    0x08002194   0x08002194   0x000001f4   Code   RO         1050    .text.LL_RCC_GetUSARTClockFreq  stm32g4xx_ll_rcc.o
    0x08002388   0x08002388   0x0000008c   Code   RO          974    .text.LL_SPI_Init   stm32g4xx_ll_spi.o
    0x08002414   0x08002414   0x0000000c   Code   RO          208    .text.LL_SetSystemCoreClock  stm32g4xx_ll_utils.o
    0x08002420   0x08002420   0x00000116   Code   RO          998    .text.LL_TIM_Init   stm32g4xx_ll_tim.o
    0x08002536   0x08002536   0x00000002   PAD
    0x08002538   0x08002538   0x00000354   Code   RO         1002    .text.LL_TIM_OC_Init  stm32g4xx_ll_tim.o
    0x0800288c   0x0800288c   0x00000138   Code   RO         1030    .text.LL_USART_Init  stm32g4xx_ll_usart.o
    0x080029c4   0x080029c4   0x000002c0   Code   RO           33    .text.MX_ADC1_Init  adc.o
    0x08002c84   0x08002c84   0x000002da   Code   RO           35    .text.MX_ADC2_Init  adc.o
    0x08002f5e   0x08002f5e   0x00000002   PAD
    0x08002f60   0x08002f60   0x00000020   Code   RO           59    .text.MX_CORDIC_Init  cordic.o
    0x08002f80   0x08002f80   0x000000ea   Code   RO           71    .text.MX_DAC1_Init  dac.o
    0x0800306a   0x0800306a   0x00000002   PAD
    0x0800306c   0x0800306c   0x000000d0   Code   RO           81    .text.MX_FDCAN1_Init  fdcan.o
    0x0800313c   0x0800313c   0x00000020   Code   RO          113    .text.MX_FMAC_Init  fmac.o
    0x0800315c   0x0800315c   0x00000154   Code   RO           25    .text.MX_GPIO_Init  gpio.o
    0x080032b0   0x080032b0   0x000000e6   Code   RO          121    .text.MX_SPI1_Init  spi.o
    0x08003396   0x08003396   0x00000002   PAD
    0x08003398   0x08003398   0x000000fc   Code   RO          123    .text.MX_SPI2_Init  spi.o
    0x08003494   0x08003494   0x00000090   Code   RO          140    .text.MX_TIM3_Init  tim.o
    0x08003524   0x08003524   0x0000021c   Code   RO          132    .text.MX_TIM8_Init  tim.o
    0x08003740   0x08003740   0x0000021c   Code   RO          150    .text.MX_USART3_UART_Init  usart.o
    0x0800395c   0x0800395c   0x00000002   Code   RO          173    .text.MemManage_Handler  stm32g4xx_it.o
    0x0800395e   0x0800395e   0x00000002   PAD
    0x08003960   0x08003960   0x00000002   Code   RO          169    .text.NMI_Handler   stm32g4xx_it.o
    0x08003962   0x08003962   0x00000002   PAD
    0x08003964   0x08003964   0x00000002   Code   RO          183    .text.PendSV_Handler  stm32g4xx_it.o
    0x08003966   0x08003966   0x00000002   PAD
    0x08003968   0x08003968   0x00000002   Code   RO          179    .text.SVC_Handler   stm32g4xx_it.o
    0x0800396a   0x0800396a   0x00000002   PAD
    0x0800396c   0x0800396c   0x00000004   Code   RO          185    .text.SysTick_Handler  stm32g4xx_it.o
    0x08003970   0x08003970   0x00000178   Code   RO         1097    .text.SystemClock_Config  foc_init.o
    0x08003ae8   0x08003ae8   0x00000012   Code   RO         1080    .text.SystemInit    system_stm32g4xx.o
    0x08003afa   0x08003afa   0x00000002   PAD
    0x08003afc   0x08003afc   0x0000007c   Code   RO         1164    .text.TIM3_IRQHandler  foc_sys.o
    0x08003b78   0x08003b78   0x0000002e   Code   RO         1166    .text.TIM8_CC_IRQHandler  foc_sys.o
    0x08003ba6   0x08003ba6   0x00000002   PAD
    0x08003ba8   0x08003ba8   0x000000bc   Code   RO          156    .text.USART3_IRQHandler  usart.o
    0x08003c64   0x08003c64   0x00000002   Code   RO          177    .text.UsageFault_Handler  stm32g4xx_it.o
    0x08003c66   0x08003c66   0x00000002   PAD
    0x08003c68   0x08003c68   0x00000204   Code   RO           41    .text.adc1_current_offset_calibrate  adc.o
    0x08003e6c   0x08003e6c   0x000000a0   Code   RO         1196    .text.angle_normalize_360  foc_conversion.o
    0x08003f0c   0x08003f0c   0x00000124   Code   RO         1260    .text.arm_sin_cos_f32  arm_cortexM4lf_math.lib(arm_sin_cos_f32.o)
    0x08004030   0x08004030   0x00000010   Code   RO          134    .text.bsp_pwm_set_duty_three_phase  tim.o
    0x08004040   0x08004040   0x00000072   Code   RO          136    .text.bsp_pwm_start  tim.o
    0x080040b2   0x080040b2   0x00000002   PAD
    0x080040b4   0x080040b4   0x00000072   Code   RO          138    .text.bsp_pwm_stop  tim.o
    0x08004126   0x08004126   0x00000002   PAD
    0x08004128   0x08004128   0x00000058   Code   RO         1206    .text.clark_transform  foc_conversion.o
    0x08004180   0x08004180   0x00000114   Code   RO          154    .text.debug_log     usart.o
    0x08004294   0x08004294   0x00000010   Code   RO         1198    .text.deg2rad       foc_conversion.o
    0x080042a4   0x080042a4   0x0000007c   Code   RO         1124    .text.encoder_init  foc_encoder.o
    0x08004320   0x08004320   0x0000005c   Code   RO         1132    .text.encoder_read_electrical_angle  foc_encoder.o
    0x0800437c   0x0800437c   0x000000dc   Code   RO         1130    .text.encoder_read_mechanical_angle  foc_encoder.o
    0x08004458   0x08004458   0x000001d8   Code   RO         1126    .text.encoder_read_reg_correct  foc_encoder.o
    0x08004630   0x08004630   0x0000005c   Code   RO         1111    .text.foc_control   foc_control.o
    0x0800468c   0x0800468c   0x0000004c   Code   RO         1238    .text.foc_control_set  foc_communication.o
    0x080046d8   0x080046d8   0x00000100   Code   RO         1113    .text.foc_current_in_control  foc_control.o
    0x080047d8   0x080047d8   0x0000002c   Code   RO         1151    .text.foc_current_pi_init  foc_setting.o
    0x08004804   0x08004804   0x00000002   Code   RO         1107    .text.foc_debug     foc_control.o
    0x08004806   0x08004806   0x00000002   PAD
    0x08004808   0x08004808   0x00000052   Code   RO         1214    .text.foc_id_pid_calculate  foc_conversion.o
    0x0800485a   0x0800485a   0x00000002   PAD
    0x0800485c   0x0800485c   0x00000052   Code   RO         1216    .text.foc_iq_pid_calculate  foc_conversion.o
    0x080048ae   0x080048ae   0x00000002   PAD
    0x080048b0   0x080048b0   0x0000001e   Code   RO         1155    .text.foc_position_pi_init  foc_setting.o
    0x080048ce   0x080048ce   0x00000002   PAD
    0x080048d0   0x080048d0   0x000000d0   Code   RO         1220    .text.foc_position_pid_calculate  foc_conversion.o
    0x080049a0   0x080049a0   0x00000016   Code   RO         1153    .text.foc_speed_pi_init  foc_setting.o
    0x080049b6   0x080049b6   0x00000002   PAD
    0x080049b8   0x080049b8   0x000000cc   Code   RO         1109    .text.foc_start_init  foc_control.o
    0x08004a84   0x08004a84   0x00000054   Code   RO           43    .text.get_foc_bus_voltage  adc.o
    0x08004ad8   0x08004ad8   0x0000000a   Code   RO         1249    .text.get_parsed_data  foc_prase.o
    0x08004ae2   0x08004ae2   0x00000002   PAD
    0x08004ae4   0x08004ae4   0x0000002a   Code   RO         1210    .text.inv_park_transform_f32  foc_conversion.o
    0x08004b0e   0x08004b0e   0x00000002   PAD
    0x08004b10   0x08004b10   0x000002b4   Code   RO           11    .text.main          main.o
    0x08004dc4   0x08004dc4   0x0000002a   Code   RO         1208    .text.park_transform  foc_conversion.o
    0x08004dee   0x08004dee   0x00000002   PAD
    0x08004df0   0x08004df0   0x0000016c   Code   RO         1247    .text.parse_received_data  foc_prase.o
    0x08004f5c   0x08004f5c   0x00000144   Code   RO         1202    .text.svpwm_calc_times  foc_conversion.o
    0x080050a0   0x080050a0   0x000000f8   Code   RO         1204    .text.svpwm_duty_calc  foc_conversion.o
    0x08005198   0x08005198   0x0000006c   Code   RO         1200    .text.svpwm_sector_calc  foc_conversion.o
    0x08005204   0x08005204   0x00000048   Code   RO           45    .text.update_Three_phase_voltage  adc.o
    0x0800524c   0x0800524c   0x00000004   PAD
    0x08005250   0x08005250   0x000000a8   Code   RO           47    .text.update_mosfet_temperature  adc.o
    0x080052f8   0x080052f8   0x00000034   Code   RO         1424    i.__0vsnprintf      mc_w.l(printfa.o)
    0x0800532c   0x0800532c   0x00000026   Code   RO         1470    i.__ARM_fpclassifyf  m_wm.l(fpclassifyf.o)
    0x08005352   0x08005352   0x00000006   PAD
    0x08005358   0x08005358   0x000003c4   Code   RO         1388    i.__hardfp_log      m_wm.l(log.o)
    0x0800571c   0x0800571c   0x00000190   Code   RO         1395    i.__hardfp_sinf     m_wm.l(sinf.o)
    0x080058ac   0x080058ac   0x00000020   Code   RO         1401    i.__hardfp_strtof   m_wm.l(strtof.o)
    0x080058cc   0x080058cc   0x000000f8   Code   RO         1486    i.__kernel_poly     m_wm.l(poly.o)
    0x080059c4   0x080059c4   0x00000004   PAD
    0x080059c8   0x080059c8   0x00000030   Code   RO         1456    i.__mathlib_dbl_divzero  m_wm.l(dunder.o)
    0x080059f8   0x080059f8   0x00000014   Code   RO         1457    i.__mathlib_dbl_infnan  m_wm.l(dunder.o)
    0x08005a0c   0x08005a0c   0x00000004   PAD
    0x08005a10   0x08005a10   0x00000020   Code   RO         1459    i.__mathlib_dbl_invalid  m_wm.l(dunder.o)
    0x08005a30   0x08005a30   0x00000006   Code   RO         1473    i.__mathlib_flt_infnan  m_wm.l(funder.o)
    0x08005a36   0x08005a36   0x00000002   PAD
    0x08005a38   0x08005a38   0x00000010   Code   RO         1475    i.__mathlib_flt_invalid  m_wm.l(funder.o)
    0x08005a48   0x08005a48   0x00000010   Code   RO         1478    i.__mathlib_flt_underflow  m_wm.l(funder.o)
    0x08005a58   0x08005a58   0x00000154   Code   RO         1489    i.__mathlib_rredf2  m_wm.l(rredf.o)
    0x08005bac   0x08005bac   0x0000000e   Code   RO         1575    i.__scatterload_copy  mc_w.l(handlers.o)
    0x08005bba   0x08005bba   0x00000002   Code   RO         1576    i.__scatterload_null  mc_w.l(handlers.o)
    0x08005bbc   0x08005bbc   0x0000000e   Code   RO         1577    i.__scatterload_zeroinit  mc_w.l(handlers.o)
    0x08005bca   0x08005bca   0x00000002   PAD
    0x08005bcc   0x08005bcc   0x0000000c   Code   RO         1530    i.__set_errno       mc_w.l(errno.o)
    0x08005bd8   0x08005bd8   0x00000184   Code   RO         1426    i._fp_digits        mc_w.l(printfa.o)
    0x08005d5c   0x08005d5c   0x0000000e   Code   RO         1564    i._is_digit         mc_w.l(scanf_fp.o)
    0x08005d6a   0x08005d6a   0x00000002   PAD
    0x08005d6c   0x08005d6c   0x000006dc   Code   RO         1427    i._printf_core      mc_w.l(printfa.o)
    0x08006448   0x08006448   0x00000024   Code   RO         1428    i._printf_post_padding  mc_w.l(printfa.o)
    0x0800646c   0x0800646c   0x0000002e   Code   RO         1429    i._printf_pre_padding  mc_w.l(printfa.o)
    0x0800649a   0x0800649a   0x00000016   Code   RO         1430    i._snputc           mc_w.l(printfa.o)
    0x080064b0   0x080064b0   0x00000038   Data   RO         1391    .constdata          m_wm.l(log.o)
    0x080064e8   0x080064e8   0x00000008   Data   RO         1488    .constdata          m_wm.l(qnan.o)
    0x080064f0   0x080064f0   0x00000020   Data   RO         1490    .constdata          m_wm.l(rredf.o)
    0x08006510   0x08006510   0x00000040   Data   RO         1569    .constdata          mc_w.l(ctype_c.o)
    0x08006550   0x08006550   0x00000010   Data   RO         1085    .rodata.AHBPrescTable  system_stm32g4xx.o
    0x08006560   0x08006560   0x00000008   Data   RO         1086    .rodata.APBPrescTable  system_stm32g4xx.o
    0x08006568   0x08006568   0x00000010   Data   RO          951    .rodata.cst16       stm32g4xx_hal_fdcan.o
    0x08006578   0x08006578   0x00000804   Data   RO         1381    .rodata.sinTable_f32  arm_cortexM4lf_math.lib(arm_common_tables.o)
    0x08006d7c   0x08006d7c   0x00000041   Data   RO           15    .rodata.str1.1      main.o
    0x08006dbd   0x08006dbd   0x00000025   Data   RO          100    .rodata.str1.1      fdcan.o
    0x08006de2   0x08006de2   0x00000002   PAD
    0x08006de4   0x08006de4   0x00000020   Data   RO         1574    Region$$Table       anon$$obj.o


    Execution Region RW_IRAM1 (Exec base: 0x20000000, Load base: 0x08006e08, Size: 0x000018a8, Max: 0x00008000, ABSOLUTE)

    Exec Addr    Load Addr    Size         Type   Attr      Idx    E Section Name        Object

    0x20000000   0x08006e08   0x00000004   Data   RW         1531    .data               mc_w.l(errno.o)
    0x20000004   0x08006e0c   0x00000006   Data   RW           49    .data..L_MergedGlobals  adc.o
    0x2000000a   0x08006e12   0x00000002   PAD
    0x2000000c   0x08006e14   0x00000008   Data   RW          373    .data..L_MergedGlobals  stm32g4xx_hal.o
    0x20000014   0x08006e1c   0x00000004   Data   RW         1084    .data.SystemCoreClock  system_stm32g4xx.o
    0x20000018   0x08006e20   0x0000001c   Data   RW           13    .data.motor_ctrl    main.o
    0x20000034   0x08006e3c   0x00000004   PAD
    0x20000038        -       0x00000034   Zero   RW          104    .bss..L_MergedGlobals  fdcan.o
    0x2000006c        -       0x00000041   Zero   RW          160    .bss..L_MergedGlobals  usart.o
    0x200000ad   0x08006e3c   0x00000003   PAD
    0x200000b0        -       0x0000003c   Zero   RW         1142    .bss..L_MergedGlobals  foc_encoder.o
    0x200000ec        -       0x0000001e   Zero   RW         1170    .bss..L_MergedGlobals  foc_sys.o
    0x2000010a   0x08006e3c   0x00000002   PAD
    0x2000010c        -       0x00000068   Zero   RW           50    .bss..L_MergedGlobals.31  adc.o
    0x20000174        -       0x00000018   Zero   RW         1228    .bss.alpha_beta     foc_conversion.o
    0x2000018c        -       0x00000200   Zero   RW          159    .bss.d_buffer       usart.o
    0x2000038c        -       0x00000004   Zero   RW         1240    .bss.data           foc_communication.o
    0x20000390        -       0x00000001   Zero   RW           14    .bss.enc_status     main.o
    0x20000391   0x08006e3c   0x00000003   PAD
    0x20000394        -       0x00000044   Zero   RW         1227    .bss.foc_ctrl       foc_conversion.o
    0x200003d8        -       0x00000200   Zero   RW          102    .bss.g_fdcan_parse_buffer  fdcan.o
    0x200005d8        -       0x00000d80   Zero   RW          101    .bss.g_fdcan_rx_queue  fdcan.o
    0x20001358        -       0x00000064   Zero   RW           99    .bss.hfdcan1        fdcan.o
    0x200013bc        -       0x0000002c   Zero   RW         1222    .bss.id_pid         foc_conversion.o
    0x200013e8        -       0x0000002c   Zero   RW         1223    .bss.iq_pid         foc_conversion.o
    0x20001414        -       0x00000020   Zero   RW         1251    .bss.parsed_data    foc_prase.o
    0x20001434        -       0x0000002c   Zero   RW         1225    .bss.position_pid   foc_conversion.o
    0x20001460        -       0x0000002c   Zero   RW         1224    .bss.speed_pid      foc_conversion.o
    0x2000148c        -       0x00000014   Zero   RW         1226    .bss.svpwm          foc_conversion.o
    0x200014a0        -       0x00000004   Zero   RW          372    .bss.uwTick         stm32g4xx_hal.o
    0x200014a4   0x08006e3c   0x00000004   PAD
    0x200014a8        -       0x00000400   Zero   RW            1    STACK               startup_stm32g431xx.o


==============================================================================

Image component sizes


      Code (inc. data)   RO Data    RW Data    ZI Data      Debug   Object Name

      2606        100          0          6        104      19491   adc.o
        32          0          0          0          0       1772   cordic.o
       234          0          0          0          0       5126   dac.o
       956         20         37          0       4120      12305   fdcan.o
        32          0          0          0          0       1766   fmac.o
        76          0          0          0          4        958   foc_communication.o
       554         64          0          0          0       2086   foc_control.o
      1400        108          0          0        288       8592   foc_conversion.o
       908        100          0          0         60      10477   foc_encoder.o
       442          0          0          0          0       4560   foc_init.o
       374         68          0          0         32       2237   foc_prase.o
        96          0          0          0          0        949   foc_setting.o
       180          0          0          0         30       2877   foc_sys.o
       340          0          0          0          0       3061   gpio.o
       692        154         65         28          1       5199   main.o
       482          0          0          0          0       3956   spi.o
        36          8        472          0       1024        844   startup_stm32g431xx.o
       188          0          0          8          4       8899   stm32g4xx_hal.o
       196          0          0          0          0      10397   stm32g4xx_hal_cortex.o
      1924          0         16          0          0      23083   stm32g4xx_hal_fdcan.o
       434          0          0          0          0       5222   stm32g4xx_hal_gpio.o
        52          0          0          0          0       1757   stm32g4xx_hal_msp.o
        18          0          0          0          0       9326   stm32g4xx_hal_pwr_ex.o
        32          0          0          0          0       3761   stm32g4xx_it.o
       270          0          0          0          0       7485   stm32g4xx_ll_adc.o
       166          0          0          0          0       3775   stm32g4xx_ll_dac.o
       132          8          0          0          0       5648   stm32g4xx_ll_dma.o
       222          0          0          0          0       4154   stm32g4xx_ll_gpio.o
       804          0          0          0          0      18368   stm32g4xx_ll_rcc.o
       140          0          0          0          0       5254   stm32g4xx_ll_spi.o
      1130          0          0          0          0      12438   stm32g4xx_ll_tim.o
       312         48          0          0          0       5286   stm32g4xx_ll_usart.o
        12          0          0          0          0      12097   stm32g4xx_ll_utils.o
        18          0         24          4          0       2751   system_stm32g4xx.o
       928          0          0          0          0      10912   tim.o
      1004         12          0          0        577      12536   usart.o

    ----------------------------------------------------------------------
     17528        694        648         48       6260     249405   Object Totals
         0          0         32          0          0          0   (incl. Generated)
       106          4          2          2         16          0   (incl. Padding)

    ----------------------------------------------------------------------

      Code (inc. data)   RO Data    RW Data    ZI Data      Debug   Library Member Name

         0          0       2052          0          0       6294   arm_common_tables.o
       292         16          0          0          0       1600   arm_sin_cos_f32.o
       100         28          0          0          0        372   dunder.o
        38          0          0          0          0        116   fpclassifyf.o
        38         12          0          0          0        348   funder.o
       964         92         56          0          0        316   log.o
       248          0          0          0          0        152   poly.o
         0          0          8          0          0          0   qnan.o
       340         24         32          0          0        160   rredf.o
       400         56          0          0          0        212   sinf.o
        32          6          0          0          0        124   strtof.o
        64          0          0          0          0         84   _sgetc.o
        40          6         64          0          0         68   ctype_c.o
         0          0          0          0          0          0   entry.o
         0          0          0          0          0          0   entry10a.o
         0          0          0          0          0          0   entry11a.o
         8          4          0          0          0          0   entry2.o
         4          0          0          0          0          0   entry5.o
         0          0          0          0          0          0   entry7b.o
         0          0          0          0          0          0   entry8b.o
         8          4          0          0          0          0   entry9a.o
        12          6          0          4          0         68   errno.o
        30          0          0          0          0          0   handlers.o
        48         10          0          0          0         68   init.o
        10          0          0          0          0         68   isspace_c.o
         0          0          0          0          0          0   iusefp.o
        30          0          0          0          0         68   llshl.o
        36          0          0          0          0         68   llsshr.o
        32          0          0          0          0         68   llushr.o
        36          0          0          0          0         68   memcpya.o
        36          0          0          0          0        108   memseta.o
      2300         86          0          0          0        516   printfa.o
       878         12          0          0          0        216   scanf_fp.o
        36          0          0          0          0         80   strstr.o
       168         12          0          0          0        124   strtod.o
         8          0          0          0          0         68   strtof.o
        44          0          0          0          0         80   uidiv.o
        98          0          0          0          0         92   uldiv.o
        48          0          0          0          0         68   cdcmple.o
        48          0          0          0          0         68   cdrcmple.o
        56          0          0          0          0         88   d2f.o
       334          0          0          0          0        148   dadd.o
       222          0          0          0          0        100   ddiv.o
       186          0          0          0          0        176   depilogue.o
        48          0          0          0          0         68   dfixul.o
        34          0          0          0          0         76   dflti.o
        24          0          0          0          0         76   dfltul.o
       228          0          0          0          0         96   dmul.o
        38          0          0          0          0         68   f2d.o
       110          0          0          0          0        168   fepilogue.o

    ----------------------------------------------------------------------
      7776        374       2212          4          0      12806   Library Totals
        22          0          0          0          0          0   (incl. Padding)

    ----------------------------------------------------------------------

      Code (inc. data)   RO Data    RW Data    ZI Data      Debug   Library Name

       292         16       2052          0          0       7894   arm_cortexM4lf_math.lib
      2160        218         96          0          0       1800   m_wm.l
      3926        140         64          4          0       1912   mc_w.l
      1376          0          0          0          0       1200   mf_w.l

    ----------------------------------------------------------------------
      7776        374       2212          4          0      12806   Library Totals

    ----------------------------------------------------------------------

==============================================================================


      Code (inc. data)   RO Data    RW Data    ZI Data      Debug   

     25304       1068       2860         52       6260     258971   Grand Totals
     25304       1068       2860         52       6260     258971   ELF Image Totals
     25304       1068       2860         52          0          0   ROM Totals

==============================================================================

    Total RO  Size (Code + RO Data)                28164 (  27.50kB)
    Total RW  Size (RW Data + ZI Data)              6312 (   6.16kB)
    Total ROM Size (Code + RO Data + RW Data)      28216 (  27.55kB)

==============================================================================

